Archive member included to satisfy reference by file (symbol)

C:/nxp/MCUXpressoIDE_11.10.0_3148/ide/plugins/com.nxp.mcuxpresso.tools.win32_11.10.0.202311280810/tools/bin/../lib/gcc/arm-none-eabi/13.2.1/../../../../arm-none-eabi/lib/thumb/v7e-m+fp/hard\libcr_nohost_nf.a(_cr__main.o)
                              ./startup/startup_mimxrt1062.o (__main)
C:/nxp/MCUXpressoIDE_11.10.0_3148/ide/plugins/com.nxp.mcuxpresso.tools.win32_11.10.0.202311280810/tools/bin/../lib/gcc/arm-none-eabi/13.2.1/../../../../arm-none-eabi/lib/thumb/v7e-m+fp/hard\libcr_c.a(memcpy.o)
                              ./utilities/fsl_str.o (memcpy)
C:/nxp/MCUXpressoIDE_11.10.0_3148/ide/plugins/com.nxp.mcuxpresso.tools.win32_11.10.0.202311280810/tools/bin/../lib/gcc/arm-none-eabi/13.2.1/../../../../arm-none-eabi/lib/thumb/v7e-m+fp/hard\libcr_c.a(memset.o)
                              ./utilities/fsl_debug_console.o (memset)
C:/nxp/MCUXpressoIDE_11.10.0_3148/ide/plugins/com.nxp.mcuxpresso.tools.win32_11.10.0.202311280810/tools/bin/../lib/gcc/arm-none-eabi/13.2.1/../../../../arm-none-eabi/lib/thumb/v7e-m+fp/hard\libcr_c.a(alloc.o)
                              ./drivers/fsl_common.o (malloc)
C:/nxp/MCUXpressoIDE_11.10.0_3148/ide/plugins/com.nxp.mcuxpresso.tools.win32_11.10.0.202311280810/tools/bin/../lib/gcc/arm-none-eabi/13.2.1/../../../../arm-none-eabi/lib/thumb/v7e-m+fp/hard\libcr_c.a(errno.o)
                              ./utilities/fsl_str.o (errno)
C:/nxp/MCUXpressoIDE_11.10.0_3148/ide/plugins/com.nxp.mcuxpresso.tools.win32_11.10.0.202311280810/tools/bin/../lib/gcc/arm-none-eabi/13.2.1/../../../../arm-none-eabi/lib/thumb/v7e-m+fp/hard\libcr_c.a(initio.o)
                              C:/nxp/MCUXpressoIDE_11.10.0_3148/ide/plugins/com.nxp.mcuxpresso.tools.win32_11.10.0.202311280810/tools/bin/../lib/gcc/arm-none-eabi/13.2.1/../../../../arm-none-eabi/lib/thumb/v7e-m+fp/hard\libcr_nohost_nf.a(_cr__main.o) (_initio)
C:/nxp/MCUXpressoIDE_11.10.0_3148/ide/plugins/com.nxp.mcuxpresso.tools.win32_11.10.0.202311280810/tools/bin/../lib/gcc/arm-none-eabi/13.2.1/../../../../arm-none-eabi/lib/thumb/v7e-m+fp/hard\libcr_c.a(scanf.o)
                              ./utilities/fsl_str.o (strtoul)
C:/nxp/MCUXpressoIDE_11.10.0_3148/ide/plugins/com.nxp.mcuxpresso.tools.win32_11.10.0.202311280810/tools/bin/../lib/gcc/arm-none-eabi/13.2.1/../../../../arm-none-eabi/lib/thumb/v7e-m+fp/hard\libcr_c.a(setvbuf.o)
                              C:/nxp/MCUXpressoIDE_11.10.0_3148/ide/plugins/com.nxp.mcuxpresso.tools.win32_11.10.0.202311280810/tools/bin/../lib/gcc/arm-none-eabi/13.2.1/../../../../arm-none-eabi/lib/thumb/v7e-m+fp/hard\libcr_c.a(initio.o) (setvbuf)
C:/nxp/MCUXpressoIDE_11.10.0_3148/ide/plugins/com.nxp.mcuxpresso.tools.win32_11.10.0.202311280810/tools/bin/../lib/gcc/arm-none-eabi/13.2.1/../../../../arm-none-eabi/lib/thumb/v7e-m+fp/hard\libcr_c.a(strlen.o)
                              ./utilities/fsl_str.o (strlen)
C:/nxp/MCUXpressoIDE_11.10.0_3148/ide/plugins/com.nxp.mcuxpresso.tools.win32_11.10.0.202311280810/tools/bin/../lib/gcc/arm-none-eabi/13.2.1/../../../../arm-none-eabi/lib/thumb/v7e-m+fp/hard\libcr_c.a(ungetc.o)
                              C:/nxp/MCUXpressoIDE_11.10.0_3148/ide/plugins/com.nxp.mcuxpresso.tools.win32_11.10.0.202311280810/tools/bin/../lib/gcc/arm-none-eabi/13.2.1/../../../../arm-none-eabi/lib/thumb/v7e-m+fp/hard\libcr_c.a(scanf.o) (ungetc)
C:/nxp/MCUXpressoIDE_11.10.0_3148/ide/plugins/com.nxp.mcuxpresso.tools.win32_11.10.0.202311280810/tools/bin/../lib/gcc/arm-none-eabi/13.2.1/../../../../arm-none-eabi/lib/thumb/v7e-m+fp/hard\libcr_c.a(__fillbuf.o)
                              C:/nxp/MCUXpressoIDE_11.10.0_3148/ide/plugins/com.nxp.mcuxpresso.tools.win32_11.10.0.202311280810/tools/bin/../lib/gcc/arm-none-eabi/13.2.1/../../../../arm-none-eabi/lib/thumb/v7e-m+fp/hard\libcr_c.a(scanf.o) (__filbuf)
C:/nxp/MCUXpressoIDE_11.10.0_3148/ide/plugins/com.nxp.mcuxpresso.tools.win32_11.10.0.202311280810/tools/bin/../lib/gcc/arm-none-eabi/13.2.1/../../../../arm-none-eabi/lib/thumb/v7e-m+fp/hard\libcr_c.a(__init_alloc.o)
                              C:/nxp/MCUXpressoIDE_11.10.0_3148/ide/plugins/com.nxp.mcuxpresso.tools.win32_11.10.0.202311280810/tools/bin/../lib/gcc/arm-none-eabi/13.2.1/../../../../arm-none-eabi/lib/thumb/v7e-m+fp/hard\libcr_c.a(alloc.o) (__heaps)
C:/nxp/MCUXpressoIDE_11.10.0_3148/ide/plugins/com.nxp.mcuxpresso.tools.win32_11.10.0.202311280810/tools/bin/../lib/gcc/arm-none-eabi/13.2.1/../../../../arm-none-eabi/lib/thumb/v7e-m+fp/hard\libcr_c.a(_cr_sbrk.o)
                              C:/nxp/MCUXpressoIDE_11.10.0_3148/ide/plugins/com.nxp.mcuxpresso.tools.win32_11.10.0.202311280810/tools/bin/../lib/gcc/arm-none-eabi/13.2.1/../../../../arm-none-eabi/lib/thumb/v7e-m+fp/hard\libcr_c.a(alloc.o) (_sbrk)
C:/nxp/MCUXpressoIDE_11.10.0_3148/ide/plugins/com.nxp.mcuxpresso.tools.win32_11.10.0.202311280810/tools/bin/../lib/gcc/arm-none-eabi/13.2.1/../../../../arm-none-eabi/lib/thumb/v7e-m+fp/hard\libcr_c.a(_deferredlazyseek.o)
[...]
Memory Configuration

Name             Origin             Length             Attributes
BOARD_FLASH      0x60000000         0x00800000         xr
SRAM_DTC         0x20000000         0x00020000         xrw
SRAM_ITC         0x00000000         0x00020000         xrw
SRAM_OC2         0x20200000         0x00080000         xrw
SRAM_OC          0x20280000         0x00040000         xrw
BOARD_SDRAM      0x80000000         0x01e00000         xrw
NCACHE_REGION    0x81e00000         0x00200000         xrw
*default*        0x00000000         0xffffffff

Linker script and memory map

LOAD ./xip/evkbmimxrt1060_flexspi_nor_config.o
LOAD ./xip/fsl_flexspi_nor_boot.o
LOAD ./utilities/fsl_assert.o
LOAD ./utilities/fsl_debug_console.o
LOAD ./utilities/fsl_str.o
LOAD ./startup/startup_mimxrt1062.o
LOAD ./source/Try2.o
LOAD ./source/semihost_hardfault.o
LOAD ./drivers/fsl_clock.o
LOAD ./drivers/fsl_common.o
LOAD ./drivers/fsl_common_arm.o
LOAD ./drivers/fsl_gpio.o
LOAD ./drivers/fsl_lpuart.o
LOAD ./device/system_MIMXRT1062.o
LOAD ./component/uart/fsl_adapter_lpuart.o
LOAD ./component/serial_manager/fsl_component_serial_manager.o
LOAD ./component/serial_manager/fsl_component_serial_port_uart.o
LOAD ./component/lists/fsl_component_generic_list.o
LOAD ./board/board.o
LOAD ./board/clock_config.o
LOAD ./board/dcd.o
LOAD ./board/peripherals.o
LOAD ./board/pin_mux.o
START GROUP
LOAD C:/nxp/MCUXpressoIDE_11.10.0_3148/ide/plugins/com.nxp.mcuxpresso.tools.win32_11.10.0.202311280810/tools/bin/../lib/gcc/arm-none-eabi/13.2.1/../../../../arm-none-eabi/lib/thumb/v7e-m+fp/hard\libcr_nohost_nf.a
LOAD C:/nxp/MCUXpressoIDE_11.10.0_3148/ide/plugins/com.nxp.mcuxpresso.tools.win32_11.10.0.202311280810/tools/bin/../lib/gcc/arm-none-eabi/13.2.1/../../../../arm-none-eabi/lib/thumb/v7e-m+fp/hard\libcr_c.a
LOAD C:/nxp/MCUXpressoIDE_11.10.0_3148/ide/plugins/com.nxp.mcuxpresso.tools.win32_11.10.0.202311280810/tools/bin/../lib/gcc/arm-none-eabi/13.2.1/thumb/v7e-m+fp/hard\libcr_eabihelpers.a
LOAD C:/nxp/MCUXpressoIDE_11.10.0_3148/ide/plugins/com.nxp.mcuxpresso.tools.win32_11.10.0.202311280810/tools/bin/../lib/gcc/arm-none-eabi/13.2.1/thumb/v7e-m+fp/hard\libgcc.a
END GROUP
                0x60000000                        __base_BOARD_FLASH = 0x60000000
                0x60000000                        __base_Flash = 0x60000000
                0x60800000                        __top_BOARD_FLASH = 0x60800000
                0x60800000                        __top_Flash = 0x60800000
                0x20000000                        __base_SRAM_DTC = 0x20000000
                0x20000000                        __base_RAM = 0x20000000
                0x20020000                        __top_SRAM_DTC = 0x20020000
                0x20020000                        __top_RAM = 0x20020000
                0x00000000                        __base_SRAM_ITC = 0x0
                0x00000000                        __base_RAM2 = 0x0
                0x00020000                        __top_SRAM_ITC = 0x20000
                0x00020000                        __top_RAM2 = 0x20000
                0x20200000                        __base_SRAM_OC2 = 0x20200000
                0x20200000                        __base_RAM3 = 0x20200000
                0x20280000                        __top_SRAM_OC2 = 0x20280000
                0x20280000                        __top_RAM3 = 0x20280000
                0x20280000                        __base_SRAM_OC = 0x20280000
                0x20280000                        __base_RAM4 = 0x20280000
                0x202c0000                        __top_SRAM_OC = 0x202c0000
                0x202c0000                        __top_RAM4 = 0x202c0000
                0x80000000                        __base_BOARD_SDRAM = 0x80000000
                0x80000000                        __base_RAM5 = 0x80000000
                0x81e00000                        __top_BOARD_SDRAM = 0x81e00000
                0x81e00000                        __top_RAM5 = 0x81e00000
                0x81e00000                        __base_NCACHE_REGION = 0x81e00000
                0x81e00000                        __base_RAM6 = 0x81e00000
                0x82000000                        __top_NCACHE_REGION = 0x82000000
                0x82000000                        __top_RAM6 = 0x82000000

.boot_hdr       0x60000000     0x2000
 FILL mask 0xff
                0x60000000                        __boot_hdr_start__ = ABSOLUTE (.)
 *(SORT_BY_ALIGNMENT(.boot_hdr.conf))
 .boot_hdr.conf
                0x60000000      0x200 ./xip/evkbmimxrt1060_flexspi_nor_config.o
                0x60000000                qspiflash_config
                0x00001000                        . = 0x1000
 *fill*         0x60000200      0xe00 ff
 *(SORT_BY_ALIGNMENT(.boot_hdr.ivt))
 .boot_hdr.ivt  0x60001000       0x20 ./xip/fsl_flexspi_nor_boot.o
                0x60001000                image_vector_table
                0x00001020                        . = 0x1020
 *(SORT_BY_ALIGNMENT(.boot_hdr.boot_data))
 .boot_hdr.boot_data
                0x60001020       0x10 ./xip/fsl_flexspi_nor_boot.o
                0x60001020                g_boot_data
                0x00001030                        . = 0x1030
 *(SORT_BY_ALIGNMENT(.boot_hdr.dcd_data))
                0x60001030                        __boot_hdr_end__ = ABSOLUTE (.)
                0x00002000                        . = 0x2000
 *fill*         0x60001030      0xfd0 ff

.text           0x60002000     0x4848
 FILL mask 0xff
                0x60002000                        __vectors_start__ = ABSOLUTE (.)
 *(SORT_BY_ALIGNMENT(.isr_vector))
 .isr_vector    0x60002000      0x2b8 ./startup/startup_mimxrt1062.o
                0x60002000                g_pfnVectors
                0x60002000                __Vectors
                0x600022b8                        . = ALIGN (0x4)
                0x600022b8                        __section_table_start = .
                0x600022b8                        __data_section_table = .
                0x600022b8        0x4 LONG 0x60006848 LOADADDR (.data)
                0x600022bc        0x4 LONG 0x20000000 ADDR (.data)
                0x600022c0        0x4 LONG 0x4 SIZEOF (.data)
                0x600022c4        0x4 LONG 0x60006848 LOADADDR (.data_RAM2)
                0x600022c8        0x4 LONG 0x0 ADDR (.data_RAM2)
                0x600022cc        0x4 LONG 0x0 SIZEOF (.data_RAM2)
                0x600022d0        0x4 LONG 0x60006848 LOADADDR (.data_RAM3)
                0x600022d4        0x4 LONG 0x20200000 ADDR (.data_RAM3)
                0x600022d8        0x4 LONG 0x0 SIZEOF (.data_RAM3)
                0x600022dc        0x4 LONG 0x60006848 LOADADDR (.data_RAM4)
                0x600022e0        0x4 LONG 0x20280000 ADDR (.data_RAM4)
                0x600022e4        0x4 LONG 0x0 SIZEOF (.data_RAM4)
                0x600022e8        0x4 LONG 0x60006848 LOADADDR (.data_RAM5)
                0x600022ec        0x4 LONG 0x80000000 ADDR (.data_RAM5)
                0x600022f0        0x4 LONG 0x0 SIZEOF (.data_RAM5)
                0x600022f4        0x4 LONG 0x60006848 LOADADDR (.data_RAM6)
                0x600022f8        0x4 LONG 0x81e00000 ADDR (.data_RAM6)
                0x600022fc        0x4 LONG 0x0 SIZEOF (.data_RAM6)
                0x60002300                        __data_section_table_end = .
                0x60002300                        __bss_section_table = .
                0x60002300        0x4 LONG 0x20000004 ADDR (.bss)
                0x60002304        0x4 LONG 0x130 SIZEOF (.bss)
                0x60002308        0x4 LONG 0x0 ADDR (.bss_RAM2)
                0x6000230c        0x4 LONG 0x0 SIZEOF (.bss_RAM2)
                0x60002310        0x4 LONG 0x20200000 ADDR (.bss_RAM3)
                0x60002314        0x4 LONG 0x0 SIZEOF (.bss_RAM3)
                0x60002318        0x4 LONG 0x20280000 ADDR (.bss_RAM4)
                0x6000231c        0x4 LONG 0x0 SIZEOF (.bss_RAM4)
                0x60002320        0x4 LONG 0x80000000 ADDR (.bss_RAM5)
                0x60002324        0x4 LONG 0x0 SIZEOF (.bss_RAM5)
                0x60002328        0x4 LONG 0x81e00000 ADDR (.bss_RAM6)
                0x6000232c        0x4 LONG 0x0 SIZEOF (.bss_RAM6)
                0x60002330                        __bss_section_table_end = .
                0x60002330                        __section_table_end = .
 *(SORT_BY_ALIGNMENT(.after_vectors*))
 .after_vectors.reset
                0x60002330       0x54 ./startup/startup_mimxrt1062.o
                0x60002330                ResetISR
 .after_vectors.init_data
                0x60002384       0x1e ./startup/startup_mimxrt1062.o
                0x60002384                data_init
 .after_vectors.init_bss
                0x600023a2       0x12 ./startup/startup_mimxrt1062.o
                0x600023a2                bss_init
 .after_vectors
                0x600023b4       0x14 ./startup/startup_mimxrt1062.o
                0x600023b4                NMI_Handler
                0x600023b8                MemManage_Handler
                0x600023ba                BusFault_Handler
                0x600023bc                UsageFault_Handler
                0x600023be                SVC_Handler
                0x600023c0                DebugMon_Handler
                0x600023c2                PendSV_Handler
                0x600023c4                SysTick_Handler
                0x600023c6                PIT_DriverIRQHandler
                0x600023c6                PMU_EVENT_DriverIRQHandler
                0x600023c6                PWM4_FAULT_DriverIRQHandler
                0x600023c6                DMA13_DMA29_DriverIRQHandler
                0x600023c6                SAI3_RX_DriverIRQHandler
                0x600023c6                LPSPI4_DriverIRQHandler
                0x600023c6                SEMC_DriverIRQHandler
                0x600023c6                SPDIF_DriverIRQHandler
                0x600023c6                CCM_2_DriverIRQHandler
                0x600023c6                PWM4_3_DriverIRQHandler
                0x600023c6                ENET2_DriverIRQHandler
                0x600023c6                FLEXRAM_DriverIRQHandler
                0x600023c6                LCDIF_DriverIRQHandler
                0x600023c6                USB_PHY1_DriverIRQHandler
                0x600023c6                GPIO3_Combined_0_15_DriverIRQHandler
                0x600023c6                CAN3_DriverIRQHandler
                0x600023c6                Reserved171_DriverIRQHandler
                0x600023c6                DMA7_DMA23_DriverIRQHandler
                0x600023c6                BEE_DriverIRQHandler
                0x600023c6                LPI2C3_DriverIRQHandler
                0x600023c6                GPR_IRQ_DriverIRQHandler
                0x600023c6                PWM2_FAULT_DriverIRQHandler
                0x600023c6                PWM3_1_DriverIRQHandler
                0x600023c6                DMA14_DMA30_DriverIRQHandler
                0x600023c6                TMR1_DriverIRQHandler
                0x600023c6                TRNG_DriverIRQHandler
                0x600023c6                PWM3_2_DriverIRQHandler
                0x600023c6                ENET_1588_Timer_DriverIRQHandler
                0x600023c6                FLEXIO2_DriverIRQHandler
                0x600023c6                GPIO2_Combined_16_31_DriverIRQHandler
                0x600023c6                Reserved143_DriverIRQHandler
                0x600023c6                LPSPI2_DriverIRQHandler
                0x600023c6                PWM4_1_DriverIRQHandler
                0x600023c6                PWM3_3_DriverIRQHandler
                0x600023c6                DMA0_DMA16_DriverIRQHandler
                0x600023c6                IntDefaultHandler
                0x600023c6                DMA2_DMA18_DriverIRQHandler
                0x600023c6                SRC_DriverIRQHandler
                0x600023c6                GPIO1_INT4_DriverIRQHandler
                0x600023c6                Reserved144_DriverIRQHandler
                0x600023c6                USDHC1_DriverIRQHandler
                0x600023c6                ENC3_DriverIRQHandler
                0x600023c6                PWM3_FAULT_DriverIRQHandler
                0x600023c6                EWM_DriverIRQHandler
                0x600023c6                FLEXSPI2_DriverIRQHandler
                0x600023c6                WDOG1_DriverIRQHandler
                0x600023c6                FLEXIO1_DriverIRQHandler
                0x600023c6                ENET_DriverIRQHandler
                0x600023c6                Reserved78_DriverIRQHandler
                0x600023c6                TMR4_DriverIRQHandler
                0x600023c6                ENC2_DriverIRQHandler
                0x600023c6                ADC_ETC_IRQ2_DriverIRQHandler
                0x600023c6                GPIO1_Combined_16_31_DriverIRQHandler
                0x600023c6                GPIO1_INT7_DriverIRQHandler
                0x600023c6                SAI1_DriverIRQHandler
                0x600023c6                DCDC_DriverIRQHandler
                0x600023c6                DMA12_DMA28_DriverIRQHandler
                0x600023c6                PWM4_0_DriverIRQHandler
                0x600023c6                ADC_ETC_ERROR_IRQ_DriverIRQHandler
                0x600023c6                ACMP2_DriverIRQHandler
                0x600023c6                GPIO5_Combined_0_15_DriverIRQHandler
                0x600023c6                GPIO1_INT0_DriverIRQHandler
                0x600023c6                GPIO1_INT2_DriverIRQHandler
                0x600023c6                RTWDOG_DriverIRQHandler
                0x600023c6                FLEXSPI_DriverIRQHandler
                0x600023c6                GPT2_DriverIRQHandler
                0x600023c6                USB_PHY2_DriverIRQHandler
                0x600023c6                DMA10_DMA26_DriverIRQHandler
                0x600023c6                PWM2_1_DriverIRQHandler
                0x600023c6                PWM1_1_DriverIRQHandler
                0x600023c6                PXP_DriverIRQHandler
                0x600023c6                ADC1_DriverIRQHandler
                0x600023c6                GPIO10_Combined_0_31_DriverIRQHandler
                0x600023c6                PWM1_0_DriverIRQHandler
                0x600023c6                SJC_DriverIRQHandler
                0x600023c6                DMA1_DMA17_DriverIRQHandler
                0x600023c6                ENC1_DriverIRQHandler
                0x600023c6                ENC4_DriverIRQHandler
                0x600023c6                CAN2_DriverIRQHandler
                0x600023c6                DCP_DriverIRQHandler
                0x600023c6                CTI0_ERROR_DriverIRQHandler
                0x600023c6                DMA8_DMA24_DriverIRQHandler
                0x600023c6                GPT1_DriverIRQHandler
                0x600023c6                ACMP3_DriverIRQHandler
                0x600023c6                DMA6_DMA22_DriverIRQHandler
                0x600023c6                CSU_DriverIRQHandler
                0x600023c6                GPIO1_INT5_DriverIRQHandler
                0x600023c6                TMR3_DriverIRQHandler
                0x600023c6                TMR2_DriverIRQHandler
                0x600023c6                CTI1_ERROR_DriverIRQHandler
                0x600023c6                GPIO1_Combined_0_15_DriverIRQHandler
                0x600023c6                USDHC2_DriverIRQHandler
                0x600023c6                PWM4_2_DriverIRQHandler
                0x600023c6                KPP_DriverIRQHandler
                0x600023c6                SAI2_DriverIRQHandler
                0x600023c6                CORE_DriverIRQHandler
                0x600023c6                TSC_DIG_DriverIRQHandler
                0x600023c6                DMA11_DMA27_DriverIRQHandler
                0x600023c6                CSI_DriverIRQHandler
                0x600023c6                PWM2_3_DriverIRQHandler
                0x600023c6                XBAR1_IRQ_2_3_DriverIRQHandler
                0x600023c6                SNVS_HP_WRAPPER_TZ_DriverIRQHandler
                0x600023c6                GPIO3_Combined_16_31_DriverIRQHandler
                0x600023c6                PWM1_FAULT_DriverIRQHandler
                0x600023c6                LPI2C1_DriverIRQHandler
                0x600023c6                ENET2_1588_Timer_DriverIRQHandler
                0x600023c6                PWM2_2_DriverIRQHandler
                0x600023c6                DMA4_DMA20_DriverIRQHandler
                0x600023c6                DMA9_DMA25_DriverIRQHandler
                0x600023c6                SNVS_HP_WRAPPER_DriverIRQHandler
                0x600023c6                XBAR1_IRQ_0_1_DriverIRQHandler
                0x600023c6                ADC_ETC_IRQ1_DriverIRQHandler
                0x600023c6                LPSPI1_DriverIRQHandler
                0x600023c6                DMA3_DMA19_DriverIRQHandler
                0x600023c6                GPIO1_INT3_DriverIRQHandler
                0x600023c6                DCP_VMI_DriverIRQHandler
                0x600023c6                LPI2C4_DriverIRQHandler
                0x600023c6                GPC_DriverIRQHandler
                0x600023c6                GPIO2_Combined_0_15_DriverIRQHandler
                0x600023c6                PWM1_2_DriverIRQHandler
                0x600023c6                USB_OTG1_DriverIRQHandler
                0x600023c6                TEMP_LOW_HIGH_DriverIRQHandler
                0x600023c6                SAI3_TX_DriverIRQHandler
                0x600023c6                FLEXIO3_DriverIRQHandler
                0x600023c6                WDOG2_DriverIRQHandler
                0x600023c6                Reserved68_DriverIRQHandler
                0x600023c6                PWM3_0_DriverIRQHandler
                0x600023c6                GPIO4_Combined_0_15_DriverIRQHandler
                0x600023c6                GPIO4_Combined_16_31_DriverIRQHandler
                0x600023c6                GPIO6_7_8_9_DriverIRQHandler
                0x600023c6                GPIO5_Combined_16_31_DriverIRQHandler
                0x600023c6                DMA5_DMA21_DriverIRQHandler
                0x600023c6                CCM_1_DriverIRQHandler
                0x600023c6                ADC2_DriverIRQHandler
                0x600023c6                Reserved115_DriverIRQHandler
                0x600023c6                TEMP_PANIC_DriverIRQHandler
                0x600023c6                ACMP4_DriverIRQHandler
                0x600023c6                DMA15_DMA31_DriverIRQHandler
                0x600023c6                LPSPI3_DriverIRQHandler
                0x600023c6                PWM1_3_DriverIRQHandler
                0x600023c6                ACMP1_DriverIRQHandler
                0x600023c6                LPI2C2_DriverIRQHandler
                0x600023c6                Reserved86_DriverIRQHandler
                0x600023c6                DMA_ERROR_DriverIRQHandler
                0x600023c6                ADC_ETC_IRQ0_DriverIRQHandler
                0x600023c6                CAN1_DriverIRQHandler
                0x600023c6                GPIO1_INT6_DriverIRQHandler
                0x600023c6                GPIO1_INT1_DriverIRQHandler
                0x600023c6                PWM2_0_DriverIRQHandler
                0x600023c6                SNVS_LP_WRAPPER_DriverIRQHandler
                0x600023c6                USB_OTG2_DriverIRQHandler
 *(SORT_BY_ALIGNMENT(.text*))
 .text.__assertion_failed
                0x600023c8       0x2c ./utilities/fsl_assert.o
                0x600023c8                __assertion_failed
 .text.DbgConsole_SendDataReliable
                0x600023f4       0x54 ./utilities/fsl_debug_console.o
                0x600023f4                DbgConsole_SendDataReliable
 .text.DbgConsole_Init
                0x60002448      0x138 ./utilities/fsl_debug_console.o
                0x60002448                DbgConsole_Init
 .text.DbgConsole_Vprintf
                0x60002580       0x68 ./utilities/fsl_debug_console.o
                0x60002580                DbgConsole_Vprintf
 .text.GPIO_PinRead
                0x600025e8       0x30 ./source/Try2.o
 .text.GPIO_Init
                0x60002618       0x4c ./source/Try2.o
                0x60002618                GPIO_Init
 .text.AM2120_StartSignal
                0x60002664       0x68 ./source/Try2.o
                0x60002664                AM2120_StartSignal
 .text.AM2120_ReadBit
                0x600026cc       0x34 ./source/Try2.o
                0x600026cc                AM2120_ReadBit
 .text.AM2120_ReadData
                0x60002700      0x124 ./source/Try2.o
                0x60002700                AM2120_ReadData
 .text.main     0x60002824       0x48 ./source/Try2.o
                0x60002824                main
 .text.CLOCK_GetOscFreq
                0x6000286c       0x30 ./drivers/fsl_clock.o
 .text.CLOCK_InitExternalClk
                0x6000289c       0x6c ./drivers/fsl_clock.o
                0x6000289c                CLOCK_InitExternalClk
 .text.CLOCK_SwitchOsc
                0x60002908       0x34 ./drivers/fsl_clock.o
                0x60002908                CLOCK_SwitchOsc
 .text.CLOCK_InitRcOsc24M
                0x6000293c       0x24 ./drivers/fsl_clock.o
                0x6000293c                CLOCK_InitRcOsc24M
 .text.CLOCK_InitArmPll
                0x60002960       0x68 ./drivers/fsl_clock.o
                0x60002960                CLOCK_InitArmPll
 .text.CLOCK_InitSysPll
                0x600029c8       0x9c ./drivers/fsl_clock.o
                0x600029c8                CLOCK_InitSysPll
 .text.CLOCK_DeinitUsb2Pll
                0x60002a64       0x18 ./drivers/fsl_clock.o
                0x60002a64                CLOCK_DeinitUsb2Pll
 .text.CLOCK_DeinitAudioPll
                0x60002a7c       0x1c ./drivers/fsl_clock.o
                0x60002a7c                CLOCK_DeinitAudioPll
 .text.CLOCK_DeinitEnetPll
                0x60002a98       0x1c ./drivers/fsl_clock.o
                0x60002a98                CLOCK_DeinitEnetPll
 .text.CLOCK_GetPllFreq
                0x60002ab4      0x434 ./drivers/fsl_clock.o
                0x60002ab4                CLOCK_GetPllFreq
 .text.CLOCK_InitSysPfd
                0x60002ee8       0x64 ./drivers/fsl_clock.o
                0x60002ee8                CLOCK_InitSysPfd
 .text.SDK_DelayAtLeastUs
                0x60002f4c       0x94 ./drivers/fsl_common_arm.o
                0x60002f4c                SDK_DelayAtLeastUs
 .text.CLOCK_ControlGate
                0x60002fe0       0x60 ./drivers/fsl_gpio.o
 .text.GPIO_GetInstance
                0x60003040       0x4c ./drivers/fsl_gpio.o
 .text.GPIO_PinInit
                0x6000308c       0xa4 ./drivers/fsl_gpio.o
                0x6000308c                GPIO_PinInit
 .text.GPIO_PinWrite
                0x60003130       0x48 ./drivers/fsl_gpio.o
                0x60003130                GPIO_PinWrite
 .text.GPIO_PinSetInterruptConfig
                0x60003178       0xfc ./drivers/fsl_gpio.o
                0x60003178                GPIO_PinSetInterruptConfig
 .text.CLOCK_ControlGate
                0x60003274       0x60 ./drivers/fsl_lpuart.o
 .text.LPUART_GetInstance
                0x600032d4       0x4c ./drivers/fsl_lpuart.o
                0x600032d4                LPUART_GetInstance
 .text.LPUART_Init
                0x60003320      0x30c ./drivers/fsl_lpuart.o
                0x60003320                LPUART_Init
 .text.LPUART_GetDefaultConfig
                0x6000362c       0x88 ./drivers/fsl_lpuart.o
                0x6000362c                LPUART_GetDefaultConfig
 .text.LPUART_WriteBlocking
                0x600036b4       0x68 ./drivers/fsl_lpuart.o
                0x600036b4                LPUART_WriteBlocking
 .text.LPUART1_DriverIRQHandler
                0x6000371c       0x28 ./drivers/fsl_lpuart.o
                0x6000371c                LPUART1_DriverIRQHandler
 .text.LPUART2_DriverIRQHandler
                0x60003744       0x28 ./drivers/fsl_lpuart.o
                0x60003744                LPUART2_DriverIRQHandler
 .text.LPUART3_DriverIRQHandler
                0x6000376c       0x28 ./drivers/fsl_lpuart.o
                0x6000376c                LPUART3_DriverIRQHandler
 .text.LPUART4_DriverIRQHandler
                0x60003794       0x28 ./drivers/fsl_lpuart.o
                0x60003794                LPUART4_DriverIRQHandler
 .text.LPUART5_DriverIRQHandler
                0x600037bc       0x28 ./drivers/fsl_lpuart.o
                0x600037bc                LPUART5_DriverIRQHandler
 .text.LPUART6_DriverIRQHandler
                0x600037e4       0x28 ./drivers/fsl_lpuart.o
                0x600037e4                LPUART6_DriverIRQHandler
 .text.LPUART7_DriverIRQHandler
                0x6000380c       0x28 ./drivers/fsl_lpuart.o
                0x6000380c                LPUART7_DriverIRQHandler
 .text.LPUART8_DriverIRQHandler
                0x60003834       0x28 ./drivers/fsl_lpuart.o
                0x60003834                LPUART8_DriverIRQHandler
 .text.SystemInit
                0x6000385c      0x144 ./device/system_MIMXRT1062.o
                0x6000385c                SystemInit
 .text.HAL_UartInitCommon
                0x600039a0       0xe0 ./component/uart/fsl_adapter_lpuart.o
 .text.HAL_UartInit
                0x60003a80       0x84 ./component/uart/fsl_adapter_lpuart.o
                0x60003a80                HAL_UartInit
 .text.HAL_UartSendBlocking
                0x60003b04       0x64 ./component/uart/fsl_adapter_lpuart.o
                0x60003b04                HAL_UartSendBlocking
 .text.CLOCK_GetMux
                0x60003b68       0x44 ./board/board.o
 .text.CLOCK_GetDiv
                0x60003bac       0x44 ./board/board.o
 .text.CLOCK_GetOscFreq
                0x60003bf0       0x30 ./board/board.o
 .text.BOARD_DebugConsoleSrcFreq
                0x60003c20       0x64 ./board/board.o
                0x60003c20                BOARD_DebugConsoleSrcFreq
 .text.CLOCK_SetMux
                0x60003c84       0x9c ./board/clock_config.o
 .text.CLOCK_SetDiv
                0x60003d20       0x9c ./board/clock_config.o
 .text.CLOCK_ControlGate
                0x60003dbc       0x60 ./board/clock_config.o
 .text.CLOCK_SetXtalFreq
                0x60003e1c       0x20 ./board/clock_config.o
 .text.CLOCK_SetRtcXtalFreq
                0x60003e3c       0x20 ./board/clock_config.o
 .text.IOMUXC_MQSConfig
                0x60003e5c       0x44 ./board/clock_config.o
 .text.BOARD_BootClockRUN
                0x60003ea0      0x6d0 ./board/clock_config.o
                0x60003ea0                BOARD_BootClockRUN
 .text.CLOCK_ControlGate
                0x60004570       0x60 ./board/pin_mux.o
 .text.BOARD_InitPins
                0x600045d0       0x60 ./board/pin_mux.o
                0x600045d0                BOARD_InitPins
 .text.BOARD_InitDEBUG_UART
                0x60004630       0x78 ./board/pin_mux.o
                0x60004630                BOARD_InitDEBUG_UART
 .text._initio  0x600046a8       0x78 C:/nxp/MCUXpressoIDE_11.10.0_3148/ide/plugins/com.nxp.mcuxpresso.tools.win32_11.10.0.202311280810/tools/bin/../lib/gcc/arm-none-eabi/13.2.1/../../../../arm-none-eabi/lib/thumb/v7e-m+fp/hard\libcr_c.a(initio.o)
                0x600046a8                _initio
 .text._Cwritebuf
                0x60004720       0x6c C:/nxp/MCUXpressoIDE_11.10.0_3148/ide/plugins/com.nxp.mcuxpresso.tools.win32_11.10.0.202311280810/tools/bin/../lib/gcc/arm-none-eabi/13.2.1/../../../../arm-none-eabi/lib/thumb/v7e-m+fp/hard\libcr_c.a(_writebuf.o)
                0x60004720                _Cwritebuf
 .text.fflush   0x6000478c       0x3c C:/nxp/MCUXpressoIDE_11.10.0_3148/ide/plugins/com.nxp.mcuxpresso.tools.win32_11.10.0.202311280810/tools/bin/../lib/gcc/arm-none-eabi/13.2.1/../../../../arm-none-eabi/lib/thumb/v7e-m+fp/hard\libcr_c.a(fflush.o)
                0x6000478c                fflush
 .text.fseek    0x600047c8       0xf8 C:/nxp/MCUXpressoIDE_11.10.0_3148/ide/plugins/com.nxp.mcuxpresso.tools.win32_11.10.0.202311280810/tools/bin/../lib/gcc/arm-none-eabi/13.2.1/../../../../arm-none-eabi/lib/thumb/v7e-m+fp/hard\libcr_c.a(fseek.o)
                0x600047c8                fseek
 .text.ftell    0x600048c0       0x44 C:/nxp/MCUXpressoIDE_11.10.0_3148/ide/plugins/com.nxp.mcuxpresso.tools.win32_11.10.0.202311280810/tools/bin/../lib/gcc/arm-none-eabi/13.2.1/../../../../arm-none-eabi/lib/thumb/v7e-m+fp/hard\libcr_c.a(ftell.o)
                0x600048c0                ftell
 .text.fsl_assert_hook
                0x60004904       0x1a ./utilities/fsl_assert.o
                0x60004904                fsl_assert_hook
 .text.DbgConsole_PrintCallback
                0x6000491e       0x66 ./utilities/fsl_debug_console.o
 .text.DbgConsole_Printf
                0x60004984       0x2c ./utilities/fsl_debug_console.o
                0x60004984                DbgConsole_Printf
 .text.PrintGetWidth
                0x600049b0       0x6a ./utilities/fsl_str.o
 .text.PrintGetPrecision
                0x60004a1a       0x8c ./utilities/fsl_str.o
 .text.PrintIsobpu
                0x60004aa6       0x38 ./utilities/fsl_str.o
 .text.PrintIsdi
                0x60004ade       0x2c ./utilities/fsl_str.o
 .text.PrintOutputdifFobpu
                0x60004b0a       0x44 ./utilities/fsl_str.o
 .text.PrintOutputxX
                0x60004b4e       0x44 ./utilities/fsl_str.o
 .text.PrintIsfF
                0x60004b92       0x2c ./utilities/fsl_str.o
 .text.PrintIsxX
                0x60004bbe       0x2c ./utilities/fsl_str.o
 .text.PrintFilterLengthFlag
                0x60004bea       0x3e ./utilities/fsl_str.o
 .text.PrintGetRadixFromobpu
                0x60004c28       0x40 ./utilities/fsl_str.o
 .text.ConvertRadixNumToString
                0x60004c68       0xc2 ./utilities/fsl_str.o
 .text.StrFormatExaminedi
                0x60004d2a       0x26 ./utilities/fsl_str.o
 .text.StrFormatExaminexX
                0x60004d50       0x26 ./utilities/fsl_str.o
 .text.StrFormatExamineobpu
                0x60004d76       0x26 ./utilities/fsl_str.o
 .text.ConvertPrecisionWidthToLength
                0x60004d9c       0x20 ./utilities/fsl_str.o
 .text.StrFormatPrintf
                0x60004dbc      0x2bc ./utilities/fsl_str.o
                0x60004dbc                StrFormatPrintf
 .text.DMA0_DMA16_IRQHandler
                0x60005078        0x8 ./startup/startup_mimxrt1062.o
                0x60005078                DMA0_DMA16_IRQHandler
 .text.DMA1_DMA17_IRQHandler
                0x60005080        0x8 ./startup/startup_mimxrt1062.o
                0x60005080                DMA1_DMA17_IRQHandler
 .text.DMA2_DMA18_IRQHandler
                0x60005088        0x8 ./startup/startup_mimxrt1062.o
                0x60005088                DMA2_DMA18_IRQHandler
 .text.DMA3_DMA19_IRQHandler
                0x60005090        0x8 ./startup/startup_mimxrt1062.o
                0x60005090                DMA3_DMA19_IRQHandler
 .text.DMA4_DMA20_IRQHandler
                0x60005098        0x8 ./startup/startup_mimxrt1062.o
                0x60005098                DMA4_DMA20_IRQHandler
 .text.DMA5_DMA21_IRQHandler
                0x600050a0        0x8 ./startup/startup_mimxrt1062.o
                0x600050a0                DMA5_DMA21_IRQHandler
 .text.DMA6_DMA22_IRQHandler
                0x600050a8        0x8 ./startup/startup_mimxrt1062.o
                0x600050a8                DMA6_DMA22_IRQHandler
 .text.DMA7_DMA23_IRQHandler
                0x600050b0        0x8 ./startup/startup_mimxrt1062.o
                0x600050b0                DMA7_DMA23_IRQHandler
 .text.DMA8_DMA24_IRQHandler
                0x600050b8        0x8 ./startup/startup_mimxrt1062.o
                0x600050b8                DMA8_DMA24_IRQHandler
 .text.DMA9_DMA25_IRQHandler
                0x600050c0        0x8 ./startup/startup_mimxrt1062.o
                0x600050c0                DMA9_DMA25_IRQHandler
 .text.DMA10_DMA26_IRQHandler
                0x600050c8        0x8 ./startup/startup_mimxrt1062.o
                0x600050c8                DMA10_DMA26_IRQHandler
 .text.DMA11_DMA27_IRQHandler
                0x600050d0        0x8 ./startup/startup_mimxrt1062.o
                0x600050d0                DMA11_DMA27_IRQHandler
 .text.DMA12_DMA28_IRQHandler
                0x600050d8        0x8 ./startup/startup_mimxrt1062.o
                0x600050d8                DMA12_DMA28_IRQHandler
 .text.DMA13_DMA29_IRQHandler
                0x600050e0        0x8 ./startup/startup_mimxrt1062.o
                0x600050e0                DMA13_DMA29_IRQHandler
 .text.DMA14_DMA30_IRQHandler
                0x600050e8        0x8 ./startup/startup_mimxrt1062.o
                0x600050e8                DMA14_DMA30_IRQHandler
 .text.DMA15_DMA31_IRQHandler
                0x600050f0        0x8 ./startup/startup_mimxrt1062.o
                0x600050f0                DMA15_DMA31_IRQHandler
 .text.DMA_ERROR_IRQHandler
                0x600050f8        0x8 ./startup/startup_mimxrt1062.o
                0x600050f8                DMA_ERROR_IRQHandler
 .text.CTI0_ERROR_IRQHandler
                0x60005100        0x8 ./startup/startup_mimxrt1062.o
                0x60005100                CTI0_ERROR_IRQHandler
 .text.CTI1_ERROR_IRQHandler
                0x60005108        0x8 ./startup/startup_mimxrt1062.o
                0x60005108                CTI1_ERROR_IRQHandler
 .text.CORE_IRQHandler
                0x60005110        0x8 ./startup/startup_mimxrt1062.o
                0x60005110                CORE_IRQHandler
 .text.LPUART1_IRQHandler
                0x60005118        0x8 ./startup/startup_mimxrt1062.o
                0x60005118                LPUART1_IRQHandler
 .text.LPUART2_IRQHandler
                0x60005120        0x8 ./startup/startup_mimxrt1062.o
                0x60005120                LPUART2_IRQHandler
 .text.LPUART3_IRQHandler
                0x60005128        0x8 ./startup/startup_mimxrt1062.o
                0x60005128                LPUART3_IRQHandler
 .text.LPUART4_IRQHandler
                0x60005130        0x8 ./startup/startup_mimxrt1062.o
                0x60005130                LPUART4_IRQHandler
 .text.LPUART5_IRQHandler
                0x60005138        0x8 ./startup/startup_mimxrt1062.o
                0x60005138                LPUART5_IRQHandler
 .text.LPUART6_IRQHandler
                0x60005140        0x8 ./startup/startup_mimxrt1062.o
                0x60005140                LPUART6_IRQHandler
 .text.LPUART7_IRQHandler
                0x60005148        0x8 ./startup/startup_mimxrt1062.o
                0x60005148                LPUART7_IRQHandler
 .text.LPUART8_IRQHandler
                0x60005150        0x8 ./startup/startup_mimxrt1062.o
                0x60005150                LPUART8_IRQHandler
 .text.LPI2C1_IRQHandler
                0x60005158        0x8 ./startup/startup_mimxrt1062.o
                0x60005158                LPI2C1_IRQHandler
 .text.LPI2C2_IRQHandler
                0x60005160        0x8 ./startup/startup_mimxrt1062.o
                0x60005160                LPI2C2_IRQHandler
 .text.LPI2C3_IRQHandler
                0x60005168        0x8 ./startup/startup_mimxrt1062.o
                0x60005168                LPI2C3_IRQHandler
 .text.LPI2C4_IRQHandler
                0x60005170        0x8 ./startup/startup_mimxrt1062.o
                0x60005170                LPI2C4_IRQHandler
 .text.LPSPI1_IRQHandler
                0x60005178        0x8 ./startup/startup_mimxrt1062.o
                0x60005178                LPSPI1_IRQHandler
 .text.LPSPI2_IRQHandler
                0x60005180        0x8 ./startup/startup_mimxrt1062.o
                0x60005180                LPSPI2_IRQHandler
 .text.LPSPI3_IRQHandler
                0x60005188        0x8 ./startup/startup_mimxrt1062.o
                0x60005188                LPSPI3_IRQHandler
 .text.LPSPI4_IRQHandler
                0x60005190        0x8 ./startup/startup_mimxrt1062.o
                0x60005190                LPSPI4_IRQHandler
 .text.CAN1_IRQHandler
                0x60005198        0x8 ./startup/startup_mimxrt1062.o
                0x60005198                CAN1_IRQHandler
 .text.CAN2_IRQHandler
                0x600051a0        0x8 ./startup/startup_mimxrt1062.o
                0x600051a0                CAN2_IRQHandler
 .text.FLEXRAM_IRQHandler
                0x600051a8        0x8 ./startup/startup_mimxrt1062.o
                0x600051a8                FLEXRAM_IRQHandler
 .text.KPP_IRQHandler
                0x600051b0        0x8 ./startup/startup_mimxrt1062.o
                0x600051b0                KPP_IRQHandler
 .text.TSC_DIG_IRQHandler
                0x600051b8        0x8 ./startup/startup_mimxrt1062.o
                0x600051b8                TSC_DIG_IRQHandler
 .text.GPR_IRQ_IRQHandler
                0x600051c0        0x8 ./startup/startup_mimxrt1062.o
                0x600051c0                GPR_IRQ_IRQHandler
 .text.LCDIF_IRQHandler
                0x600051c8        0x8 ./startup/startup_mimxrt1062.o
                0x600051c8                LCDIF_IRQHandler
 .text.CSI_IRQHandler
                0x600051d0        0x8 ./startup/startup_mimxrt1062.o
                0x600051d0                CSI_IRQHandler
 .text.PXP_IRQHandler
                0x600051d8        0x8 ./startup/startup_mimxrt1062.o
                0x600051d8                PXP_IRQHandler
 .text.WDOG2_IRQHandler
                0x600051e0        0x8 ./startup/startup_mimxrt1062.o
                0x600051e0                WDOG2_IRQHandler
 .text.SNVS_HP_WRAPPER_IRQHandler
                0x600051e8        0x8 ./startup/startup_mimxrt1062.o
                0x600051e8                SNVS_HP_WRAPPER_IRQHandler
 .text.SNVS_HP_WRAPPER_TZ_IRQHandler
                0x600051f0        0x8 ./startup/startup_mimxrt1062.o
                0x600051f0                SNVS_HP_WRAPPER_TZ_IRQHandler
 .text.SNVS_LP_WRAPPER_IRQHandler
                0x600051f8        0x8 ./startup/startup_mimxrt1062.o
                0x600051f8                SNVS_LP_WRAPPER_IRQHandler
 .text.CSU_IRQHandler
                0x60005200        0x8 ./startup/startup_mimxrt1062.o
                0x60005200                CSU_IRQHandler
 .text.DCP_IRQHandler
                0x60005208        0x8 ./startup/startup_mimxrt1062.o
                0x60005208                DCP_IRQHandler
 .text.DCP_VMI_IRQHandler
                0x60005210        0x8 ./startup/startup_mimxrt1062.o
                0x60005210                DCP_VMI_IRQHandler
 .text.Reserved68_IRQHandler
                0x60005218        0x8 ./startup/startup_mimxrt1062.o
                0x60005218                Reserved68_IRQHandler
 .text.TRNG_IRQHandler
                0x60005220        0x8 ./startup/startup_mimxrt1062.o
                0x60005220                TRNG_IRQHandler
 .text.SJC_IRQHandler
                0x60005228        0x8 ./startup/startup_mimxrt1062.o
                0x60005228                SJC_IRQHandler
 .text.BEE_IRQHandler
                0x60005230        0x8 ./startup/startup_mimxrt1062.o
                0x60005230                BEE_IRQHandler
 .text.SAI1_IRQHandler
                0x60005238        0x8 ./startup/startup_mimxrt1062.o
                0x60005238                SAI1_IRQHandler
 .text.SAI2_IRQHandler
                0x60005240        0x8 ./startup/startup_mimxrt1062.o
                0x60005240                SAI2_IRQHandler
 .text.SAI3_RX_IRQHandler
                0x60005248        0x8 ./startup/startup_mimxrt1062.o
                0x60005248                SAI3_RX_IRQHandler
 .text.SAI3_TX_IRQHandler
                0x60005250        0x8 ./startup/startup_mimxrt1062.o
                0x60005250                SAI3_TX_IRQHandler
 .text.SPDIF_IRQHandler
                0x60005258        0x8 ./startup/startup_mimxrt1062.o
                0x60005258                SPDIF_IRQHandler
 .text.PMU_EVENT_IRQHandler
                0x60005260        0x8 ./startup/startup_mimxrt1062.o
                0x60005260                PMU_EVENT_IRQHandler
 .text.Reserved78_IRQHandler
                0x60005268        0x8 ./startup/startup_mimxrt1062.o
                0x60005268                Reserved78_IRQHandler
 .text.TEMP_LOW_HIGH_IRQHandler
                0x60005270        0x8 ./startup/startup_mimxrt1062.o
                0x60005270                TEMP_LOW_HIGH_IRQHandler
 .text.TEMP_PANIC_IRQHandler
                0x60005278        0x8 ./startup/startup_mimxrt1062.o
                0x60005278                TEMP_PANIC_IRQHandler
 .text.USB_PHY1_IRQHandler
                0x60005280        0x8 ./startup/startup_mimxrt1062.o
                0x60005280                USB_PHY1_IRQHandler
 .text.USB_PHY2_IRQHandler
                0x60005288        0x8 ./startup/startup_mimxrt1062.o
                0x60005288                USB_PHY2_IRQHandler
 .text.ADC1_IRQHandler
                0x60005290        0x8 ./startup/startup_mimxrt1062.o
                0x60005290                ADC1_IRQHandler
 .text.ADC2_IRQHandler
                0x60005298        0x8 ./startup/startup_mimxrt1062.o
                0x60005298                ADC2_IRQHandler
 .text.DCDC_IRQHandler
                0x600052a0        0x8 ./startup/startup_mimxrt1062.o
                0x600052a0                DCDC_IRQHandler
 .text.Reserved86_IRQHandler
                0x600052a8        0x8 ./startup/startup_mimxrt1062.o
                0x600052a8                Reserved86_IRQHandler
 .text.GPIO10_Combined_0_31_IRQHandler
                0x600052b0        0x8 ./startup/startup_mimxrt1062.o
                0x600052b0                GPIO10_Combined_0_31_IRQHandler
 .text.GPIO1_INT0_IRQHandler
                0x600052b8        0x8 ./startup/startup_mimxrt1062.o
                0x600052b8                GPIO1_INT0_IRQHandler
 .text.GPIO1_INT1_IRQHandler
                0x600052c0        0x8 ./startup/startup_mimxrt1062.o
                0x600052c0                GPIO1_INT1_IRQHandler
 .text.GPIO1_INT2_IRQHandler
                0x600052c8        0x8 ./startup/startup_mimxrt1062.o
                0x600052c8                GPIO1_INT2_IRQHandler
 .text.GPIO1_INT3_IRQHandler
                0x600052d0        0x8 ./startup/startup_mimxrt1062.o
                0x600052d0                GPIO1_INT3_IRQHandler
 .text.GPIO1_INT4_IRQHandler
                0x600052d8        0x8 ./startup/startup_mimxrt1062.o
                0x600052d8                GPIO1_INT4_IRQHandler
 .text.GPIO1_INT5_IRQHandler
                0x600052e0        0x8 ./startup/startup_mimxrt1062.o
                0x600052e0                GPIO1_INT5_IRQHandler
 .text.GPIO1_INT6_IRQHandler
                0x600052e8        0x8 ./startup/startup_mimxrt1062.o
                0x600052e8                GPIO1_INT6_IRQHandler
 .text.GPIO1_INT7_IRQHandler
                0x600052f0        0x8 ./startup/startup_mimxrt1062.o
                0x600052f0                GPIO1_INT7_IRQHandler
 .text.GPIO1_Combined_0_15_IRQHandler
                0x600052f8        0x8 ./startup/startup_mimxrt1062.o
                0x600052f8                GPIO1_Combined_0_15_IRQHandler
 .text.GPIO1_Combined_16_31_IRQHandler
                0x60005300        0x8 ./startup/startup_mimxrt1062.o
                0x60005300                GPIO1_Combined_16_31_IRQHandler
 .text.GPIO2_Combined_0_15_IRQHandler
                0x60005308        0x8 ./startup/startup_mimxrt1062.o
                0x60005308                GPIO2_Combined_0_15_IRQHandler
 .text.GPIO2_Combined_16_31_IRQHandler
                0x60005310        0x8 ./startup/startup_mimxrt1062.o
                0x60005310                GPIO2_Combined_16_31_IRQHandler
 .text.GPIO3_Combined_0_15_IRQHandler
                0x60005318        0x8 ./startup/startup_mimxrt1062.o
                0x60005318                GPIO3_Combined_0_15_IRQHandler
 .text.GPIO3_Combined_16_31_IRQHandler
                0x60005320        0x8 ./startup/startup_mimxrt1062.o
                0x60005320                GPIO3_Combined_16_31_IRQHandler
 .text.GPIO4_Combined_0_15_IRQHandler
                0x60005328        0x8 ./startup/startup_mimxrt1062.o
                0x60005328                GPIO4_Combined_0_15_IRQHandler
 .text.GPIO4_Combined_16_31_IRQHandler
                0x60005330        0x8 ./startup/startup_mimxrt1062.o
                0x60005330                GPIO4_Combined_16_31_IRQHandler
 .text.GPIO5_Combined_0_15_IRQHandler
                0x60005338        0x8 ./startup/startup_mimxrt1062.o
                0x60005338                GPIO5_Combined_0_15_IRQHandler
 .text.GPIO5_Combined_16_31_IRQHandler
                0x60005340        0x8 ./startup/startup_mimxrt1062.o
                0x60005340                GPIO5_Combined_16_31_IRQHandler
 .text.FLEXIO1_IRQHandler
                0x60005348        0x8 ./startup/startup_mimxrt1062.o
                0x60005348                FLEXIO1_IRQHandler
 .text.FLEXIO2_IRQHandler
                0x60005350        0x8 ./startup/startup_mimxrt1062.o
                0x60005350                FLEXIO2_IRQHandler
 .text.WDOG1_IRQHandler
                0x60005358        0x8 ./startup/startup_mimxrt1062.o
                0x60005358                WDOG1_IRQHandler
 .text.RTWDOG_IRQHandler
                0x60005360        0x8 ./startup/startup_mimxrt1062.o
                0x60005360                RTWDOG_IRQHandler
 .text.EWM_IRQHandler
                0x60005368        0x8 ./startup/startup_mimxrt1062.o
                0x60005368                EWM_IRQHandler
 .text.CCM_1_IRQHandler
                0x60005370        0x8 ./startup/startup_mimxrt1062.o
                0x60005370                CCM_1_IRQHandler
 .text.CCM_2_IRQHandler
                0x60005378        0x8 ./startup/startup_mimxrt1062.o
                0x60005378                CCM_2_IRQHandler
 .text.GPC_IRQHandler
                0x60005380        0x8 ./startup/startup_mimxrt1062.o
                0x60005380                GPC_IRQHandler
 .text.SRC_IRQHandler
                0x60005388        0x8 ./startup/startup_mimxrt1062.o
                0x60005388                SRC_IRQHandler
 .text.Reserved115_IRQHandler
                0x60005390        0x8 ./startup/startup_mimxrt1062.o
                0x60005390                Reserved115_IRQHandler
 .text.GPT1_IRQHandler
                0x60005398        0x8 ./startup/startup_mimxrt1062.o
                0x60005398                GPT1_IRQHandler
 .text.GPT2_IRQHandler
                0x600053a0        0x8 ./startup/startup_mimxrt1062.o
                0x600053a0                GPT2_IRQHandler
 .text.PWM1_0_IRQHandler
                0x600053a8        0x8 ./startup/startup_mimxrt1062.o
                0x600053a8                PWM1_0_IRQHandler
 .text.PWM1_1_IRQHandler
                0x600053b0        0x8 ./startup/startup_mimxrt1062.o
                0x600053b0                PWM1_1_IRQHandler
 .text.PWM1_2_IRQHandler
                0x600053b8        0x8 ./startup/startup_mimxrt1062.o
                0x600053b8                PWM1_2_IRQHandler
 .text.PWM1_3_IRQHandler
                0x600053c0        0x8 ./startup/startup_mimxrt1062.o
                0x600053c0                PWM1_3_IRQHandler
 .text.PWM1_FAULT_IRQHandler
                0x600053c8        0x8 ./startup/startup_mimxrt1062.o
                0x600053c8                PWM1_FAULT_IRQHandler
 .text.FLEXSPI2_IRQHandler
                0x600053d0        0x8 ./startup/startup_mimxrt1062.o
                0x600053d0                FLEXSPI2_IRQHandler
 .text.FLEXSPI_IRQHandler
                0x600053d8        0x8 ./startup/startup_mimxrt1062.o
                0x600053d8                FLEXSPI_IRQHandler
 .text.SEMC_IRQHandler
                0x600053e0        0x8 ./startup/startup_mimxrt1062.o
                0x600053e0                SEMC_IRQHandler
 .text.USDHC1_IRQHandler
                0x600053e8        0x8 ./startup/startup_mimxrt1062.o
                0x600053e8                USDHC1_IRQHandler
 .text.USDHC2_IRQHandler
                0x600053f0        0x8 ./startup/startup_mimxrt1062.o
                0x600053f0                USDHC2_IRQHandler
 .text.USB_OTG2_IRQHandler
                0x600053f8        0x8 ./startup/startup_mimxrt1062.o
                0x600053f8                USB_OTG2_IRQHandler
 .text.USB_OTG1_IRQHandler
                0x60005400        0x8 ./startup/startup_mimxrt1062.o
                0x60005400                USB_OTG1_IRQHandler
 .text.ENET_IRQHandler
                0x60005408        0x8 ./startup/startup_mimxrt1062.o
                0x60005408                ENET_IRQHandler
 .text.ENET_1588_Timer_IRQHandler
                0x60005410        0x8 ./startup/startup_mimxrt1062.o
                0x60005410                ENET_1588_Timer_IRQHandler
 .text.XBAR1_IRQ_0_1_IRQHandler
                0x60005418        0x8 ./startup/startup_mimxrt1062.o
                0x60005418                XBAR1_IRQ_0_1_IRQHandler
 .text.XBAR1_IRQ_2_3_IRQHandler
                0x60005420        0x8 ./startup/startup_mimxrt1062.o
                0x60005420                XBAR1_IRQ_2_3_IRQHandler
 .text.ADC_ETC_IRQ0_IRQHandler
                0x60005428        0x8 ./startup/startup_mimxrt1062.o
                0x60005428                ADC_ETC_IRQ0_IRQHandler
 .text.ADC_ETC_IRQ1_IRQHandler
                0x60005430        0x8 ./startup/startup_mimxrt1062.o
                0x60005430                ADC_ETC_IRQ1_IRQHandler
 .text.ADC_ETC_IRQ2_IRQHandler
                0x60005438        0x8 ./startup/startup_mimxrt1062.o
                0x60005438                ADC_ETC_IRQ2_IRQHandler
 .text.ADC_ETC_ERROR_IRQ_IRQHandler
                0x60005440        0x8 ./startup/startup_mimxrt1062.o
                0x60005440                ADC_ETC_ERROR_IRQ_IRQHandler
 .text.PIT_IRQHandler
                0x60005448        0x8 ./startup/startup_mimxrt1062.o
                0x60005448                PIT_IRQHandler
 .text.ACMP1_IRQHandler
                0x60005450        0x8 ./startup/startup_mimxrt1062.o
                0x60005450                ACMP1_IRQHandler
 .text.ACMP2_IRQHandler
                0x60005458        0x8 ./startup/startup_mimxrt1062.o
                0x60005458                ACMP2_IRQHandler
 .text.ACMP3_IRQHandler
                0x60005460        0x8 ./startup/startup_mimxrt1062.o
                0x60005460                ACMP3_IRQHandler
 .text.ACMP4_IRQHandler
                0x60005468        0x8 ./startup/startup_mimxrt1062.o
                0x60005468                ACMP4_IRQHandler
 .text.Reserved143_IRQHandler
                0x60005470        0x8 ./startup/startup_mimxrt1062.o
                0x60005470                Reserved143_IRQHandler
 .text.Reserved144_IRQHandler
                0x60005478        0x8 ./startup/startup_mimxrt1062.o
                0x60005478                Reserved144_IRQHandler
 .text.ENC1_IRQHandler
                0x60005480        0x8 ./startup/startup_mimxrt1062.o
                0x60005480                ENC1_IRQHandler
 .text.ENC2_IRQHandler
                0x60005488        0x8 ./startup/startup_mimxrt1062.o
                0x60005488                ENC2_IRQHandler
 .text.ENC3_IRQHandler
                0x60005490        0x8 ./startup/startup_mimxrt1062.o
                0x60005490                ENC3_IRQHandler
 .text.ENC4_IRQHandler
                0x60005498        0x8 ./startup/startup_mimxrt1062.o
                0x60005498                ENC4_IRQHandler
 .text.TMR1_IRQHandler
                0x600054a0        0x8 ./startup/startup_mimxrt1062.o
                0x600054a0                TMR1_IRQHandler
 .text.TMR2_IRQHandler
                0x600054a8        0x8 ./startup/startup_mimxrt1062.o
                0x600054a8                TMR2_IRQHandler
 .text.TMR3_IRQHandler
                0x600054b0        0x8 ./startup/startup_mimxrt1062.o
                0x600054b0                TMR3_IRQHandler
 .text.TMR4_IRQHandler
                0x600054b8        0x8 ./startup/startup_mimxrt1062.o
                0x600054b8                TMR4_IRQHandler
 .text.PWM2_0_IRQHandler
                0x600054c0        0x8 ./startup/startup_mimxrt1062.o
                0x600054c0                PWM2_0_IRQHandler
 .text.PWM2_1_IRQHandler
                0x600054c8        0x8 ./startup/startup_mimxrt1062.o
                0x600054c8                PWM2_1_IRQHandler
 .text.PWM2_2_IRQHandler
                0x600054d0        0x8 ./startup/startup_mimxrt1062.o
                0x600054d0                PWM2_2_IRQHandler
 .text.PWM2_3_IRQHandler
                0x600054d8        0x8 ./startup/startup_mimxrt1062.o
                0x600054d8                PWM2_3_IRQHandler
 .text.PWM2_FAULT_IRQHandler
                0x600054e0        0x8 ./startup/startup_mimxrt1062.o
                0x600054e0                PWM2_FAULT_IRQHandler
 .text.PWM3_0_IRQHandler
                0x600054e8        0x8 ./startup/startup_mimxrt1062.o
                0x600054e8                PWM3_0_IRQHandler
 .text.PWM3_1_IRQHandler
                0x600054f0        0x8 ./startup/startup_mimxrt1062.o
                0x600054f0                PWM3_1_IRQHandler
 .text.PWM3_2_IRQHandler
                0x600054f8        0x8 ./startup/startup_mimxrt1062.o
                0x600054f8                PWM3_2_IRQHandler
 .text.PWM3_3_IRQHandler
                0x60005500        0x8 ./startup/startup_mimxrt1062.o
                0x60005500                PWM3_3_IRQHandler
 .text.PWM3_FAULT_IRQHandler
                0x60005508        0x8 ./startup/startup_mimxrt1062.o
                0x60005508                PWM3_FAULT_IRQHandler
 .text.PWM4_0_IRQHandler
                0x60005510        0x8 ./startup/startup_mimxrt1062.o
                0x60005510                PWM4_0_IRQHandler
 .text.PWM4_1_IRQHandler
                0x60005518        0x8 ./startup/startup_mimxrt1062.o
                0x60005518                PWM4_1_IRQHandler
 .text.PWM4_2_IRQHandler
                0x60005520        0x8 ./startup/startup_mimxrt1062.o
                0x60005520                PWM4_2_IRQHandler
 .text.PWM4_3_IRQHandler
                0x60005528        0x8 ./startup/startup_mimxrt1062.o
                0x60005528                PWM4_3_IRQHandler
 .text.PWM4_FAULT_IRQHandler
                0x60005530        0x8 ./startup/startup_mimxrt1062.o
                0x60005530                PWM4_FAULT_IRQHandler
 .text.ENET2_IRQHandler
                0x60005538        0x8 ./startup/startup_mimxrt1062.o
                0x60005538                ENET2_IRQHandler
 .text.ENET2_1588_Timer_IRQHandler
                0x60005540        0x8 ./startup/startup_mimxrt1062.o
                0x60005540                ENET2_1588_Timer_IRQHandler
 .text.CAN3_IRQHandler
                0x60005548        0x8 ./startup/startup_mimxrt1062.o
                0x60005548                CAN3_IRQHandler
 .text.Reserved171_IRQHandler
                0x60005550        0x8 ./startup/startup_mimxrt1062.o
                0x60005550                Reserved171_IRQHandler
 .text.FLEXIO3_IRQHandler
                0x60005558        0x8 ./startup/startup_mimxrt1062.o
                0x60005558                FLEXIO3_IRQHandler
 .text.GPIO6_7_8_9_IRQHandler
                0x60005560        0x8 ./startup/startup_mimxrt1062.o
                0x60005560                GPIO6_7_8_9_IRQHandler
 .text.IOMUXC_SetPinMux
                0x60005568       0x3a ./source/Try2.o
 .text.IOMUXC_SetPinConfig
                0x600055a2       0x26 ./source/Try2.o
 .text.HardFault_Handler
                0x600055c8       0x36 ./source/semihost_hardfault.o
                0x600055c8                HardFault_Handler
 .text.CLOCK_IsPllBypassed
                0x600055fe       0x32 ./drivers/fsl_clock.o
 .text.CLOCK_IsPllEnabled
                0x60005630       0x3c ./drivers/fsl_clock.o
 .text.CLOCK_GetPllBypassRefClk
                0x6000566c       0x32 ./drivers/fsl_clock.o
 .text.DelayLoop
                0x6000569e       0x20 ./drivers/fsl_common_arm.o
 .text._SDK_AtomicLocalClearAndSet4Byte
                0x600056be       0x50 ./drivers/fsl_gpio.o
 .text.CLOCK_EnableClock
                0x6000570e       0x1e ./drivers/fsl_gpio.o
 .text.GPIO_SetPinInterruptConfig
                0x6000572c       0x22 ./drivers/fsl_gpio.o
 .text._SDK_AtomicLocalClearAndSet4Byte
                0x6000574e       0x50 ./drivers/fsl_lpuart.o
 .text.CLOCK_EnableClock
                0x6000579e       0x1e ./drivers/fsl_lpuart.o
 .text.LPUART_SoftwareReset
                0x600057bc       0x2c ./drivers/fsl_lpuart.o
 .text.SystemInitHook
                0x600057e8        0xe ./device/system_MIMXRT1062.o
                0x600057e8                SystemInitHook
 .text.HAL_UartGetStatus
                0x600057f6       0x28 ./component/uart/fsl_adapter_lpuart.o
 .text.DisableGlobalIRQ
                0x6000581e       0x22 ./component/serial_manager/fsl_component_serial_manager.o
 .text.EnableGlobalIRQ
                0x60005840       0x20 ./component/serial_manager/fsl_component_serial_manager.o
 .text.SerialManager_StartWriting
                0x60005860       0x38 ./component/serial_manager/fsl_component_serial_manager.o
 .text.SerialManager_Write
                0x60005898       0x44 ./component/serial_manager/fsl_component_serial_manager.o
 .text.SerialManager_Init
                0x600058dc       0x60 ./component/serial_manager/fsl_component_serial_manager.o
                0x600058dc                SerialManager_Init
 .text.SerialManager_OpenWriteHandle
                0x6000593c       0x50 ./component/serial_manager/fsl_component_serial_manager.o
                0x6000593c                SerialManager_OpenWriteHandle
 .text.SerialManager_OpenReadHandle
                0x6000598c       0x60 ./component/serial_manager/fsl_component_serial_manager.o
                0x6000598c                SerialManager_OpenReadHandle
 .text.SerialManager_WriteBlocking
                0x600059ec       0x20 ./component/serial_manager/fsl_component_serial_manager.o
                0x600059ec                SerialManager_WriteBlocking
 .text.Serial_UartInit
                0x60005a0c       0x3e ./component/serial_manager/fsl_component_serial_port_uart.o
                0x60005a0c                Serial_UartInit
 .text.Serial_UartWrite
                0x60005a4a       0x38 ./component/serial_manager/fsl_component_serial_port_uart.o
                0x60005a4a                Serial_UartWrite
 .text.BOARD_InitDebugConsole
                0x60005a82       0x22 ./board/board.o
                0x60005a82                BOARD_InitDebugConsole
 .text._SDK_AtomicLocalClearAndSet4Byte
                0x60005aa4       0x50 ./board/clock_config.o
 .text.CLOCK_DisableClock
                0x60005af4       0x1e ./board/clock_config.o
 .text.CLOCK_SetPllBypass
                0x60005b12       0x4e ./board/clock_config.o
 .text.IOMUXC_SetSaiMClkClockSource
                0x60005b60       0x6c ./board/clock_config.o
 .text._SDK_AtomicLocalClearAndSet4Byte
                0x60005bcc       0x50 ./board/pin_mux.o
 .text.CLOCK_EnableClock
                0x60005c1c       0x1e ./board/pin_mux.o
 .text.IOMUXC_SetPinMux
                0x60005c3a       0x3a ./board/pin_mux.o
 .text.IOMUXC_SetPinConfig
                0x60005c74       0x26 ./board/pin_mux.o
 .text.BOARD_InitBootPins
                0x60005c9a       0x10 ./board/pin_mux.o
                0x60005c9a                BOARD_InitBootPins
 .text.__main   0x60005caa        0xe C:/nxp/MCUXpressoIDE_11.10.0_3148/ide/plugins/com.nxp.mcuxpresso.tools.win32_11.10.0.202311280810/tools/bin/../lib/gcc/arm-none-eabi/13.2.1/../../../../arm-none-eabi/lib/thumb/v7e-m+fp/hard\libcr_nohost_nf.a(_cr__main.o)
                0x60005caa                __main
 .text.memcpy   0x60005cb8        0x4 C:/nxp/MCUXpressoIDE_11.10.0_3148/ide/plugins/com.nxp.mcuxpresso.tools.win32_11.10.0.202311280810/tools/bin/../lib/gcc/arm-none-eabi/13.2.1/../../../../arm-none-eabi/lib/thumb/v7e-m+fp/hard\libcr_c.a(memcpy.o)
                0x60005cb8                memcpy
 .text.memset   0x60005cbc        0x4 C:/nxp/MCUXpressoIDE_11.10.0_3148/ide/plugins/com.nxp.mcuxpresso.tools.win32_11.10.0.202311280810/tools/bin/../lib/gcc/arm-none-eabi/13.2.1/../../../../arm-none-eabi/lib/thumb/v7e-m+fp/hard\libcr_c.a(memset.o)
                0x60005cbc                memset
 .text.free     0x60005cc0       0x30 C:/nxp/MCUXpressoIDE_11.10.0_3148/ide/plugins/com.nxp.mcuxpresso.tools.win32_11.10.0.202311280810/tools/bin/../lib/gcc/arm-none-eabi/13.2.1/../../../../arm-none-eabi/lib/thumb/v7e-m+fp/hard\libcr_c.a(alloc.o)
                0x60005cc0                free
 .text.setvbuf  0x60005cf0       0x3e C:/nxp/MCUXpressoIDE_11.10.0_3148/ide/plugins/com.nxp.mcuxpresso.tools.win32_11.10.0.202311280810/tools/bin/../lib/gcc/arm-none-eabi/13.2.1/../../../../arm-none-eabi/lib/thumb/v7e-m+fp/hard\libcr_c.a(setvbuf.o)
                0x60005cf0                setvbuf
 .text.strlen   0x60005d2e       0x4e C:/nxp/MCUXpressoIDE_11.10.0_3148/ide/plugins/com.nxp.mcuxpresso.tools.win32_11.10.0.202311280810/tools/bin/../lib/gcc/arm-none-eabi/13.2.1/../../../../arm-none-eabi/lib/thumb/v7e-m+fp/hard\libcr_c.a(strlen.o)
                0x60005d2e                strlen
 .text._deferredlazyseek
                0x60005d7c       0x40 C:/nxp/MCUXpressoIDE_11.10.0_3148/ide/plugins/com.nxp.mcuxpresso.tools.win32_11.10.0.202311280810/tools/bin/../lib/gcc/arm-none-eabi/13.2.1/../../../../arm-none-eabi/lib/thumb/v7e-m+fp/hard\libcr_c.a(_deferredlazyseek.o)
                0x60005d7c                _deferredlazyseek
 .text._fdopen  0x60005dbc       0x68 C:/nxp/MCUXpressoIDE_11.10.0_3148/ide/plugins/com.nxp.mcuxpresso.tools.win32_11.10.0.202311280810/tools/bin/../lib/gcc/arm-none-eabi/13.2.1/../../../../arm-none-eabi/lib/thumb/v7e-m+fp/hard\libcr_c.a(_fdopen.o)
                0x60005dbc                _fdopen
 .text._fflush  0x60005e24       0x52 C:/nxp/MCUXpressoIDE_11.10.0_3148/ide/plugins/com.nxp.mcuxpresso.tools.win32_11.10.0.202311280810/tools/bin/../lib/gcc/arm-none-eabi/13.2.1/../../../../arm-none-eabi/lib/thumb/v7e-m+fp/hard\libcr_c.a(_fflush.o)
                0x60005e24                _fflush
 .text.fclose   0x60005e76       0x58 C:/nxp/MCUXpressoIDE_11.10.0_3148/ide/plugins/com.nxp.mcuxpresso.tools.win32_11.10.0.202311280810/tools/bin/../lib/gcc/arm-none-eabi/13.2.1/../../../../arm-none-eabi/lib/thumb/v7e-m+fp/hard\libcr_c.a(fclose.o)
                0x60005e76                fclose
 .text.remove   0x60005ece       0x14 C:/nxp/MCUXpressoIDE_11.10.0_3148/ide/plugins/com.nxp.mcuxpresso.tools.win32_11.10.0.202311280810/tools/bin/../lib/gcc/arm-none-eabi/13.2.1/../../../../arm-none-eabi/lib/thumb/v7e-m+fp/hard\libcr_c.a(remove.o)
                0x60005ece                remove
 .text._do_fflush
                0x60005ee2       0x40 C:/nxp/MCUXpressoIDE_11.10.0_3148/ide/plugins/com.nxp.mcuxpresso.tools.win32_11.10.0.202311280810/tools/bin/../lib/gcc/arm-none-eabi/13.2.1/../../../../arm-none-eabi/lib/thumb/v7e-m+fp/hard\libcr_c.a(_do_fflush.o)
                0x60005ee2                _do_fflush
 .text.__aeabi_division_uldivmod
                0x60005f22      0x174 C:/nxp/MCUXpressoIDE_11.10.0_3148/ide/plugins/com.nxp.mcuxpresso.tools.win32_11.10.0.202311280810/tools/bin/../lib/gcc/arm-none-eabi/13.2.1/thumb/v7e-m+fp/hard\libcr_eabihelpers.a(division_64.o)
                0x60005f22                __aeabi_uldivmod
                0x60005f26                __bhs_ldivmod1
 .text.__aeabi_division_idiv0
                0x60006096        0x2 C:/nxp/MCUXpressoIDE_11.10.0_3148/ide/plugins/com.nxp.mcuxpresso.tools.win32_11.10.0.202311280810/tools/bin/../lib/gcc/arm-none-eabi/13.2.1/thumb/v7e-m+fp/hard\libcr_eabihelpers.a(division_idiv0.o)
                0x60006096                __aeabi_idiv0
 .text.__aeabi_memcpy
                0x60006098       0x34 C:/nxp/MCUXpressoIDE_11.10.0_3148/ide/plugins/com.nxp.mcuxpresso.tools.win32_11.10.0.202311280810/tools/bin/../lib/gcc/arm-none-eabi/13.2.1/thumb/v7e-m+fp/hard\libcr_eabihelpers.a(memcpy.o)
                0x60006098                __aeabi_memcpy
                0x600060a2                __aeabi_memcpy8
                0x600060a2                __aeabi_memcpy4
 .text.__aeabi_memset_lowlevel
                0x600060cc       0x32 C:/nxp/MCUXpressoIDE_11.10.0_3148/ide/plugins/com.nxp.mcuxpresso.tools.win32_11.10.0.202311280810/tools/bin/../lib/gcc/arm-none-eabi/13.2.1/thumb/v7e-m+fp/hard\libcr_eabihelpers.a(memcpy.o)
                0x600060cc                __aeabi_lowlevel_memset
 .text.__sys_close
                0x600060fe        0x6 C:/nxp/MCUXpressoIDE_11.10.0_3148/ide/plugins/com.nxp.mcuxpresso.tools.win32_11.10.0.202311280810/tools/bin/../lib/gcc/arm-none-eabi/13.2.1/../../../../arm-none-eabi/lib/thumb/v7e-m+fp/hard\libcr_nohost_nf.a(__sys_close.o)
                0x600060fe                __sys_close
 .text.__sys_flen
                0x60006104        0x6 C:/nxp/MCUXpressoIDE_11.10.0_3148/ide/plugins/com.nxp.mcuxpresso.tools.win32_11.10.0.202311280810/tools/bin/../lib/gcc/arm-none-eabi/13.2.1/../../../../arm-none-eabi/lib/thumb/v7e-m+fp/hard\libcr_nohost_nf.a(__sys_flen.o)
                0x60006104                __sys_flen
 .text.__sys_istty
                0x6000610a        0x6 C:/nxp/MCUXpressoIDE_11.10.0_3148/ide/plugins/com.nxp.mcuxpresso.tools.win32_11.10.0.202311280810/tools/bin/../lib/gcc/arm-none-eabi/13.2.1/../../../../arm-none-eabi/lib/thumb/v7e-m+fp/hard\libcr_nohost_nf.a(__sys_istty.o)
                0x6000610a                __sys_istty
 .text.__sys_remove
                0x60006110        0x6 C:/nxp/MCUXpressoIDE_11.10.0_3148/ide/plugins/com.nxp.mcuxpresso.tools.win32_11.10.0.202311280810/tools/bin/../lib/gcc/arm-none-eabi/13.2.1/../../../../arm-none-eabi/lib/thumb/v7e-m+fp/hard\libcr_nohost_nf.a(__sys_remove.o)
                0x60006110                __sys_remove
 .text.__sys_seek
                0x60006116        0x6 C:/nxp/MCUXpressoIDE_11.10.0_3148/ide/plugins/com.nxp.mcuxpresso.tools.win32_11.10.0.202311280810/tools/bin/../lib/gcc/arm-none-eabi/13.2.1/../../../../arm-none-eabi/lib/thumb/v7e-m+fp/hard\libcr_nohost_nf.a(__sys_seek.o)
                0x60006116                __sys_seek
 .text.__sys_tmpnam
                0x6000611c        0x6 C:/nxp/MCUXpressoIDE_11.10.0_3148/ide/plugins/com.nxp.mcuxpresso.tools.win32_11.10.0.202311280810/tools/bin/../lib/gcc/arm-none-eabi/13.2.1/../../../../arm-none-eabi/lib/thumb/v7e-m+fp/hard\libcr_nohost_nf.a(__sys_tmpnam.o)
                0x6000611c                __sys_tmpnam
 .text.__sys_write
                0x60006122        0x4 C:/nxp/MCUXpressoIDE_11.10.0_3148/ide/plugins/com.nxp.mcuxpresso.tools.win32_11.10.0.202311280810/tools/bin/../lib/gcc/arm-none-eabi/13.2.1/../../../../arm-none-eabi/lib/thumb/v7e-m+fp/hard\libcr_nohost_nf.a(__sys_write.o)
                0x60006122                __sys_write
 *(SORT_BY_ALIGNMENT(.rodata) SORT_BY_ALIGNMENT(.rodata.*) SORT_BY_ALIGNMENT(.constdata) SORT_BY_ALIGNMENT(.constdata.*))
 *fill*         0x60006126        0x2 ff
 .rodata.__assertion_failed.str1.4
                0x60006128      0x656 ./utilities/fsl_assert.o
                                 0x14 (size before relaxing)
 .rodata.GPIO_PinRead.str1.4
                0x6000677e       0x65 ./source/Try2.o
 .rodata.main.str1.4
                0x6000677e       0x26 ./source/Try2.o
 .rodata.CLOCK_InitExternalClk.str1.4
                0x6000677e       0x21 ./drivers/fsl_clock.o
 .rodata.CLOCK_GetPllFreq.str1.4
                0x6000677e       0x6d ./drivers/fsl_clock.o
 *fill*         0x6000677e        0x2 ff
 .rodata.enetRefClkFreq.1
                0x60006780       0x10 ./drivers/fsl_clock.o
 .rodata.SDK_DelayAtLeastUs.str1.4
                0x60006790       0x2b ./drivers/fsl_common_arm.o
 .rodata.CLOCK_ControlGate.str1.4
                0x60006790       0x20 ./drivers/fsl_gpio.o
 .rodata.s_gpioBases
                0x60006790       0x2c ./drivers/fsl_gpio.o
 .rodata.s_gpioClock
                0x600067bc        0xc ./drivers/fsl_gpio.o
 .rodata.GPIO_GetInstance.str1.4
                0x600067c8       0x33 ./drivers/fsl_gpio.o
 .rodata.GPIO_PinWrite.str1.4
                0x600067c8       0x1b ./drivers/fsl_gpio.o
 .rodata.CLOCK_ControlGate.str1.4
                0x600067c8       0x20 ./drivers/fsl_lpuart.o
 .rodata.s_lpuartBases
                0x600067c8       0x24 ./drivers/fsl_lpuart.o
 .rodata.s_lpuartClock
                0x600067ec       0x12 ./drivers/fsl_lpuart.o
 .rodata.LPUART_GetInstance.str1.4
                0x600067fe       0x38 ./drivers/fsl_lpuart.o
 .rodata.LPUART_Init.str1.4
                0x600067fe      0x10a ./drivers/fsl_lpuart.o
 .rodata.LPUART_GetDefaultConfig.str1.4
                0x600067fe       0x22 ./drivers/fsl_lpuart.o
 .rodata.LPUART_WriteBlocking.str1.4
                0x600067fe       0x21 ./drivers/fsl_lpuart.o
 *fill*         0x600067fe        0x2 ff
 .rodata.s_LpuartAdapterBase
                0x60006800       0x24 ./component/uart/fsl_adapter_lpuart.o
 .rodata.HAL_UartInit.str1.4
                0x60006824      0x116 ./component/uart/fsl_adapter_lpuart.o
 .rodata.HAL_UartSendBlocking.str1.4
                0x60006824       0x7b ./component/uart/fsl_adapter_lpuart.o
 .rodata.CLOCK_SetMux.str1.4
                0x60006824       0x7b ./board/clock_config.o
 .rodata.CLOCK_SetDiv.str1.4
                0x60006824       0x7b ./board/clock_config.o
 .rodata.CLOCK_ControlGate.str1.4
                0x60006824       0x6a ./board/clock_config.o
 .rodata.armPllConfig_BOARD_BootClockRUN
                0x60006824        0x8 ./board/clock_config.o
                0x60006824                armPllConfig_BOARD_BootClockRUN
 .rodata.sysPllConfig_BOARD_BootClockRUN
                0x6000682c       0x14 ./board/clock_config.o
                0x6000682c                sysPllConfig_BOARD_BootClockRUN
 .rodata.CLOCK_ControlGate.str1.4
                0x60006840       0x6a ./board/pin_mux.o
 .rodata.__num_Ciob_streams
                0x60006840        0x4 C:/nxp/MCUXpressoIDE_11.10.0_3148/ide/plugins/com.nxp.mcuxpresso.tools.win32_11.10.0.202311280810/tools/bin/../lib/gcc/arm-none-eabi/13.2.1/../../../../arm-none-eabi/lib/thumb/v7e-m+fp/hard\libcr_nohost_nf.a(__ciob.o)
                0x60006840                __num_Ciob_streams
 .rodata._initio.str1.1
                0x60006844        0x4 C:/nxp/MCUXpressoIDE_11.10.0_3148/ide/plugins/com.nxp.mcuxpresso.tools.win32_11.10.0.202311280810/tools/bin/../lib/gcc/arm-none-eabi/13.2.1/../../../../arm-none-eabi/lib/thumb/v7e-m+fp/hard\libcr_c.a(initio.o)
                0x6000693c                        . = ALIGN (0x4)

.glue_7         0x60006848        0x0
 .glue_7        0x60006848        0x0 linker stubs

.glue_7t        0x60006848        0x0
 .glue_7t       0x60006848        0x0 linker stubs

.vfp11_veneer   0x60006848        0x0
 .vfp11_veneer  0x60006848        0x0 linker stubs

.v4_bx          0x60006848        0x0
 .v4_bx         0x60006848        0x0 linker stubs

.iplt           0x60006848        0x0
 .iplt          0x60006848        0x0 ./xip/fsl_flexspi_nor_boot.o

.rel.dyn        0x60006848        0x0
 .rel.iplt      0x60006848        0x0 ./xip/fsl_flexspi_nor_boot.o

.ARM.extab
 *(SORT_BY_ALIGNMENT(.ARM.extab*) SORT_BY_ALIGNMENT(.gnu.linkonce.armextab.*))

.ARM.exidx      0x60006848        0x0
                0x60006848                        __exidx_start = .
 *(SORT_BY_ALIGNMENT(.ARM.exidx*) SORT_BY_ALIGNMENT(.gnu.linkonce.armexidx.*))
                0x60006848                        __exidx_end = .
                0x60006848                        _etext = .

.data_RAM2      0x00000000        0x0 load address 0x60006848
 FILL mask 0xff
                [!provide]                        PROVIDE (__start_data_RAM2 = .)
                [!provide]                        PROVIDE (__start_data_SRAM_ITC = .)
 *(SORT_BY_ALIGNMENT(.ramfunc.$RAM2))
 *(SORT_BY_ALIGNMENT(.ramfunc.$SRAM_ITC))
 *(SORT_BY_ALIGNMENT(.data.$RAM2))
 *(SORT_BY_ALIGNMENT(.data.$SRAM_ITC))
 *(SORT_BY_ALIGNMENT(.data.$RAM2.*))
 *(SORT_BY_ALIGNMENT(.data.$SRAM_ITC.*))
                0x00000000                        . = ALIGN (0x4)
                [!provide]                        PROVIDE (__end_data_RAM2 = .)
                [!provide]                        PROVIDE (__end_data_SRAM_ITC = .)

.data_RAM3      0x20200000        0x0 load address 0x60006848
 FILL mask 0xff
                [!provide]                        PROVIDE (__start_data_RAM3 = .)
                [!provide]                        PROVIDE (__start_data_SRAM_OC2 = .)
 *(SORT_BY_ALIGNMENT(.ramfunc.$RAM3))
 *(SORT_BY_ALIGNMENT(.ramfunc.$SRAM_OC2))
 *(SORT_BY_ALIGNMENT(.data.$RAM3))
 *(SORT_BY_ALIGNMENT(.data.$SRAM_OC2))
 *(SORT_BY_ALIGNMENT(.data.$RAM3.*))
 *(SORT_BY_ALIGNMENT(.data.$SRAM_OC2.*))
                0x20200000                        . = ALIGN (0x4)
                [!provide]                        PROVIDE (__end_data_RAM3 = .)
                [!provide]                        PROVIDE (__end_data_SRAM_OC2 = .)

.data_RAM4      0x20280000        0x0 load address 0x60006848
 FILL mask 0xff
                [!provide]                        PROVIDE (__start_data_RAM4 = .)
                [!provide]                        PROVIDE (__start_data_SRAM_OC = .)
 *(SORT_BY_ALIGNMENT(.ramfunc.$RAM4))
 *(SORT_BY_ALIGNMENT(.ramfunc.$SRAM_OC))
 *(SORT_BY_ALIGNMENT(.data.$RAM4))
 *(SORT_BY_ALIGNMENT(.data.$SRAM_OC))
 *(SORT_BY_ALIGNMENT(.data.$RAM4.*))
 *(SORT_BY_ALIGNMENT(.data.$SRAM_OC.*))
                0x20280000                        . = ALIGN (0x4)
                [!provide]                        PROVIDE (__end_data_RAM4 = .)
                [!provide]                        PROVIDE (__end_data_SRAM_OC = .)

.data_RAM5      0x80000000        0x0 load address 0x60006848
 FILL mask 0xff
                [!provide]                        PROVIDE (__start_data_RAM5 = .)
                [!provide]                        PROVIDE (__start_data_BOARD_SDRAM = .)
 *(SORT_BY_ALIGNMENT(.ramfunc.$RAM5))
 *(SORT_BY_ALIGNMENT(.ramfunc.$BOARD_SDRAM))
 *(SORT_BY_ALIGNMENT(.data.$RAM5))
 *(SORT_BY_ALIGNMENT(.data.$BOARD_SDRAM))
 *(SORT_BY_ALIGNMENT(.data.$RAM5.*))
 *(SORT_BY_ALIGNMENT(.data.$BOARD_SDRAM.*))
                0x80000000                        . = ALIGN (0x4)
                [!provide]                        PROVIDE (__end_data_RAM5 = .)
                [!provide]                        PROVIDE (__end_data_BOARD_SDRAM = .)

.data_RAM6      0x81e00000        0x0 load address 0x60006848
 FILL mask 0xff
                [!provide]                        PROVIDE (__start_data_RAM6 = .)
                [!provide]                        PROVIDE (__start_data_NCACHE_REGION = .)
 *(SORT_BY_ALIGNMENT(.ramfunc.$RAM6))
 *(SORT_BY_ALIGNMENT(.ramfunc.$NCACHE_REGION))
 *(SORT_BY_ALIGNMENT(.data.$RAM6))
 *(SORT_BY_ALIGNMENT(.data.$NCACHE_REGION))
 *(SORT_BY_ALIGNMENT(.data.$RAM6.*))
 *(SORT_BY_ALIGNMENT(.data.$NCACHE_REGION.*))
                0x81e00000                        . = ALIGN (0x4)
                [!provide]                        PROVIDE (__end_data_RAM6 = .)
                [!provide]                        PROVIDE (__end_data_NCACHE_REGION = .)

.uninit_RESERVED
                0x20000000        0x0
                0x20000000                        _start_uninit_RESERVED = .
 *(SORT_BY_ALIGNMENT(.bss.$RESERVED*))
                0x20000000                        . = ALIGN (0x4)
                0x20000000                        _end_uninit_RESERVED = .

.data           0x20000000        0x4 load address 0x60006848
 FILL mask 0xff
                0x20000000                        _data = .
                [!provide]                        PROVIDE (__start_data_RAM = .)
                [!provide]                        PROVIDE (__start_data_SRAM_DTC = .)
 *(SORT_BY_ALIGNMENT(vtable))
 *(SORT_BY_ALIGNMENT(.ramfunc*))
 *(SORT_BY_ALIGNMENT(CodeQuickAccess))
 *(SORT_BY_ALIGNMENT(DataQuickAccess))
 *(SORT_BY_ALIGNMENT(RamFunction))
 *(SORT_BY_ALIGNMENT(.data*))
 .data.SystemCoreClock
                0x20000000        0x4 ./device/system_MIMXRT1062.o
                0x20000000                SystemCoreClock
                0x20000004                        . = ALIGN (0x4)
                0x20000004                        _edata = .
                [!provide]                        PROVIDE (__end_data_RAM = .)
                [!provide]                        PROVIDE (__end_data_SRAM_DTC = .)

.igot.plt       0x20000004        0x0 load address 0x6000684c
 .igot.plt      0x20000004        0x0 ./xip/fsl_flexspi_nor_boot.o

.bss_RAM2       0x00000000        0x0
                [!provide]                        PROVIDE (__start_bss_RAM2 = .)
                [!provide]                        PROVIDE (__start_bss_SRAM_ITC = .)
 *(SORT_BY_ALIGNMENT(.bss.$RAM2))
 *(SORT_BY_ALIGNMENT(.bss.$SRAM_ITC))
 *(SORT_BY_ALIGNMENT(.bss.$RAM2.*))
 *(SORT_BY_ALIGNMENT(.bss.$SRAM_ITC.*))
                0x00000000                        . = ALIGN ((. != 0x0)?0x4:0x1)
                [!provide]                        PROVIDE (__end_bss_RAM2 = .)
                [!provide]                        PROVIDE (__end_bss_SRAM_ITC = .)

.bss_RAM3       0x20200000        0x0
                [!provide]                        PROVIDE (__start_bss_RAM3 = .)
                [!provide]                        PROVIDE (__start_bss_SRAM_OC2 = .)
 *(SORT_BY_ALIGNMENT(.bss.$RAM3))
 *(SORT_BY_ALIGNMENT(.bss.$SRAM_OC2))
 *(SORT_BY_ALIGNMENT(.bss.$RAM3.*))
 *(SORT_BY_ALIGNMENT(.bss.$SRAM_OC2.*))
                0x20200000                        . = ALIGN ((. != 0x0)?0x4:0x1)
                [!provide]                        PROVIDE (__end_bss_RAM3 = .)
                [!provide]                        PROVIDE (__end_bss_SRAM_OC2 = .)

.bss_RAM4       0x20280000        0x0
                [!provide]                        PROVIDE (__start_bss_RAM4 = .)
                [!provide]                        PROVIDE (__start_bss_SRAM_OC = .)
 *(SORT_BY_ALIGNMENT(.bss.$RAM4))
 *(SORT_BY_ALIGNMENT(.bss.$SRAM_OC))
 *(SORT_BY_ALIGNMENT(.bss.$RAM4.*))
 *(SORT_BY_ALIGNMENT(.bss.$SRAM_OC.*))
                0x20280000                        . = ALIGN ((. != 0x0)?0x4:0x1)
                [!provide]                        PROVIDE (__end_bss_RAM4 = .)
                [!provide]                        PROVIDE (__end_bss_SRAM_OC = .)

.bss_RAM5       0x80000000        0x0
                [!provide]                        PROVIDE (__start_bss_RAM5 = .)
                [!provide]                        PROVIDE (__start_bss_BOARD_SDRAM = .)
 *(SORT_BY_ALIGNMENT(.bss.$RAM5))
 *(SORT_BY_ALIGNMENT(.bss.$BOARD_SDRAM))
 *(SORT_BY_ALIGNMENT(.bss.$RAM5.*))
 *(SORT_BY_ALIGNMENT(.bss.$BOARD_SDRAM.*))
                0x80000000                        . = ALIGN ((. != 0x0)?0x4:0x1)
                [!provide]                        PROVIDE (__end_bss_RAM5 = .)
                [!provide]                        PROVIDE (__end_bss_BOARD_SDRAM = .)

.bss_RAM6       0x81e00000        0x0
                [!provide]                        PROVIDE (__start_bss_RAM6 = .)
                [!provide]                        PROVIDE (__start_bss_NCACHE_REGION = .)
 *(SORT_BY_ALIGNMENT(.bss.$RAM6))
 *(SORT_BY_ALIGNMENT(.bss.$NCACHE_REGION))
 *(SORT_BY_ALIGNMENT(.bss.$RAM6.*))
 *(SORT_BY_ALIGNMENT(.bss.$NCACHE_REGION.*))
                0x81e00000                        . = ALIGN ((. != 0x0)?0x4:0x1)
                [!provide]                        PROVIDE (__end_bss_RAM6 = .)
                [!provide]                        PROVIDE (__end_bss_NCACHE_REGION = .)

.bss            0x20000004      0x130
                0x20000004                        _bss = .
                [!provide]                        PROVIDE (__start_bss_RAM = .)
                [!provide]                        PROVIDE (__start_bss_SRAM_DTC = .)
 *(SORT_BY_ALIGNMENT(.bss*))
 .bss.s_debugConsoleState
                0x20000004       0x20 ./utilities/fsl_debug_console.o
 .bss.g_serialHandle
                0x20000024        0x4 ./utilities/fsl_debug_console.o
                0x20000024                g_serialHandle
 .bss.g_xtalFreq
                0x20000028        0x4 ./drivers/fsl_clock.o
                0x20000028                g_xtalFreq
 .bss.g_rtcXtalFreq
                0x2000002c        0x4 ./drivers/fsl_clock.o
                0x2000002c                g_rtcXtalFreq
 .bss.s_lpuartHandle
                0x20000030       0x24 ./drivers/fsl_lpuart.o
                0x20000030                s_lpuartHandle
 .bss.s_lpuartIsr
                0x20000054       0x24 ./drivers/fsl_lpuart.o
                0x20000054                s_lpuartIsr
 .bss.errno     0x20000078        0x4 C:/nxp/MCUXpressoIDE_11.10.0_3148/ide/plugins/com.nxp.mcuxpresso.tools.win32_11.10.0.202311280810/tools/bin/../lib/gcc/arm-none-eabi/13.2.1/../../../../arm-none-eabi/lib/thumb/v7e-m+fp/hard\libcr_c.a(errno.o)
                0x20000078                errno
 .bss.__Ciob    0x2000007c       0xb4 C:/nxp/MCUXpressoIDE_11.10.0_3148/ide/plugins/com.nxp.mcuxpresso.tools.win32_11.10.0.202311280810/tools/bin/../lib/gcc/arm-none-eabi/13.2.1/../../../../arm-none-eabi/lib/thumb/v7e-m+fp/hard\libcr_nohost_nf.a(__ciob.o)
                0x2000007c                __Ciob
 .bss.s_debugConsoleReadWaitSemaphore
                0x20000130        0x1 ./utilities/fsl_debug_console.o
 *(SORT_BY_ALIGNMENT(COMMON))
                0x20000134                        . = ALIGN (0x4)
 *fill*         0x20000131        0x3 
                0x20000134                        _ebss = .
                [!provide]                        PROVIDE (__end_bss_RAM = .)
                [!provide]                        PROVIDE (__end_bss_SRAM_DTC = .)
                [!provide]                        PROVIDE (end = .)

.noinit_RAM2    0x00000000        0x0
                [!provide]                        PROVIDE (__start_noinit_RAM2 = .)
                [!provide]                        PROVIDE (__start_noinit_SRAM_ITC = .)
 *(SORT_BY_ALIGNMENT(.noinit.$RAM2))
 *(SORT_BY_ALIGNMENT(.noinit.$SRAM_ITC))
 *(SORT_BY_ALIGNMENT(.noinit.$RAM2.*))
 *(SORT_BY_ALIGNMENT(.noinit.$SRAM_ITC.*))
                0x00000000                        . = ALIGN (0x4)
                [!provide]                        PROVIDE (__end_noinit_RAM2 = .)
                [!provide]                        PROVIDE (__end_noinit_SRAM_ITC = .)

.noinit_RAM3    0x20200000        0x0
                [!provide]                        PROVIDE (__start_noinit_RAM3 = .)
                [!provide]                        PROVIDE (__start_noinit_SRAM_OC2 = .)
 *(SORT_BY_ALIGNMENT(.noinit.$RAM3))
 *(SORT_BY_ALIGNMENT(.noinit.$SRAM_OC2))
 *(SORT_BY_ALIGNMENT(.noinit.$RAM3.*))
 *(SORT_BY_ALIGNMENT(.noinit.$SRAM_OC2.*))
                0x20200000                        . = ALIGN (0x4)
                [!provide]                        PROVIDE (__end_noinit_RAM3 = .)
                [!provide]                        PROVIDE (__end_noinit_SRAM_OC2 = .)

.noinit_RAM4    0x20280000        0x0
                [!provide]                        PROVIDE (__start_noinit_RAM4 = .)
                [!provide]                        PROVIDE (__start_noinit_SRAM_OC = .)
 *(SORT_BY_ALIGNMENT(.noinit.$RAM4))
 *(SORT_BY_ALIGNMENT(.noinit.$SRAM_OC))
 *(SORT_BY_ALIGNMENT(.noinit.$RAM4.*))
 *(SORT_BY_ALIGNMENT(.noinit.$SRAM_OC.*))
                0x20280000                        . = ALIGN (0x4)
                [!provide]                        PROVIDE (__end_noinit_RAM4 = .)
                [!provide]                        PROVIDE (__end_noinit_SRAM_OC = .)

.noinit_RAM5    0x80000000        0x0
                [!provide]                        PROVIDE (__start_noinit_RAM5 = .)
                [!provide]                        PROVIDE (__start_noinit_BOARD_SDRAM = .)
 *(SORT_BY_ALIGNMENT(.noinit.$RAM5))
 *(SORT_BY_ALIGNMENT(.noinit.$BOARD_SDRAM))
 *(SORT_BY_ALIGNMENT(.noinit.$RAM5.*))
 *(SORT_BY_ALIGNMENT(.noinit.$BOARD_SDRAM.*))
                0x80000000                        . = ALIGN (0x4)
                [!provide]                        PROVIDE (__end_noinit_RAM5 = .)
                [!provide]                        PROVIDE (__end_noinit_BOARD_SDRAM = .)

.noinit_RAM6    0x81e00000        0x0
                [!provide]                        PROVIDE (__start_noinit_RAM6 = .)
                [!provide]                        PROVIDE (__start_noinit_NCACHE_REGION = .)
 *(SORT_BY_ALIGNMENT(.noinit.$RAM6))
 *(SORT_BY_ALIGNMENT(.noinit.$NCACHE_REGION))
 *(SORT_BY_ALIGNMENT(.noinit.$RAM6.*))
 *(SORT_BY_ALIGNMENT(.noinit.$NCACHE_REGION.*))
                0x81e00000                        . = ALIGN (0x4)
                [!provide]                        PROVIDE (__end_noinit_RAM6 = .)
                [!provide]                        PROVIDE (__end_noinit_NCACHE_REGION = .)

.noinit         0x20000134        0x0
                0x20000134                        _noinit = .
                [!provide]                        PROVIDE (__start_noinit_RAM = .)
                [!provide]                        PROVIDE (__start_noinit_SRAM_DTC = .)
 *(SORT_BY_ALIGNMENT(.noinit*))
                0x20000134                        . = ALIGN (0x4)
                0x20000134                        _end_noinit = .
                [!provide]                        PROVIDE (__end_noinit_RAM = .)
                [!provide]                        PROVIDE (__end_noinit_SRAM_DTC = .)
                0x00001000                        _HeapSize = 0x1000

.heap           0x20000134     0x1000
                0x20000134                        _pvHeapStart = .
                0x20001134                        . = (. + _HeapSize)
 *fill*         0x20000134     0x1000 
                0x20001134                        . = ALIGN (0x4)
                0x20001134                        _pvHeapLimit = .
                0x00001000                        _StackSize = 0x1000

.heap2stackfill
                0x20001134     0x1000
                0x20002134                        . = (. + _StackSize)
 *fill*         0x20001134     0x1000 

.stack          0x2001f000        0x0
                0x2001f000                        _vStackBase = .
                0x2001f000                        . = ALIGN (0x4)
                0x20020000                        _vStackTop = (. + _StackSize)
                0x60002000                        _image_start = LOADADDR (.text)
                0x6000684c                        _image_end = (LOADADDR (.data) + SIZEOF (.data))
                0x0000484c                        _image_size = (_image_end - _image_start)
OUTPUT(Try2.axf elf32-littlearm)
LOAD linker stubs

.debug_info     0x00000000    0x13531
 .debug_info    0x00000000      0x878 ./xip/evkbmimxrt1060_flexspi_nor_config.o
 .debug_info    0x00000878      0x499 ./xip/fsl_flexspi_nor_boot.o
 .debug_info    0x00000d11      0x12e ./utilities/fsl_assert.o
 .debug_info    0x00000e3f      0xe21 ./utilities/fsl_debug_console.o
 .debug_info    0x00001c60      0xd5d ./utilities/fsl_str.o
 .debug_info    0x000029bd     0x14d4 ./startup/startup_mimxrt1062.o
 .debug_info    0x00003e91      0x554 ./source/Try2.o
 .debug_info    0x000043e5       0x3c ./source/semihost_hardfault.o
 .debug_info    0x00004421     0x2594 ./drivers/fsl_clock.o
 .debug_info    0x000069b5      0x342 ./drivers/fsl_common_arm.o
 .debug_info    0x00006cf7      0xe4d ./drivers/fsl_gpio.o
 .debug_info    0x00007b44     0x2b11 ./drivers/fsl_lpuart.o
 .debug_info    0x0000a655      0xc53 ./device/system_MIMXRT1062.o
 .debug_info    0x0000b2a8      0xbf7 ./component/uart/fsl_adapter_lpuart.o
 .debug_info    0x0000be9f      0xd95 ./component/serial_manager/fsl_component_serial_manager.o
 .debug_info    0x0000cc34      0x551 ./component/serial_manager/fsl_component_serial_port_uart.o
 .debug_info    0x0000d185     0x1054 ./board/board.o
 .debug_info    0x0000e1d9     0x1b85 ./board/clock_config.o
 .debug_info    0x0000fd5e      0xd5c ./board/pin_mux.o
 .debug_info    0x00010aba       0x85 C:/nxp/MCUXpressoIDE_11.10.0_3148/ide/plugins/com.nxp.mcuxpresso.tools.win32_11.10.0.202311280810/tools/bin/../lib/gcc/arm-none-eabi/13.2.1/../../../../arm-none-eabi/lib/thumb/v7e-m+fp/hard\libcr_nohost_nf.a(_cr__main.o)
 .debug_info    0x00010b3f      0x12b C:/nxp/MCUXpressoIDE_11.10.0_3148/ide/plugins/com.nxp.mcuxpresso.tools.win32_11.10.0.202311280810/tools/bin/../lib/gcc/arm-none-eabi/13.2.1/../../../../arm-none-eabi/lib/thumb/v7e-m+fp/hard\libcr_c.a(memcpy.o)
 .debug_info    0x00010c6a       0xfc C:/nxp/MCUXpressoIDE_11.10.0_3148/ide/plugins/com.nxp.mcuxpresso.tools.win32_11.10.0.202311280810/tools/bin/../lib/gcc/arm-none-eabi/13.2.1/../../../../arm-none-eabi/lib/thumb/v7e-m+fp/hard\libcr_c.a(memset.o)
 .debug_info    0x00010d66      0x520 C:/nxp/MCUXpressoIDE_11.10.0_3148/ide/plugins/com.nxp.mcuxpresso.tools.win32_11.10.0.202311280810/tools/bin/../lib/gcc/arm-none-eabi/13.2.1/../../../../arm-none-eabi/lib/thumb/v7e-m+fp/hard\libcr_c.a(alloc.o)
 .debug_info    0x00011286       0x44 C:/nxp/MCUXpressoIDE_11.10.0_3148/ide/plugins/com.nxp.mcuxpresso.tools.win32_11.10.0.202311280810/tools/bin/../lib/gcc/arm-none-eabi/13.2.1/../../../../arm-none-eabi/lib/thumb/v7e-m+fp/hard\libcr_c.a(errno.o)
 .debug_info    0x000112ca      0x339 C:/nxp/MCUXpressoIDE_11.10.0_3148/ide/plugins/com.nxp.mcuxpresso.tools.win32_11.10.0.202311280810/tools/bin/../lib/gcc/arm-none-eabi/13.2.1/../../../../arm-none-eabi/lib/thumb/v7e-m+fp/hard\libcr_c.a(initio.o)
 .debug_info    0x00011603      0x1fd C:/nxp/MCUXpressoIDE_11.10.0_3148/ide/plugins/com.nxp.mcuxpresso.tools.win32_11.10.0.202311280810/tools/bin/../lib/gcc/arm-none-eabi/13.2.1/../../../../arm-none-eabi/lib/thumb/v7e-m+fp/hard\libcr_c.a(setvbuf.o)
 .debug_info    0x00011800       0xe1 C:/nxp/MCUXpressoIDE_11.10.0_3148/ide/plugins/com.nxp.mcuxpresso.tools.win32_11.10.0.202311280810/tools/bin/../lib/gcc/arm-none-eabi/13.2.1/../../../../arm-none-eabi/lib/thumb/v7e-m+fp/hard\libcr_c.a(strlen.o)
 .debug_info    0x000118e1      0x369 C:/nxp/MCUXpressoIDE_11.10.0_3148/ide/plugins/com.nxp.mcuxpresso.tools.win32_11.10.0.202311280810/tools/bin/../lib/gcc/arm-none-eabi/13.2.1/../../../../arm-none-eabi/lib/thumb/v7e-m+fp/hard\libcr_c.a(_deferredlazyseek.o)
 .debug_info    0x00011c4a      0x24b C:/nxp/MCUXpressoIDE_11.10.0_3148/ide/plugins/com.nxp.mcuxpresso.tools.win32_11.10.0.202311280810/tools/bin/../lib/gcc/arm-none-eabi/13.2.1/../../../../arm-none-eabi/lib/thumb/v7e-m+fp/hard\libcr_c.a(_fdopen.o)
 .debug_info    0x00011e95      0x1e3 C:/nxp/MCUXpressoIDE_11.10.0_3148/ide/plugins/com.nxp.mcuxpresso.tools.win32_11.10.0.202311280810/tools/bin/../lib/gcc/arm-none-eabi/13.2.1/../../../../arm-none-eabi/lib/thumb/v7e-m+fp/hard\libcr_c.a(_fflush.o)
 .debug_info    0x00012078      0x289 C:/nxp/MCUXpressoIDE_11.10.0_3148/ide/plugins/com.nxp.mcuxpresso.tools.win32_11.10.0.202311280810/tools/bin/../lib/gcc/arm-none-eabi/13.2.1/../../../../arm-none-eabi/lib/thumb/v7e-m+fp/hard\libcr_c.a(_writebuf.o)
 .debug_info    0x00012301      0x318 C:/nxp/MCUXpressoIDE_11.10.0_3148/ide/plugins/com.nxp.mcuxpresso.tools.win32_11.10.0.202311280810/tools/bin/../lib/gcc/arm-none-eabi/13.2.1/../../../../arm-none-eabi/lib/thumb/v7e-m+fp/hard\libcr_c.a(fclose.o)
 .debug_info    0x00012619      0x209 C:/nxp/MCUXpressoIDE_11.10.0_3148/ide/plugins/com.nxp.mcuxpresso.tools.win32_11.10.0.202311280810/tools/bin/../lib/gcc/arm-none-eabi/13.2.1/../../../../arm-none-eabi/lib/thumb/v7e-m+fp/hard\libcr_c.a(fflush.o)
 .debug_info    0x00012822      0x276 C:/nxp/MCUXpressoIDE_11.10.0_3148/ide/plugins/com.nxp.mcuxpresso.tools.win32_11.10.0.202311280810/tools/bin/../lib/gcc/arm-none-eabi/13.2.1/../../../../arm-none-eabi/lib/thumb/v7e-m+fp/hard\libcr_c.a(fseek.o)
 .debug_info    0x00012a98      0x197 C:/nxp/MCUXpressoIDE_11.10.0_3148/ide/plugins/com.nxp.mcuxpresso.tools.win32_11.10.0.202311280810/tools/bin/../lib/gcc/arm-none-eabi/13.2.1/../../../../arm-none-eabi/lib/thumb/v7e-m+fp/hard\libcr_c.a(ftell.o)
 .debug_info    0x00012c2f      0x1d7 C:/nxp/MCUXpressoIDE_11.10.0_3148/ide/plugins/com.nxp.mcuxpresso.tools.win32_11.10.0.202311280810/tools/bin/../lib/gcc/arm-none-eabi/13.2.1/../../../../arm-none-eabi/lib/thumb/v7e-m+fp/hard\libcr_c.a(remove.o)
 .debug_info    0x00012e06      0x23a C:/nxp/MCUXpressoIDE_11.10.0_3148/ide/plugins/com.nxp.mcuxpresso.tools.win32_11.10.0.202311280810/tools/bin/../lib/gcc/arm-none-eabi/13.2.1/../../../../arm-none-eabi/lib/thumb/v7e-m+fp/hard\libcr_c.a(_do_fflush.o)
 .debug_info    0x00013040      0x18b C:/nxp/MCUXpressoIDE_11.10.0_3148/ide/plugins/com.nxp.mcuxpresso.tools.win32_11.10.0.202311280810/tools/bin/../lib/gcc/arm-none-eabi/13.2.1/../../../../arm-none-eabi/lib/thumb/v7e-m+fp/hard\libcr_nohost_nf.a(__ciob.o)
 .debug_info    0x000131cb       0x6a C:/nxp/MCUXpressoIDE_11.10.0_3148/ide/plugins/com.nxp.mcuxpresso.tools.win32_11.10.0.202311280810/tools/bin/../lib/gcc/arm-none-eabi/13.2.1/../../../../arm-none-eabi/lib/thumb/v7e-m+fp/hard\libcr_nohost_nf.a(__sys_close.o)
 .debug_info    0x00013235       0x6a C:/nxp/MCUXpressoIDE_11.10.0_3148/ide/plugins/com.nxp.mcuxpresso.tools.win32_11.10.0.202311280810/tools/bin/../lib/gcc/arm-none-eabi/13.2.1/../../../../arm-none-eabi/lib/thumb/v7e-m+fp/hard\libcr_nohost_nf.a(__sys_flen.o)
 .debug_info    0x0001329f       0x6a C:/nxp/MCUXpressoIDE_11.10.0_3148/ide/plugins/com.nxp.mcuxpresso.tools.win32_11.10.0.202311280810/tools/bin/../lib/gcc/arm-none-eabi/13.2.1/../../../../arm-none-eabi/lib/thumb/v7e-m+fp/hard\libcr_nohost_nf.a(__sys_istty.o)
 .debug_info    0x00013309       0x8a C:/nxp/MCUXpressoIDE_11.10.0_3148/ide/plugins/com.nxp.mcuxpresso.tools.win32_11.10.0.202311280810/tools/bin/../lib/gcc/arm-none-eabi/13.2.1/../../../../arm-none-eabi/lib/thumb/v7e-m+fp/hard\libcr_nohost_nf.a(__sys_remove.o)
 .debug_info    0x00013393       0x78 C:/nxp/MCUXpressoIDE_11.10.0_3148/ide/plugins/com.nxp.mcuxpresso.tools.win32_11.10.0.202311280810/tools/bin/../lib/gcc/arm-none-eabi/13.2.1/../../../../arm-none-eabi/lib/thumb/v7e-m+fp/hard\libcr_nohost_nf.a(__sys_seek.o)
 .debug_info    0x0001340b       0x93 C:/nxp/MCUXpressoIDE_11.10.0_3148/ide/plugins/com.nxp.mcuxpresso.tools.win32_11.10.0.202311280810/tools/bin/../lib/gcc/arm-none-eabi/13.2.1/../../../../arm-none-eabi/lib/thumb/v7e-m+fp/hard\libcr_nohost_nf.a(__sys_tmpnam.o)
 .debug_info    0x0001349e       0x93 C:/nxp/MCUXpressoIDE_11.10.0_3148/ide/plugins/com.nxp.mcuxpresso.tools.win32_11.10.0.202311280810/tools/bin/../lib/gcc/arm-none-eabi/13.2.1/../../../../arm-none-eabi/lib/thumb/v7e-m+fp/hard\libcr_nohost_nf.a(__sys_write.o)

.debug_abbrev   0x00000000     0x3dd6