C:\Users\USER\Documents\MCUXpressoIDE_11.10.0_3148\workspace\Try2\drivers/fsl_gpio.h:176:24:GPIO_PinRead	16	static
C:\Users\USER\Documents\MCUXpressoIDE_11.10.0_3148\workspace\Try2\drivers/fsl_iomuxc.h:1288:20:IOMUXC_SetPinMux	24	static
C:\Users\USER\Documents\MCUXpressoIDE_11.10.0_3148\workspace\Try2\drivers/fsl_iomuxc.h:1320:20:IOMUXC_SetPinConfig	24	static
../source/Try2.c:13:6:GPIO_Init	24	static
../source/Try2.c:37:6:AM2120_StartSignal	16	static
../source/Try2.c:56:9:AM2120_ReadBit	8	static
../source/Try2.c:65:6:AM2120_ReadData	40	static
../source/Try2.c:109:5:main	16	static
