Archive member included to satisfy reference by file (symbol)

C:/nxp/MCUXpressoIDE_11.10.0_3148/ide/plugins/com.nxp.mcuxpresso.tools.win32_11.10.0.202311280810/tools/bin/../lib/gcc/arm-none-eabi/13.2.1/../../../../arm-none-eabi/lib/thumb/v7e-m+fp/hard\libcr_nohost_nf.a(_cr__main.o)
                              ./startup/startup_mimxrt1062.o (__main)
C:/nxp/MCUXpressoIDE_11.10.0_3148/ide/plugins/com.nxp.mcuxpresso.tools.win32_11.10.0.202311280810/tools/bin/../lib/gcc/arm-none-eabi/13.2.1/../../../../arm-none-eabi/lib/thumb/v7e-m+fp/hard\libcr_c.a(memcpy.o)
                              ./utilities/fsl_str.o (memcpy)
C:/nxp/MCUXpressoIDE_11.10.0_3148/ide/plugins/com.nxp.mcuxpresso.tools.win32_11.10.0.202311280810/tools/bin/../lib/gcc/arm-none-eabi/13.2.1/../../../../arm-none-eabi/lib/thumb/v7e-m+fp/hard\libcr_c.a(memset.o)
                              ./utilities/fsl_debug_console.o (memset)
C:/nxp/MCUXpressoIDE_11.10.0_3148/ide/plugins/com.nxp.mcuxpresso.tools.win32_11.10.0.202311280810/tools/bin/../lib/gcc/arm-none-eabi/13.2.1/../../../../arm-none-eabi/lib/thumb/v7e-m+fp/hard\libcr_c.a(alloc.o)
                              ./drivers/fsl_common.o (malloc)
C:/nxp/MCUXpressoIDE_11.10.0_3148/ide/plugins/com.nxp.mcuxpresso.tools.win32_11.10.0.202311280810/tools/bin/../lib/gcc/arm-none-eabi/13.2.1/../../../../arm-none-eabi/lib/thumb/v7e-m+fp/hard\libcr_c.a(cr_time.o)
                              ./source/MIMXRT1062_Project.o (time)
C:/nxp/MCUXpressoIDE_11.10.0_3148/ide/plugins/com.nxp.mcuxpresso.tools.win32_11.10.0.202311280810/tools/bin/../lib/gcc/arm-none-eabi/13.2.1/../../../../arm-none-eabi/lib/thumb/v7e-m+fp/hard\libcr_c.a(errno.o)
                              ./utilities/fsl_str.o (errno)
C:/nxp/MCUXpressoIDE_11.10.0_3148/ide/plugins/com.nxp.mcuxpresso.tools.win32_11.10.0.202311280810/tools/bin/../lib/gcc/arm-none-eabi/13.2.1/../../../../arm-none-eabi/lib/thumb/v7e-m+fp/hard\libcr_c.a(fclose.o)
                              ./source/MIMXRT1062_Project.o (fclose)
C:/nxp/MCUXpressoIDE_11.10.0_3148/ide/plugins/com.nxp.mcuxpresso.tools.win32_11.10.0.202311280810/tools/bin/../lib/gcc/arm-none-eabi/13.2.1/../../../../arm-none-eabi/lib/thumb/v7e-m+fp/hard\libcr_c.a(fflush.o)
                              C:/nxp/MCUXpressoIDE_11.10.0_3148/ide/plugins/com.nxp.mcuxpresso.tools.win32_11.10.0.202311280810/tools/bin/../lib/gcc/arm-none-eabi/13.2.1/../../../../arm-none-eabi/lib/thumb/v7e-m+fp/hard\libcr_c.a(fclose.o) (fflush)
C:/nxp/MCUXpressoIDE_11.10.0_3148/ide/plugins/com.nxp.mcuxpresso.tools.win32_11.10.0.202311280810/tools/bin/../lib/gcc/arm-none-eabi/13.2.1/../../../../arm-none-eabi/lib/thumb/v7e-m+fp/hard\libcr_c.a(fopen.o)
                              ./source/MIMXRT1062_Project.o (fopen)
C:/nxp/MCUXpressoIDE_11.10.0_3148/ide/plugins/com.nxp.mcuxpresso.tools.win32_11.10.0.202311280810/tools/bin/../lib/gcc/arm-none-eabi/13.2.1/../../../../arm-none-eabi/lib/thumb/v7e-m+fp/hard\libcr_c.a(freopen.o)
                              C:/nxp/MCUXpressoIDE_11.10.0_3148/ide/plugins/com.nxp.mcuxpresso.tools.win32_11.10.0.202311280810/tools/bin/../lib/gcc/arm-none-eabi/13.2.1/../../../../arm-none-eabi/lib/thumb/v7e-m+fp/hard\libcr_c.a(fopen.o) (freopen)
C:/nxp/MCUXpressoIDE_11.10.0_3148/ide/plugins/com.nxp.mcuxpresso.tools.win32_11.10.0.202311280810/tools/bin/../lib/gcc/arm-none-eabi/13.2.1/../../../../arm-none-eabi/lib/thumb/v7e-m+fp/hard\libcr_c.a(fseek.o)
                              C:/nxp/MCUXpressoIDE_11.10.0_3148/ide/plugins/com.nxp.mcuxpresso.tools.win32_11.10.0.202311280810/tools/bin/../lib/gcc/arm-none-eabi/13.2.1/../../../../arm-none-eabi/lib/thumb/v7e-m+fp/hard\libcr_c.a(freopen.o) (fseek)
C:/nxp/MCUXpressoIDE_11.10.0_3148/ide/plugins/com.nxp.mcuxpresso.tools.win32_11.10.0.202311280810/tools/bin/../lib/gcc/arm-none-eabi/13.2.1/../../../../arm-none-eabi/lib/thumb/v7e-m+fp/hard\libcr_c.a(ftell.o)
                              C:/nxp/MCUXpressoIDE_11.10.0_3148/ide/plugins/com.nxp.mcuxpresso.tools.win32_11.10.0.202311280810/tools/bin/../lib/gcc/arm-none-eabi/13.2.1/../../../../arm-none-eabi/lib/thumb/v7e-m+fp/hard\libcr_c.a(fseek.o) (ftell)
C:/nxp/MCUXpressoIDE_11.10.0_3148/ide/plugins/com.nxp.mcuxpresso.tools.win32_11.10.0.202311280810/tools/bin/../lib/gcc/arm-none-eabi/13.2.1/../../../../arm-none-eabi/lib/thumb/v7e-m+fp/hard\libcr_c.a(initio.o)
                              C:/nxp/MCUXpressoIDE_11.10.0_3148/ide/plugins/com.nxp.mcuxpresso.tools.win32_11.10.0.202311280810/tools/bin/../lib/gcc/arm-none-eabi/13.2.1/../../../../arm-none-eabi/lib/thumb/v7e-m+fp/hard\libcr_nohost_nf.a(_cr__main.o) (_initio)
C:/nxp/MCUXpressoIDE_11.10.0_3148/ide/plugins/com.nxp.mcuxpresso.tools.win32_11.10.0.202311280810/tools/bin/../lib/gcc/arm-none-eabi/13.2.1/../../../../arm-none-eabi/lib/thumb/v7e-m+fp/hard\libcr_c.a(locale.o)
                              ./source/MIMXRT1062_Project.o (strftime)
[...]
Memory Configuration

Name             Origin             Length             Attributes
BOARD_FLASH      0x60000000         0x00800000         xr
SRAM_DTC         0x20000000         0x00020000         xrw
SRAM_ITC         0x00000000         0x00020000         xrw
SRAM_OC2         0x20200000         0x00080000         xrw
SRAM_OC          0x20280000         0x00040000         xrw
BOARD_SDRAM      0x80000000         0x01e00000         xrw
NCACHE_REGION    0x81e00000         0x00200000         xrw
*default*        0x00000000         0xffffffff

Linker script and memory map

LOAD ./xip/evkbmimxrt1060_flexspi_nor_config.o
LOAD ./xip/fsl_flexspi_nor_boot.o
LOAD ./utilities/fsl_assert.o
LOAD ./utilities/fsl_debug_console.o
LOAD ./utilities/fsl_str.o
LOAD ./startup/startup_mimxrt1062.o
LOAD ./source/MIMXRT1062_Project.o
LOAD ./source/semihost_hardfault.o
LOAD ./drivers/fsl_clock.o
LOAD ./drivers/fsl_common.o
LOAD ./drivers/fsl_common_arm.o
LOAD ./drivers/fsl_gpio.o
LOAD ./drivers/fsl_lpuart.o
LOAD ./device/system_MIMXRT1062.o
LOAD ./component/uart/fsl_adapter_lpuart.o
LOAD ./component/serial_manager/fsl_component_serial_manager.o
LOAD ./component/serial_manager/fsl_component_serial_port_uart.o
LOAD ./component/lists/fsl_component_generic_list.o
LOAD ./board/board.o
LOAD ./board/clock_config.o
LOAD ./board/dcd.o
LOAD ./board/peripherals.o
LOAD ./board/pin_mux.o
START GROUP
LOAD C:/nxp/MCUXpressoIDE_11.10.0_3148/ide/plugins/com.nxp.mcuxpresso.tools.win32_11.10.0.202311280810/tools/bin/../lib/gcc/arm-none-eabi/13.2.1/../../../../arm-none-eabi/lib/thumb/v7e-m+fp/hard\libcr_nohost_nf.a
LOAD C:/nxp/MCUXpressoIDE_11.10.0_3148/ide/plugins/com.nxp.mcuxpresso.tools.win32_11.10.0.202311280810/tools/bin/../lib/gcc/arm-none-eabi/13.2.1/../../../../arm-none-eabi/lib/thumb/v7e-m+fp/hard\libcr_c.a
LOAD C:/nxp/MCUXpressoIDE_11.10.0_3148/ide/plugins/com.nxp.mcuxpresso.tools.win32_11.10.0.202311280810/tools/bin/../lib/gcc/arm-none-eabi/13.2.1/thumb/v7e-m+fp/hard\libcr_eabihelpers.a
LOAD C:/nxp/MCUXpressoIDE_11.10.0_3148/ide/plugins/com.nxp.mcuxpresso.tools.win32_11.10.0.202311280810/tools/bin/../lib/gcc/arm-none-eabi/13.2.1/thumb/v7e-m+fp/hard\libgcc.a
END GROUP
                0x60000000                        __base_BOARD_FLASH = 0x60000000
                0x60000000                        __base_Flash = 0x60000000
                0x60800000                        __top_BOARD_FLASH = 0x60800000
                0x60800000                        __top_Flash = 0x60800000
                0x20000000                        __base_SRAM_DTC = 0x20000000
                0x20000000                        __base_RAM = 0x20000000
                0x20020000                        __top_SRAM_DTC = 0x20020000
                0x20020000                        __top_RAM = 0x20020000
                0x00000000                        __base_SRAM_ITC = 0x0
                0x00000000                        __base_RAM2 = 0x0
                0x00020000                        __top_SRAM_ITC = 0x20000
                0x00020000                        __top_RAM2 = 0x20000
                0x20200000                        __base_SRAM_OC2 = 0x20200000
                0x20200000                        __base_RAM3 = 0x20200000
                0x20280000                        __top_SRAM_OC2 = 0x20280000
                0x20280000                        __top_RAM3 = 0x20280000
                0x20280000                        __base_SRAM_OC = 0x20280000
                0x20280000                        __base_RAM4 = 0x20280000
                0x202c0000                        __top_SRAM_OC = 0x202c0000
                0x202c0000                        __top_RAM4 = 0x202c0000
                0x80000000                        __base_BOARD_SDRAM = 0x80000000
                0x80000000                        __base_RAM5 = 0x80000000
                0x81e00000                        __top_BOARD_SDRAM = 0x81e00000
                0x81e00000                        __top_RAM5 = 0x81e00000
                0x81e00000                        __base_NCACHE_REGION = 0x81e00000
                0x81e00000                        __base_RAM6 = 0x81e00000
                0x82000000                        __top_NCACHE_REGION = 0x82000000
                0x82000000                        __top_RAM6 = 0x82000000

.boot_hdr       0x60000000     0x2000
 FILL mask 0xff
                0x60000000                        __boot_hdr_start__ = ABSOLUTE (.)
 *(SORT_BY_ALIGNMENT(.boot_hdr.conf))
 .boot_hdr.conf
                0x60000000      0x200 ./xip/evkbmimxrt1060_flexspi_nor_config.o
                0x60000000                qspiflash_config
                0x00001000                        . = 0x1000
 *fill*         0x60000200      0xe00 ff
 *(SORT_BY_ALIGNMENT(.boot_hdr.ivt))
 .boot_hdr.ivt  0x60001000       0x20 ./xip/fsl_flexspi_nor_boot.o
                0x60001000                image_vector_table
                0x00001020                        . = 0x1020
 *(SORT_BY_ALIGNMENT(.boot_hdr.boot_data))
 .boot_hdr.boot_data
                0x60001020       0x10 ./xip/fsl_flexspi_nor_boot.o
                0x60001020                g_boot_data
                0x00001030                        . = 0x1030
 *(SORT_BY_ALIGNMENT(.boot_hdr.dcd_data))
                0x60001030                        __boot_hdr_end__ = ABSOLUTE (.)
                0x00002000                        . = 0x2000
 *fill*         0x60001030      0xfd0 ff

.text           0x60002000     0x7170
 FILL mask 0xff
                0x60002000                        __vectors_start__ = ABSOLUTE (.)
 *(SORT_BY_ALIGNMENT(.isr_vector))
 .isr_vector    0x60002000      0x2b8 ./startup/startup_mimxrt1062.o
                0x60002000                g_pfnVectors
                0x60002000                __Vectors
                0x600022b8                        . = ALIGN (0x4)
                0x600022b8                        __section_table_start = .
                0x600022b8                        __data_section_table = .
                0x600022b8        0x4 LONG 0x60009170 LOADADDR (.data)
                0x600022bc        0x4 LONG 0x20000000 ADDR (.data)
                0x600022c0        0x4 LONG 0x8 SIZEOF (.data)
                0x600022c4        0x4 LONG 0x60009170 LOADADDR (.data_RAM2)
                0x600022c8        0x4 LONG 0x0 ADDR (.data_RAM2)
                0x600022cc        0x4 LONG 0x0 SIZEOF (.data_RAM2)
                0x600022d0        0x4 LONG 0x60009170 LOADADDR (.data_RAM3)
                0x600022d4        0x4 LONG 0x20200000 ADDR (.data_RAM3)
                0x600022d8        0x4 LONG 0x0 SIZEOF (.data_RAM3)
                0x600022dc        0x4 LONG 0x60009170 LOADADDR (.data_RAM4)
                0x600022e0        0x4 LONG 0x20280000 ADDR (.data_RAM4)
                0x600022e4        0x4 LONG 0x0 SIZEOF (.data_RAM4)
                0x600022e8        0x4 LONG 0x60009170 LOADADDR (.data_RAM5)
                0x600022ec        0x4 LONG 0x80000000 ADDR (.data_RAM5)
                0x600022f0        0x4 LONG 0x0 SIZEOF (.data_RAM5)
                0x600022f4        0x4 LONG 0x60009170 LOADADDR (.data_RAM6)
                0x600022f8        0x4 LONG 0x81e00000 ADDR (.data_RAM6)
                0x600022fc        0x4 LONG 0x0 SIZEOF (.data_RAM6)
                0x60002300                        __data_section_table_end = .
                0x60002300                        __bss_section_table = .
                0x60002300        0x4 LONG 0x20000008 ADDR (.bss)
                0x60002304        0x4 LONG 0x15c SIZEOF (.bss)
                0x60002308        0x4 LONG 0x0 ADDR (.bss_RAM2)
                0x6000230c        0x4 LONG 0x0 SIZEOF (.bss_RAM2)
                0x60002310        0x4 LONG 0x20200000 ADDR (.bss_RAM3)
                0x60002314        0x4 LONG 0x0 SIZEOF (.bss_RAM3)
                0x60002318        0x4 LONG 0x20280000 ADDR (.bss_RAM4)
                0x6000231c        0x4 LONG 0x0 SIZEOF (.bss_RAM4)
                0x60002320        0x4 LONG 0x80000000 ADDR (.bss_RAM5)
                0x60002324        0x4 LONG 0x0 SIZEOF (.bss_RAM5)
                0x60002328        0x4 LONG 0x81e00000 ADDR (.bss_RAM6)
                0x6000232c        0x4 LONG 0x0 SIZEOF (.bss_RAM6)
                0x60002330                        __bss_section_table_end = .
                0x60002330                        __section_table_end = .
 *(SORT_BY_ALIGNMENT(.after_vectors*))
 .after_vectors.reset
                0x60002330       0x54 ./startup/startup_mimxrt1062.o
                0x60002330                ResetISR
 .after_vectors.init_data
                0x60002384       0x1e ./startup/startup_mimxrt1062.o
                0x60002384                data_init
 .after_vectors.init_bss
                0x600023a2       0x12 ./startup/startup_mimxrt1062.o
                0x600023a2                bss_init
 .after_vectors
                0x600023b4       0x14 ./startup/startup_mimxrt1062.o
                0x600023b4                NMI_Handler
                0x600023b8                MemManage_Handler
                0x600023ba                BusFault_Handler
                0x600023bc                UsageFault_Handler
                0x600023be                SVC_Handler
                0x600023c0                DebugMon_Handler
                0x600023c2                PendSV_Handler
                0x600023c4                SysTick_Handler
                0x600023c6                PIT_DriverIRQHandler
                0x600023c6                PMU_EVENT_DriverIRQHandler
                0x600023c6                PWM4_FAULT_DriverIRQHandler
                0x600023c6                DMA13_DMA29_DriverIRQHandler
                0x600023c6                SAI3_RX_DriverIRQHandler
                0x600023c6                LPSPI4_DriverIRQHandler
                0x600023c6                SEMC_DriverIRQHandler
                0x600023c6                SPDIF_DriverIRQHandler
                0x600023c6                CCM_2_DriverIRQHandler
                0x600023c6                PWM4_3_DriverIRQHandler
                0x600023c6                ENET2_DriverIRQHandler
                0x600023c6                FLEXRAM_DriverIRQHandler
                0x600023c6                LCDIF_DriverIRQHandler
                0x600023c6                USB_PHY1_DriverIRQHandler
                0x600023c6                GPIO3_Combined_0_15_DriverIRQHandler
                0x600023c6                CAN3_DriverIRQHandler
                0x600023c6                Reserved171_DriverIRQHandler
                0x600023c6                DMA7_DMA23_DriverIRQHandler
                0x600023c6                BEE_DriverIRQHandler
                0x600023c6                LPI2C3_DriverIRQHandler
                0x600023c6                GPR_IRQ_DriverIRQHandler
                0x600023c6                PWM2_FAULT_DriverIRQHandler
                0x600023c6                PWM3_1_DriverIRQHandler
                0x600023c6                DMA14_DMA30_DriverIRQHandler
                0x600023c6                TMR1_DriverIRQHandler
                0x600023c6                TRNG_DriverIRQHandler
                0x600023c6                PWM3_2_DriverIRQHandler
                0x600023c6                ENET_1588_Timer_DriverIRQHandler
                0x600023c6                FLEXIO2_DriverIRQHandler
                0x600023c6                GPIO2_Combined_16_31_DriverIRQHandler
                0x600023c6                Reserved143_DriverIRQHandler
                0x600023c6                LPSPI2_DriverIRQHandler
                0x600023c6                PWM4_1_DriverIRQHandler
                0x600023c6                PWM3_3_DriverIRQHandler
                0x600023c6                DMA0_DMA16_DriverIRQHandler
                0x600023c6                IntDefaultHandler
                0x600023c6                DMA2_DMA18_DriverIRQHandler
                0x600023c6                SRC_DriverIRQHandler
                0x600023c6                GPIO1_INT4_DriverIRQHandler
                0x600023c6                Reserved144_DriverIRQHandler
                0x600023c6                USDHC1_DriverIRQHandler
                0x600023c6                ENC3_DriverIRQHandler
                0x600023c6                PWM3_FAULT_DriverIRQHandler
                0x600023c6                EWM_DriverIRQHandler
                0x600023c6                FLEXSPI2_DriverIRQHandler
                0x600023c6                WDOG1_DriverIRQHandler
                0x600023c6                FLEXIO1_DriverIRQHandler
                0x600023c6                ENET_DriverIRQHandler
                0x600023c6                Reserved78_DriverIRQHandler
                0x600023c6                TMR4_DriverIRQHandler
                0x600023c6                ENC2_DriverIRQHandler
                0x600023c6                ADC_ETC_IRQ2_DriverIRQHandler
                0x600023c6                GPIO1_Combined_16_31_DriverIRQHandler
                0x600023c6                GPIO1_INT7_DriverIRQHandler
                0x600023c6                SAI1_DriverIRQHandler
                0x600023c6                DCDC_DriverIRQHandler
                0x600023c6                DMA12_DMA28_DriverIRQHandler
                0x600023c6                PWM4_0_DriverIRQHandler
                0x600023c6                ADC_ETC_ERROR_IRQ_DriverIRQHandler
                0x600023c6                ACMP2_DriverIRQHandler
                0x600023c6                GPIO5_Combined_0_15_DriverIRQHandler
                0x600023c6                GPIO1_INT0_DriverIRQHandler
                0x600023c6                GPIO1_INT2_DriverIRQHandler
                0x600023c6                RTWDOG_DriverIRQHandler
                0x600023c6                FLEXSPI_DriverIRQHandler
                0x600023c6                GPT2_DriverIRQHandler
                0x600023c6                USB_PHY2_DriverIRQHandler
                0x600023c6                DMA10_DMA26_DriverIRQHandler
                0x600023c6                PWM2_1_DriverIRQHandler
                0x600023c6                PWM1_1_DriverIRQHandler
                0x600023c6                PXP_DriverIRQHandler
                0x600023c6                ADC1_DriverIRQHandler
                0x600023c6                GPIO10_Combined_0_31_DriverIRQHandler
                0x600023c6                PWM1_0_DriverIRQHandler
                0x600023c6                SJC_DriverIRQHandler
                0x600023c6                DMA1_DMA17_DriverIRQHandler
                0x600023c6                ENC1_DriverIRQHandler
                0x600023c6                ENC4_DriverIRQHandler
                0x600023c6                CAN2_DriverIRQHandler
                0x600023c6                DCP_DriverIRQHandler
                0x600023c6                CTI0_ERROR_DriverIRQHandler
                0x600023c6                DMA8_DMA24_DriverIRQHandler
                0x600023c6                GPT1_DriverIRQHandler
                0x600023c6                ACMP3_DriverIRQHandler
                0x600023c6                DMA6_DMA22_DriverIRQHandler
                0x600023c6                CSU_DriverIRQHandler
                0x600023c6                GPIO1_INT5_DriverIRQHandler
                0x600023c6                TMR3_DriverIRQHandler
                0x600023c6                TMR2_DriverIRQHandler
                0x600023c6                CTI1_ERROR_DriverIRQHandler
                0x600023c6                GPIO1_Combined_0_15_DriverIRQHandler
                0x600023c6                USDHC2_DriverIRQHandler
                0x600023c6                PWM4_2_DriverIRQHandler
                0x600023c6                KPP_DriverIRQHandler
                0x600023c6                SAI2_DriverIRQHandler
                0x600023c6                CORE_DriverIRQHandler
                0x600023c6                TSC_DIG_DriverIRQHandler
                0x600023c6                DMA11_DMA27_DriverIRQHandler
                0x600023c6                CSI_DriverIRQHandler
                0x600023c6                PWM2_3_DriverIRQHandler
                0x600023c6                XBAR1_IRQ_2_3_DriverIRQHandler
                0x600023c6                SNVS_HP_WRAPPER_TZ_DriverIRQHandler
                0x600023c6                GPIO3_Combined_16_31_DriverIRQHandler
                0x600023c6                PWM1_FAULT_DriverIRQHandler
                0x600023c6                LPI2C1_DriverIRQHandler
                0x600023c6                ENET2_1588_Timer_DriverIRQHandler
                0x600023c6                PWM2_2_DriverIRQHandler
                0x600023c6                DMA4_DMA20_DriverIRQHandler
                0x600023c6                DMA9_DMA25_DriverIRQHandler
                0x600023c6                SNVS_HP_WRAPPER_DriverIRQHandler
                0x600023c6                XBAR1_IRQ_0_1_DriverIRQHandler
                0x600023c6                ADC_ETC_IRQ1_DriverIRQHandler
                0x600023c6                LPSPI1_DriverIRQHandler
                0x600023c6                DMA3_DMA19_DriverIRQHandler
                0x600023c6                GPIO1_INT3_DriverIRQHandler
                0x600023c6                DCP_VMI_DriverIRQHandler
                0x600023c6                LPI2C4_DriverIRQHandler
                0x600023c6                GPC_DriverIRQHandler
                0x600023c6                GPIO2_Combined_0_15_DriverIRQHandler
                0x600023c6                PWM1_2_DriverIRQHandler
                0x600023c6                USB_OTG1_DriverIRQHandler
                0x600023c6                TEMP_LOW_HIGH_DriverIRQHandler
                0x600023c6                SAI3_TX_DriverIRQHandler
                0x600023c6                FLEXIO3_DriverIRQHandler
                0x600023c6                WDOG2_DriverIRQHandler
                0x600023c6                Reserved68_DriverIRQHandler
                0x600023c6                PWM3_0_DriverIRQHandler
                0x600023c6                GPIO4_Combined_0_15_DriverIRQHandler
                0x600023c6                GPIO4_Combined_16_31_DriverIRQHandler
                0x600023c6                GPIO6_7_8_9_DriverIRQHandler
                0x600023c6                GPIO5_Combined_16_31_DriverIRQHandler
                0x600023c6                DMA5_DMA21_DriverIRQHandler
                0x600023c6                CCM_1_DriverIRQHandler
                0x600023c6                ADC2_DriverIRQHandler
                0x600023c6                Reserved115_DriverIRQHandler
                0x600023c6                TEMP_PANIC_DriverIRQHandler
                0x600023c6                ACMP4_DriverIRQHandler
                0x600023c6                DMA15_DMA31_DriverIRQHandler
                0x600023c6                LPSPI3_DriverIRQHandler
                0x600023c6                PWM1_3_DriverIRQHandler
                0x600023c6                ACMP1_DriverIRQHandler
                0x600023c6                LPI2C2_DriverIRQHandler
                0x600023c6                Reserved86_DriverIRQHandler
                0x600023c6                DMA_ERROR_DriverIRQHandler
                0x600023c6                ADC_ETC_IRQ0_DriverIRQHandler
                0x600023c6                CAN1_DriverIRQHandler
                0x600023c6                GPIO1_INT6_DriverIRQHandler
                0x600023c6                GPIO1_INT1_DriverIRQHandler
                0x600023c6                PWM2_0_DriverIRQHandler
                0x600023c6                SNVS_LP_WRAPPER_DriverIRQHandler
                0x600023c6                USB_OTG2_DriverIRQHandler
 *(SORT_BY_ALIGNMENT(.text*))
 .text._frexpl  0x600023c8       0x70 C:/nxp/MCUXpressoIDE_11.10.0_3148/ide/plugins/com.nxp.mcuxpresso.tools.win32_11.10.0.202311280810/tools/bin/../lib/gcc/arm-none-eabi/13.2.1/../../../../arm-none-eabi/lib/thumb/v7e-m+fp/hard\libcr_c.a(_frexpl.o)
                0x600023c8                _frexpl
 .text._ldexpl  0x60002438       0x5c C:/nxp/MCUXpressoIDE_11.10.0_3148/ide/plugins/com.nxp.mcuxpresso.tools.win32_11.10.0.202311280810/tools/bin/../lib/gcc/arm-none-eabi/13.2.1/../../../../arm-none-eabi/lib/thumb/v7e-m+fp/hard\libcr_c.a(_ldexpl.o)
                0x60002438                _ldexpl
 *fill*         0x60002494        0x4 ff
 .text.fp_display
                0x60002498      0x9dc C:/nxp/MCUXpressoIDE_11.10.0_3148/ide/plugins/com.nxp.mcuxpresso.tools.win32_11.10.0.202311280810/tools/bin/../lib/gcc/arm-none-eabi/13.2.1/../../../../arm-none-eabi/lib/thumb/v7e-m+fp/hard\libcr_c.a(fpprintf.o)
 .text.__assertion_failed
                0x60002e74       0x2c ./utilities/fsl_assert.o
                0x60002e74                __assertion_failed
 .text.DbgConsole_SendDataReliable
                0x60002ea0       0x54 ./utilities/fsl_debug_console.o
                0x60002ea0                DbgConsole_SendDataReliable
 .text.DbgConsole_Init
                0x60002ef4      0x138 ./utilities/fsl_debug_console.o
                0x60002ef4                DbgConsole_Init
 .text.DbgConsole_Vprintf
                0x6000302c       0x68 ./utilities/fsl_debug_console.o
                0x6000302c                DbgConsole_Vprintf
 .text.GPIO_PinRead
                0x60003094       0x30 ./source/MIMXRT1062_Project.o
 .text.GPIO_Init
                0x600030c4       0x5c ./source/MIMXRT1062_Project.o
                0x600030c4                GPIO_Init
 .text.AM2120_StartSignal
                0x60003120       0x68 ./source/MIMXRT1062_Project.o
                0x60003120                AM2120_StartSignal
 .text.AM2120_ReadBit
                0x60003188       0x34 ./source/MIMXRT1062_Project.o
                0x60003188                AM2120_ReadBit
 .text.AM2120_ReadData
                0x600031bc       0xbc ./source/MIMXRT1062_Project.o
                0x600031bc                AM2120_ReadData
 .text.saveDataToJson
                0x60003278       0xa0 ./source/MIMXRT1062_Project.o
                0x60003278                saveDataToJson
 .text.sendToServer
                0x60003318       0x64 ./source/MIMXRT1062_Project.o
                0x60003318                sendToServer
 .text.main     0x6000337c       0x60 ./source/MIMXRT1062_Project.o
                0x6000337c                main
 .text.CLOCK_GetOscFreq
                0x600033dc       0x30 ./drivers/fsl_clock.o
 .text.CLOCK_InitExternalClk
                0x6000340c       0x6c ./drivers/fsl_clock.o
                0x6000340c                CLOCK_InitExternalClk
 .text.CLOCK_SwitchOsc
                0x60003478       0x34 ./drivers/fsl_clock.o
                0x60003478                CLOCK_SwitchOsc
 .text.CLOCK_InitRcOsc24M
                0x600034ac       0x24 ./drivers/fsl_clock.o
                0x600034ac                CLOCK_InitRcOsc24M
 .text.CLOCK_InitArmPll
                0x600034d0       0x68 ./drivers/fsl_clock.o
                0x600034d0                CLOCK_InitArmPll
 .text.CLOCK_InitSysPll
                0x60003538       0x9c ./drivers/fsl_clock.o
                0x60003538                CLOCK_InitSysPll
 .text.CLOCK_DeinitUsb2Pll
                0x600035d4       0x18 ./drivers/fsl_clock.o
                0x600035d4                CLOCK_DeinitUsb2Pll
 .text.CLOCK_DeinitAudioPll
                0x600035ec       0x1c ./drivers/fsl_clock.o
                0x600035ec                CLOCK_DeinitAudioPll
 .text.CLOCK_DeinitEnetPll
                0x60003608       0x1c ./drivers/fsl_clock.o
                0x60003608                CLOCK_DeinitEnetPll
 .text.CLOCK_GetPllFreq
                0x60003624      0x434 ./drivers/fsl_clock.o
                0x60003624                CLOCK_GetPllFreq
 .text.CLOCK_InitSysPfd
                0x60003a58       0x64 ./drivers/fsl_clock.o
                0x60003a58                CLOCK_InitSysPfd
 .text.SDK_DelayAtLeastUs
                0x60003abc       0x94 ./drivers/fsl_common_arm.o
                0x60003abc                SDK_DelayAtLeastUs
 .text.CLOCK_ControlGate
                0x60003b50       0x60 ./drivers/fsl_gpio.o
 .text.GPIO_GetInstance
                0x60003bb0       0x4c ./drivers/fsl_gpio.o
 .text.GPIO_PinInit
                0x60003bfc       0xa4 ./drivers/fsl_gpio.o
                0x60003bfc                GPIO_PinInit
 .text.GPIO_PinWrite
                0x60003ca0       0x48 ./drivers/fsl_gpio.o
                0x60003ca0                GPIO_PinWrite
 .text.GPIO_PinSetInterruptConfig
                0x60003ce8       0xfc ./drivers/fsl_gpio.o
                0x60003ce8                GPIO_PinSetInterruptConfig
 .text.CLOCK_ControlGate
                0x60003de4       0x60 ./drivers/fsl_lpuart.o
 .text.LPUART_GetInstance
                0x60003e44       0x4c ./drivers/fsl_lpuart.o
                0x60003e44                LPUART_GetInstance
 .text.LPUART_Init
                0x60003e90      0x30c ./drivers/fsl_lpuart.o
                0x60003e90                LPUART_Init
 .text.LPUART_GetDefaultConfig
                0x6000419c       0x88 ./drivers/fsl_lpuart.o
                0x6000419c                LPUART_GetDefaultConfig
 .text.LPUART_WriteBlocking
                0x60004224       0x68 ./drivers/fsl_lpuart.o
                0x60004224                LPUART_WriteBlocking
 .text.LPUART1_DriverIRQHandler
                0x6000428c       0x28 ./drivers/fsl_lpuart.o
                0x6000428c                LPUART1_DriverIRQHandler
 .text.LPUART2_DriverIRQHandler
                0x600042b4       0x28 ./drivers/fsl_lpuart.o
                0x600042b4                LPUART2_DriverIRQHandler
 .text.LPUART3_DriverIRQHandler
                0x600042dc       0x28 ./drivers/fsl_lpuart.o
                0x600042dc                LPUART3_DriverIRQHandler
 .text.LPUART4_DriverIRQHandler
                0x60004304       0x28 ./drivers/fsl_lpuart.o
                0x60004304                LPUART4_DriverIRQHandler
 .text.LPUART5_DriverIRQHandler
                0x6000432c       0x28 ./drivers/fsl_lpuart.o
                0x6000432c                LPUART5_DriverIRQHandler
 .text.LPUART6_DriverIRQHandler
                0x60004354       0x28 ./drivers/fsl_lpuart.o
                0x60004354                LPUART6_DriverIRQHandler
 .text.LPUART7_DriverIRQHandler
                0x6000437c       0x28 ./drivers/fsl_lpuart.o
                0x6000437c                LPUART7_DriverIRQHandler
 .text.LPUART8_DriverIRQHandler
                0x600043a4       0x28 ./drivers/fsl_lpuart.o
                0x600043a4                LPUART8_DriverIRQHandler
 .text.SystemInit
                0x600043cc      0x144 ./device/system_MIMXRT1062.o
                0x600043cc                SystemInit
 .text.HAL_UartInitCommon
                0x60004510       0xe0 ./component/uart/fsl_adapter_lpuart.o
 .text.HAL_UartInit
                0x600045f0       0x84 ./component/uart/fsl_adapter_lpuart.o
                0x600045f0                HAL_UartInit
 .text.HAL_UartSendBlocking
                0x60004674       0x64 ./component/uart/fsl_adapter_lpuart.o
                0x60004674                HAL_UartSendBlocking
 .text.CLOCK_GetMux
                0x600046d8       0x44 ./board/board.o
 .text.CLOCK_GetDiv
                0x6000471c       0x44 ./board/board.o
 .text.CLOCK_GetOscFreq
                0x60004760       0x30 ./board/board.o
 .text.BOARD_DebugConsoleSrcFreq
                0x60004790       0x64 ./board/board.o
                0x60004790                BOARD_DebugConsoleSrcFreq
 .text.CLOCK_SetMux
                0x600047f4       0x9c ./board/clock_config.o
 .text.CLOCK_SetDiv
                0x60004890       0x9c ./board/clock_config.o
 .text.CLOCK_ControlGate
                0x6000492c       0x60 ./board/clock_config.o
 .text.CLOCK_SetXtalFreq
                0x6000498c       0x20 ./board/clock_config.o
 .text.CLOCK_SetRtcXtalFreq
                0x600049ac       0x20 ./board/clock_config.o
 .text.IOMUXC_MQSConfig
                0x600049cc       0x44 ./board/clock_config.o
 .text.BOARD_BootClockRUN
                0x60004a10      0x6d0 ./board/clock_config.o
                0x60004a10                BOARD_BootClockRUN
 .text.CLOCK_ControlGate
                0x600050e0       0x60 ./board/pin_mux.o
 .text.BOARD_InitPins
                0x60005140       0x60 ./board/pin_mux.o
                0x60005140                BOARD_InitPins
 .text.BOARD_InitDEBUG_UART
                0x600051a0       0x78 ./board/pin_mux.o
                0x600051a0                BOARD_InitDEBUG_UART
 .text.malloc   0x60005218       0xc8 C:/nxp/MCUXpressoIDE_11.10.0_3148/ide/plugins/com.nxp.mcuxpresso.tools.win32_11.10.0.202311280810/tools/bin/../lib/gcc/arm-none-eabi/13.2.1/../../../../arm-none-eabi/lib/thumb/v7e-m+fp/hard\libcr_c.a(alloc.o)
                0x60005218                malloc
 .text._Csys_alloc
                0x600052e0       0x20 C:/nxp/MCUXpressoIDE_11.10.0_3148/ide/plugins/com.nxp.mcuxpresso.tools.win32_11.10.0.202311280810/tools/bin/../lib/gcc/arm-none-eabi/13.2.1/../../../../arm-none-eabi/lib/thumb/v7e-m+fp/hard\libcr_c.a(alloc.o)
                0x600052e0                _Csys_alloc
 .text.fflush   0x60005300       0x3c C:/nxp/MCUXpressoIDE_11.10.0_3148/ide/plugins/com.nxp.mcuxpresso.tools.win32_11.10.0.202311280810/tools/bin/../lib/gcc/arm-none-eabi/13.2.1/../../../../arm-none-eabi/lib/thumb/v7e-m+fp/hard\libcr_c.a(fflush.o)
                0x60005300                fflush
 .text.fopen    0x6000533c       0x3c C:/nxp/MCUXpressoIDE_11.10.0_3148/ide/plugins/com.nxp.mcuxpresso.tools.win32_11.10.0.202311280810/tools/bin/../lib/gcc/arm-none-eabi/13.2.1/../../../../arm-none-eabi/lib/thumb/v7e-m+fp/hard\libcr_c.a(fopen.o)
                0x6000533c                fopen
 .text.fseek    0x60005378       0xf8 C:/nxp/MCUXpressoIDE_11.10.0_3148/ide/plugins/com.nxp.mcuxpresso.tools.win32_11.10.0.202311280810/tools/bin/../lib/gcc/arm-none-eabi/13.2.1/../../../../arm-none-eabi/lib/thumb/v7e-m+fp/hard\libcr_c.a(fseek.o)
                0x60005378                fseek
 .text.ftell    0x60005470       0x44 C:/nxp/MCUXpressoIDE_11.10.0_3148/ide/plugins/com.nxp.mcuxpresso.tools.win32_11.10.0.202311280810/tools/bin/../lib/gcc/arm-none-eabi/13.2.1/../../../../arm-none-eabi/lib/thumb/v7e-m+fp/hard\libcr_c.a(ftell.o)
                0x60005470                ftell
 .text._initio  0x600054b4       0x78 C:/nxp/MCUXpressoIDE_11.10.0_3148/ide/plugins/com.nxp.mcuxpresso.tools.win32_11.10.0.202311280810/tools/bin/../lib/gcc/arm-none-eabi/13.2.1/../../../../arm-none-eabi/lib/thumb/v7e-m+fp/hard\libcr_c.a(initio.o)
                0x600054b4                _initio
 .text.strftime
                0x6000552c      0x294 C:/nxp/MCUXpressoIDE_11.10.0_3148/ide/plugins/com.nxp.mcuxpresso.tools.win32_11.10.0.202311280810/tools/bin/../lib/gcc/arm-none-eabi/13.2.1/../../../../arm-none-eabi/lib/thumb/v7e-m+fp/hard\libcr_c.a(locale.o)
                0x6000552c                strftime
 .text.__vfprintf
                0x600057c0      0xb80 C:/nxp/MCUXpressoIDE_11.10.0_3148/ide/plugins/com.nxp.mcuxpresso.tools.win32_11.10.0.202311280810/tools/bin/../lib/gcc/arm-none-eabi/13.2.1/../../../../arm-none-eabi/lib/thumb/v7e-m+fp/hard\libcr_c.a(printf.o)
                0x600057c0                __vfprintf
 .text._fprintf
                0x60006340       0x30 C:/nxp/MCUXpressoIDE_11.10.0_3148/ide/plugins/com.nxp.mcuxpresso.tools.win32_11.10.0.202311280810/tools/bin/../lib/gcc/arm-none-eabi/13.2.1/../../../../arm-none-eabi/lib/thumb/v7e-m+fp/hard\libcr_c.a(printf.o)
                0x60006340                _fprintf
 .text._snprintf
                0x60006370       0x78 C:/nxp/MCUXpressoIDE_11.10.0_3148/ide/plugins/com.nxp.mcuxpresso.tools.win32_11.10.0.202311280810/tools/bin/../lib/gcc/arm-none-eabi/13.2.1/../../../../arm-none-eabi/lib/thumb/v7e-m+fp/hard\libcr_c.a(printf.o)
                0x60006370                _snprintf
 .text.localtime
                0x600063e8       0xb0 C:/nxp/MCUXpressoIDE_11.10.0_3148/ide/plugins/com.nxp.mcuxpresso.tools.win32_11.10.0.202311280810/tools/bin/../lib/gcc/arm-none-eabi/13.2.1/../../../../arm-none-eabi/lib/thumb/v7e-m+fp/hard\libcr_c.a(time.o)
                0x600063e8                localtime
 .text._sbrk    0x60006498       0x3c C:/nxp/MCUXpressoIDE_11.10.0_3148/ide/plugins/com.nxp.mcuxpresso.tools.win32_11.10.0.202311280810/tools/bin/../lib/gcc/arm-none-eabi/13.2.1/../../../../arm-none-eabi/lib/thumb/v7e-m+fp/hard\libcr_c.a(_cr_sbrk.o)
                0x60006498                _sbrk
 .text._Cwritebuf
                0x600064d4       0x6c C:/nxp/MCUXpressoIDE_11.10.0_3148/ide/plugins/com.nxp.mcuxpresso.tools.win32_11.10.0.202311280810/tools/bin/../lib/gcc/arm-none-eabi/13.2.1/../../../../arm-none-eabi/lib/thumb/v7e-m+fp/hard\libcr_c.a(_writebuf.o)
                0x600064d4                _Cwritebuf
 .text.sprintf  0x60006540       0x6c C:/nxp/MCUXpressoIDE_11.10.0_3148/ide/plugins/com.nxp.mcuxpresso.tools.win32_11.10.0.202311280810/tools/bin/../lib/gcc/arm-none-eabi/13.2.1/../../../../arm-none-eabi/lib/thumb/v7e-m+fp/hard\libcr_c.a(fpprintf.o)
                0x60006540                sprintf
 .text.__check_heap_overflow
                0x600065ac       0x18 C:/nxp/MCUXpressoIDE_11.10.0_3148/ide/plugins/com.nxp.mcuxpresso.tools.win32_11.10.0.202311280810/tools/bin/../lib/gcc/arm-none-eabi/13.2.1/../../../../arm-none-eabi/lib/thumb/v7e-m+fp/hard\libcr_c.a(_cr_check_heap.o)
                0x600065ac                __check_heap_overflow
 .text.__aeabi_dmul
                0x600065c4       0xfc C:/nxp/MCUXpressoIDE_11.10.0_3148/ide/plugins/com.nxp.mcuxpresso.tools.win32_11.10.0.202311280810/tools/bin/../lib/gcc/arm-none-eabi/13.2.1/thumb/v7e-m+fp/hard\libcr_eabihelpers.a(double.o)
                0x600065c4                __aeabi_dmul
 .text.__aeabi_ddiv
                0x600066c0      0x130 C:/nxp/MCUXpressoIDE_11.10.0_3148/ide/plugins/com.nxp.mcuxpresso.tools.win32_11.10.0.202311280810/tools/bin/../lib/gcc/arm-none-eabi/13.2.1/thumb/v7e-m+fp/hard\libcr_eabihelpers.a(double.o)
                0x600066c0                __aeabi_ddiv
 .text.__aeabi_dsub
                0x600067f0      0x1b4 C:/nxp/MCUXpressoIDE_11.10.0_3148/ide/plugins/com.nxp.mcuxpresso.tools.win32_11.10.0.202311280810/tools/bin/../lib/gcc/arm-none-eabi/13.2.1/thumb/v7e-m+fp/hard\libcr_eabihelpers.a(double.o)
                0x600067f0                __aeabi_dsub
 .text.__aeabi_dadd
                0x600069a4      0x118 C:/nxp/MCUXpressoIDE_11.10.0_3148/ide/plugins/com.nxp.mcuxpresso.tools.win32_11.10.0.202311280810/tools/bin/../lib/gcc/arm-none-eabi/13.2.1/thumb/v7e-m+fp/hard\libcr_eabihelpers.a(double.o)
                0x600069a4                __aeabi_dadd
 .text.fsl_assert_hook
                0x60006abc       0x1a ./utilities/fsl_assert.o
                0x60006abc                fsl_assert_hook
 .text.DbgConsole_PrintCallback
                0x60006ad6       0x66 ./utilities/fsl_debug_console.o
 .text.DbgConsole_Printf
                0x60006b3c       0x2c ./utilities/fsl_debug_console.o
                0x60006b3c                DbgConsole_Printf
 .text.PrintGetWidth
                0x60006b68       0x6a ./utilities/fsl_str.o
 .text.PrintGetPrecision
                0x60006bd2       0x8c ./utilities/fsl_str.o
 .text.PrintIsobpu
                0x60006c5e       0x38 ./utilities/fsl_str.o
 .text.PrintIsdi
                0x60006c96       0x2c ./utilities/fsl_str.o
 .text.PrintOutputdifFobpu
                0x60006cc2       0x44 ./utilities/fsl_str.o
 .text.PrintOutputxX
                0x60006d06       0x44 ./utilities/fsl_str.o
 .text.PrintIsfF
                0x60006d4a       0x2c ./utilities/fsl_str.o
 .text.PrintIsxX
                0x60006d76       0x2c ./utilities/fsl_str.o
 .text.PrintFilterLengthFlag
                0x60006da2       0x3e ./utilities/fsl_str.o
 .text.PrintGetRadixFromobpu
                0x60006de0       0x40 ./utilities/fsl_str.o
 .text.ConvertRadixNumToString
                0x60006e20       0xc2 ./utilities/fsl_str.o
 .text.StrFormatExaminedi
                0x60006ee2       0x26 ./utilities/fsl_str.o
 .text.StrFormatExaminexX
                0x60006f08       0x26 ./utilities/fsl_str.o
 .text.StrFormatExamineobpu
                0x60006f2e       0x26 ./utilities/fsl_str.o
 .text.ConvertPrecisionWidthToLength
                0x60006f54       0x20 ./utilities/fsl_str.o
 .text.StrFormatPrintf
                0x60006f74      0x2bc ./utilities/fsl_str.o
                0x60006f74                StrFormatPrintf
 .text.DMA0_DMA16_IRQHandler
                0x60007230        0x8 ./startup/startup_mimxrt1062.o
                0x60007230                DMA0_DMA16_IRQHandler
 .text.DMA1_DMA17_IRQHandler
                0x60007238        0x8 ./startup/startup_mimxrt1062.o
                0x60007238                DMA1_DMA17_IRQHandler
 .text.DMA2_DMA18_IRQHandler
                0x60007240        0x8 ./startup/startup_mimxrt1062.o
                0x60007240                DMA2_DMA18_IRQHandler
 .text.DMA3_DMA19_IRQHandler
                0x60007248        0x8 ./startup/startup_mimxrt1062.o
                0x60007248                DMA3_DMA19_IRQHandler
 .text.DMA4_DMA20_IRQHandler
                0x60007250        0x8 ./startup/startup_mimxrt1062.o
                0x60007250                DMA4_DMA20_IRQHandler
 .text.DMA5_DMA21_IRQHandler
                0x60007258        0x8 ./startup/startup_mimxrt1062.o
                0x60007258                DMA5_DMA21_IRQHandler
 .text.DMA6_DMA22_IRQHandler
                0x60007260        0x8 ./startup/startup_mimxrt1062.o
                0x60007260                DMA6_DMA22_IRQHandler
 .text.DMA7_DMA23_IRQHandler
                0x60007268        0x8 ./startup/startup_mimxrt1062.o
                0x60007268                DMA7_DMA23_IRQHandler
 .text.DMA8_DMA24_IRQHandler
                0x60007270        0x8 ./startup/startup_mimxrt1062.o
                0x60007270                DMA8_DMA24_IRQHandler
 .text.DMA9_DMA25_IRQHandler
                0x60007278        0x8 ./startup/startup_mimxrt1062.o
                0x60007278                DMA9_DMA25_IRQHandler
 .text.DMA10_DMA26_IRQHandler
                0x60007280        0x8 ./startup/startup_mimxrt1062.o
                0x60007280                DMA10_DMA26_IRQHandler
 .text.DMA11_DMA27_IRQHandler
                0x60007288        0x8 ./startup/startup_mimxrt1062.o
                0x60007288                DMA11_DMA27_IRQHandler
 .text.DMA12_DMA28_IRQHandler
                0x60007290        0x8 ./startup/startup_mimxrt1062.o
                0x60007290                DMA12_DMA28_IRQHandler
 .text.DMA13_DMA29_IRQHandler
                0x60007298        0x8 ./startup/startup_mimxrt1062.o
                0x60007298                DMA13_DMA29_IRQHandler
 .text.DMA14_DMA30_IRQHandler
                0x600072a0        0x8 ./startup/startup_mimxrt1062.o
                0x600072a0                DMA14_DMA30_IRQHandler
 .text.DMA15_DMA31_IRQHandler
                0x600072a8        0x8 ./startup/startup_mimxrt1062.o
                0x600072a8                DMA15_DMA31_IRQHandler
 .text.DMA_ERROR_IRQHandler
                0x600072b0        0x8 ./startup/startup_mimxrt1062.o
                0x600072b0                DMA_ERROR_IRQHandler
 .text.CTI0_ERROR_IRQHandler
                0x600072b8        0x8 ./startup/startup_mimxrt1062.o
                0x600072b8                CTI0_ERROR_IRQHandler
 .text.CTI1_ERROR_IRQHandler
                0x600072c0        0x8 ./startup/startup_mimxrt1062.o
                0x600072c0                CTI1_ERROR_IRQHandler
 .text.CORE_IRQHandler
                0x600072c8        0x8 ./startup/startup_mimxrt1062.o
                0x600072c8                CORE_IRQHandler
 .text.LPUART1_IRQHandler
                0x600072d0        0x8 ./startup/startup_mimxrt1062.o
                0x600072d0                LPUART1_IRQHandler
 .text.LPUART2_IRQHandler
                0x600072d8        0x8 ./startup/startup_mimxrt1062.o
                0x600072d8                LPUART2_IRQHandler
 .text.LPUART3_IRQHandler
                0x600072e0        0x8 ./startup/startup_mimxrt1062.o
                0x600072e0                LPUART3_IRQHandler
 .text.LPUART4_IRQHandler
                0x600072e8        0x8 ./startup/startup_mimxrt1062.o
                0x600072e8                LPUART4_IRQHandler
 .text.LPUART5_IRQHandler
                0x600072f0        0x8 ./startup/startup_mimxrt1062.o
                0x600072f0                LPUART5_IRQHandler
 .text.LPUART6_IRQHandler
                0x600072f8        0x8 ./startup/startup_mimxrt1062.o
                0x600072f8                LPUART6_IRQHandler
 .text.LPUART7_IRQHandler
                0x60007300        0x8 ./startup/startup_mimxrt1062.o
                0x60007300                LPUART7_IRQHandler
 .text.LPUART8_IRQHandler
                0x60007308        0x8 ./startup/startup_mimxrt1062.o
                0x60007308                LPUART8_IRQHandler
 .text.LPI2C1_IRQHandler
                0x60007310        0x8 ./startup/startup_mimxrt1062.o
                0x60007310                LPI2C1_IRQHandler
 .text.LPI2C2_IRQHandler
                0x60007318        0x8 ./startup/startup_mimxrt1062.o
                0x60007318                LPI2C2_IRQHandler
 .text.LPI2C3_IRQHandler
                0x60007320        0x8 ./startup/startup_mimxrt1062.o
                0x60007320                LPI2C3_IRQHandler
 .text.LPI2C4_IRQHandler
                0x60007328        0x8 ./startup/startup_mimxrt1062.o
                0x60007328                LPI2C4_IRQHandler
 .text.LPSPI1_IRQHandler
                0x60007330        0x8 ./startup/startup_mimxrt1062.o
                0x60007330                LPSPI1_IRQHandler
 .text.LPSPI2_IRQHandler
                0x60007338        0x8 ./startup/startup_mimxrt1062.o
                0x60007338                LPSPI2_IRQHandler
 .text.LPSPI3_IRQHandler
                0x60007340        0x8 ./startup/startup_mimxrt1062.o
                0x60007340                LPSPI3_IRQHandler
 .text.LPSPI4_IRQHandler
                0x60007348        0x8 ./startup/startup_mimxrt1062.o
                0x60007348                LPSPI4_IRQHandler
 .text.CAN1_IRQHandler
                0x60007350        0x8 ./startup/startup_mimxrt1062.o
                0x60007350                CAN1_IRQHandler
 .text.CAN2_IRQHandler
                0x60007358        0x8 ./startup/startup_mimxrt1062.o
                0x60007358                CAN2_IRQHandler
 .text.FLEXRAM_IRQHandler
                0x60007360        0x8 ./startup/startup_mimxrt1062.o
                0x60007360                FLEXRAM_IRQHandler
 .text.KPP_IRQHandler
                0x60007368        0x8 ./startup/startup_mimxrt1062.o
                0x60007368                KPP_IRQHandler
 .text.TSC_DIG_IRQHandler
                0x60007370        0x8 ./startup/startup_mimxrt1062.o
                0x60007370                TSC_DIG_IRQHandler
 .text.GPR_IRQ_IRQHandler
                0x60007378        0x8 ./startup/startup_mimxrt1062.o
                0x60007378                GPR_IRQ_IRQHandler
 .text.LCDIF_IRQHandler
                0x60007380        0x8 ./startup/startup_mimxrt1062.o
                0x60007380                LCDIF_IRQHandler
 .text.CSI_IRQHandler
                0x60007388        0x8 ./startup/startup_mimxrt1062.o
                0x60007388                CSI_IRQHandler
 .text.PXP_IRQHandler
                0x60007390        0x8 ./startup/startup_mimxrt1062.o
                0x60007390                PXP_IRQHandler
 .text.WDOG2_IRQHandler
                0x60007398        0x8 ./startup/startup_mimxrt1062.o
                0x60007398                WDOG2_IRQHandler
 .text.SNVS_HP_WRAPPER_IRQHandler
                0x600073a0        0x8 ./startup/startup_mimxrt1062.o
                0x600073a0                SNVS_HP_WRAPPER_IRQHandler
 .text.SNVS_HP_WRAPPER_TZ_IRQHandler
                0x600073a8        0x8 ./startup/startup_mimxrt1062.o
                0x600073a8                SNVS_HP_WRAPPER_TZ_IRQHandler
 .text.SNVS_LP_WRAPPER_IRQHandler
                0x600073b0        0x8 ./startup/startup_mimxrt1062.o
                0x600073b0                SNVS_LP_WRAPPER_IRQHandler
 .text.CSU_IRQHandler
                0x600073b8        0x8 ./startup/startup_mimxrt1062.o
                0x600073b8                CSU_IRQHandler
 .text.DCP_IRQHandler
                0x600073c0        0x8 ./startup/startup_mimxrt1062.o
                0x600073c0                DCP_IRQHandler
 .text.DCP_VMI_IRQHandler
                0x600073c8        0x8 ./startup/startup_mimxrt1062.o
                0x600073c8                DCP_VMI_IRQHandler
 .text.Reserved68_IRQHandler
                0x600073d0        0x8 ./startup/startup_mimxrt1062.o
                0x600073d0                Reserved68_IRQHandler
 .text.TRNG_IRQHandler
                0x600073d8        0x8 ./startup/startup_mimxrt1062.o
                0x600073d8                TRNG_IRQHandler
 .text.SJC_IRQHandler
                0x600073e0        0x8 ./startup/startup_mimxrt1062.o
                0x600073e0                SJC_IRQHandler
 .text.BEE_IRQHandler
                0x600073e8        0x8 ./startup/startup_mimxrt1062.o
                0x600073e8                BEE_IRQHandler
 .text.SAI1_IRQHandler
                0x600073f0        0x8 ./startup/startup_mimxrt1062.o
                0x600073f0                SAI1_IRQHandler
 .text.SAI2_IRQHandler
                0x600073f8        0x8 ./startup/startup_mimxrt1062.o
                0x600073f8                SAI2_IRQHandler
 .text.SAI3_RX_IRQHandler
                0x60007400        0x8 ./startup/startup_mimxrt1062.o
                0x60007400                SAI3_RX_IRQHandler
 .text.SAI3_TX_IRQHandler
                0x60007408        0x8 ./startup/startup_mimxrt1062.o
                0x60007408                SAI3_TX_IRQHandler
 .text.SPDIF_IRQHandler
                0x60007410        0x8 ./startup/startup_mimxrt1062.o
                0x60007410                SPDIF_IRQHandler
 .text.PMU_EVENT_IRQHandler
                0x60007418        0x8 ./startup/startup_mimxrt1062.o
                0x60007418                PMU_EVENT_IRQHandler
 .text.Reserved78_IRQHandler
                0x60007420        0x8 ./startup/startup_mimxrt1062.o
                0x60007420                Reserved78_IRQHandler
 .text.TEMP_LOW_HIGH_IRQHandler
                0x60007428        0x8 ./startup/startup_mimxrt1062.o
                0x60007428                TEMP_LOW_HIGH_IRQHandler
 .text.TEMP_PANIC_IRQHandler
                0x60007430        0x8 ./startup/startup_mimxrt1062.o
                0x60007430                TEMP_PANIC_IRQHandler
 .text.USB_PHY1_IRQHandler
                0x60007438        0x8 ./startup/startup_mimxrt1062.o
                0x60007438                USB_PHY1_IRQHandler
 .text.USB_PHY2_IRQHandler
                0x60007440        0x8 ./startup/startup_mimxrt1062.o
                0x60007440                USB_PHY2_IRQHandler
 .text.ADC1_IRQHandler
                0x60007448        0x8 ./startup/startup_mimxrt1062.o
                0x60007448                ADC1_IRQHandler
 .text.ADC2_IRQHandler
                0x60007450        0x8 ./startup/startup_mimxrt1062.o
                0x60007450                ADC2_IRQHandler
 .text.DCDC_IRQHandler
                0x60007458        0x8 ./startup/startup_mimxrt1062.o
                0x60007458                DCDC_IRQHandler
 .text.Reserved86_IRQHandler
                0x60007460        0x8 ./startup/startup_mimxrt1062.o
                0x60007460                Reserved86_IRQHandler
 .text.GPIO10_Combined_0_31_IRQHandler
                0x60007468        0x8 ./startup/startup_mimxrt1062.o
                0x60007468                GPIO10_Combined_0_31_IRQHandler
 .text.GPIO1_INT0_IRQHandler
                0x60007470        0x8 ./startup/startup_mimxrt1062.o
                0x60007470                GPIO1_INT0_IRQHandler
 .text.GPIO1_INT1_IRQHandler
                0x60007478        0x8 ./startup/startup_mimxrt1062.o
                0x60007478                GPIO1_INT1_IRQHandler
 .text.GPIO1_INT2_IRQHandler
                0x60007480        0x8 ./startup/startup_mimxrt1062.o
                0x60007480                GPIO1_INT2_IRQHandler
 .text.GPIO1_INT3_IRQHandler
                0x60007488        0x8 ./startup/startup_mimxrt1062.o
                0x60007488                GPIO1_INT3_IRQHandler
 .text.GPIO1_INT4_IRQHandler
                0x60007490        0x8 ./startup/startup_mimxrt1062.o
                0x60007490                GPIO1_INT4_IRQHandler
 .text.GPIO1_INT5_IRQHandler
                0x60007498        0x8 ./startup/startup_mimxrt1062.o
                0x60007498                GPIO1_INT5_IRQHandler
 .text.GPIO1_INT6_IRQHandler
                0x600074a0        0x8 ./startup/startup_mimxrt1062.o
                0x600074a0                GPIO1_INT6_IRQHandler
 .text.GPIO1_INT7_IRQHandler
                0x600074a8        0x8 ./startup/startup_mimxrt1062.o
                0x600074a8                GPIO1_INT7_IRQHandler
 .text.GPIO1_Combined_0_15_IRQHandler
                0x600074b0        0x8 ./startup/startup_mimxrt1062.o
                0x600074b0                GPIO1_Combined_0_15_IRQHandler
 .text.GPIO1_Combined_16_31_IRQHandler
                0x600074b8        0x8 ./startup/startup_mimxrt1062.o
                0x600074b8                GPIO1_Combined_16_31_IRQHandler
 .text.GPIO2_Combined_0_15_IRQHandler
                0x600074c0        0x8 ./startup/startup_mimxrt1062.o
                0x600074c0                GPIO2_Combined_0_15_IRQHandler
 .text.GPIO2_Combined_16_31_IRQHandler
                0x600074c8        0x8 ./startup/startup_mimxrt1062.o
                0x600074c8                GPIO2_Combined_16_31_IRQHandler
 .text.GPIO3_Combined_0_15_IRQHandler
                0x600074d0        0x8 ./startup/startup_mimxrt1062.o
                0x600074d0                GPIO3_Combined_0_15_IRQHandler
 .text.GPIO3_Combined_16_31_IRQHandler
                0x600074d8        0x8 ./startup/startup_mimxrt1062.o
                0x600074d8                GPIO3_Combined_16_31_IRQHandler
 .text.GPIO4_Combined_0_15_IRQHandler
                0x600074e0        0x8 ./startup/startup_mimxrt1062.o
                0x600074e0                GPIO4_Combined_0_15_IRQHandler
 .text.GPIO4_Combined_16_31_IRQHandler
                0x600074e8        0x8 ./startup/startup_mimxrt1062.o
                0x600074e8                GPIO4_Combined_16_31_IRQHandler
 .text.GPIO5_Combined_0_15_IRQHandler
                0x600074f0        0x8 ./startup/startup_mimxrt1062.o
                0x600074f0                GPIO5_Combined_0_15_IRQHandler
 .text.GPIO5_Combined_16_31_IRQHandler
                0x600074f8        0x8 ./startup/startup_mimxrt1062.o
                0x600074f8                GPIO5_Combined_16_31_IRQHandler
 .text.FLEXIO1_IRQHandler
                0x60007500        0x8 ./startup/startup_mimxrt1062.o
                0x60007500                FLEXIO1_IRQHandler
 .text.FLEXIO2_IRQHandler
                0x60007508        0x8 ./startup/startup_mimxrt1062.o
                0x60007508                FLEXIO2_IRQHandler
 .text.WDOG1_IRQHandler
                0x60007510        0x8 ./startup/startup_mimxrt1062.o
                0x60007510                WDOG1_IRQHandler
 .text.RTWDOG_IRQHandler
                0x60007518        0x8 ./startup/startup_mimxrt1062.o
                0x60007518                RTWDOG_IRQHandler
 .text.EWM_IRQHandler
                0x60007520        0x8 ./startup/startup_mimxrt1062.o
                0x60007520                EWM_IRQHandler
 .text.CCM_1_IRQHandler
                0x60007528        0x8 ./startup/startup_mimxrt1062.o
                0x60007528                CCM_1_IRQHandler
 .text.CCM_2_IRQHandler
                0x60007530        0x8 ./startup/startup_mimxrt1062.o
                0x60007530                CCM_2_IRQHandler
 .text.GPC_IRQHandler
                0x60007538        0x8 ./startup/startup_mimxrt1062.o
                0x60007538                GPC_IRQHandler
 .text.SRC_IRQHandler
                0x60007540        0x8 ./startup/startup_mimxrt1062.o
                0x60007540                SRC_IRQHandler
 .text.Reserved115_IRQHandler
                0x60007548        0x8 ./startup/startup_mimxrt1062.o
                0x60007548                Reserved115_IRQHandler
 .text.GPT1_IRQHandler
                0x60007550        0x8 ./startup/startup_mimxrt1062.o
                0x60007550                GPT1_IRQHandler
 .text.GPT2_IRQHandler
                0x60007558        0x8 ./startup/startup_mimxrt1062.o
                0x60007558                GPT2_IRQHandler
 .text.PWM1_0_IRQHandler
                0x60007560        0x8 ./startup/startup_mimxrt1062.o
                0x60007560                PWM1_0_IRQHandler
 .text.PWM1_1_IRQHandler
                0x60007568        0x8 ./startup/startup_mimxrt1062.o
                0x60007568                PWM1_1_IRQHandler
 .text.PWM1_2_IRQHandler
                0x60007570        0x8 ./startup/startup_mimxrt1062.o
                0x60007570                PWM1_2_IRQHandler
 .text.PWM1_3_IRQHandler
                0x60007578        0x8 ./startup/startup_mimxrt1062.o
                0x60007578                PWM1_3_IRQHandler
 .text.PWM1_FAULT_IRQHandler
                0x60007580        0x8 ./startup/startup_mimxrt1062.o
                0x60007580                PWM1_FAULT_IRQHandler
 .text.FLEXSPI2_IRQHandler
                0x60007588        0x8 ./startup/startup_mimxrt1062.o
                0x60007588                FLEXSPI2_IRQHandler
 .text.FLEXSPI_IRQHandler
                0x60007590        0x8 ./startup/startup_mimxrt1062.o
                0x60007590                FLEXSPI_IRQHandler
 .text.SEMC_IRQHandler
                0x60007598        0x8 ./startup/startup_mimxrt1062.o
                0x60007598                SEMC_IRQHandler
 .text.USDHC1_IRQHandler
                0x600075a0        0x8 ./startup/startup_mimxrt1062.o
                0x600075a0                USDHC1_IRQHandler
 .text.USDHC2_IRQHandler
                0x600075a8        0x8 ./startup/startup_mimxrt1062.o
                0x600075a8                USDHC2_IRQHandler
 .text.USB_OTG2_IRQHandler
                0x600075b0        0x8 ./startup/startup_mimxrt1062.o
                0x600075b0                USB_OTG2_IRQHandler
 .text.USB_OTG1_IRQHandler
                0x600075b8        0x8 ./startup/startup_mimxrt1062.o
                0x600075b8                USB_OTG1_IRQHandler
 .text.ENET_IRQHandler
                0x600075c0        0x8 ./startup/startup_mimxrt1062.o
                0x600075c0                ENET_IRQHandler
 .text.ENET_1588_Timer_IRQHandler
                0x600075c8        0x8 ./startup/startup_mimxrt1062.o
                0x600075c8                ENET_1588_Timer_IRQHandler
 .text.XBAR1_IRQ_0_1_IRQHandler
                0x600075d0        0x8 ./startup/startup_mimxrt1062.o
                0x600075d0                XBAR1_IRQ_0_1_IRQHandler
 .text.XBAR1_IRQ_2_3_IRQHandler
                0x600075d8        0x8 ./startup/startup_mimxrt1062.o
                0x600075d8                XBAR1_IRQ_2_3_IRQHandler
 .text.ADC_ETC_IRQ0_IRQHandler
                0x600075e0        0x8 ./startup/startup_mimxrt1062.o
                0x600075e0                ADC_ETC_IRQ0_IRQHandler
 .text.ADC_ETC_IRQ1_IRQHandler
                0x600075e8        0x8 ./startup/startup_mimxrt1062.o
                0x600075e8                ADC_ETC_IRQ1_IRQHandler
 .text.ADC_ETC_IRQ2_IRQHandler
                0x600075f0        0x8 ./startup/startup_mimxrt1062.o
                0x600075f0                ADC_ETC_IRQ2_IRQHandler
 .text.ADC_ETC_ERROR_IRQ_IRQHandler
                0x600075f8        0x8 ./startup/startup_mimxrt1062.o
                0x600075f8                ADC_ETC_ERROR_IRQ_IRQHandler
 .text.PIT_IRQHandler
                0x60007600        0x8 ./startup/startup_mimxrt1062.o
                0x60007600                PIT_IRQHandler
 .text.ACMP1_IRQHandler
                0x60007608        0x8 ./startup/startup_mimxrt1062.o
                0x60007608                ACMP1_IRQHandler
 .text.ACMP2_IRQHandler
                0x60007610        0x8 ./startup/startup_mimxrt1062.o
                0x60007610                ACMP2_IRQHandler
 .text.ACMP3_IRQHandler
                0x60007618        0x8 ./startup/startup_mimxrt1062.o
                0x60007618                ACMP3_IRQHandler
 .text.ACMP4_IRQHandler
                0x60007620        0x8 ./startup/startup_mimxrt1062.o
                0x60007620                ACMP4_IRQHandler
 .text.Reserved143_IRQHandler
                0x60007628        0x8 ./startup/startup_mimxrt1062.o
                0x60007628                Reserved143_IRQHandler
 .text.Reserved144_IRQHandler
                0x60007630        0x8 ./startup/startup_mimxrt1062.o
                0x60007630                Reserved144_IRQHandler
 .text.ENC1_IRQHandler
                0x60007638        0x8 ./startup/startup_mimxrt1062.o
                0x60007638                ENC1_IRQHandler
 .text.ENC2_IRQHandler
                0x60007640        0x8 ./startup/startup_mimxrt1062.o
                0x60007640                ENC2_IRQHandler
 .text.ENC3_IRQHandler
                0x60007648        0x8 ./startup/startup_mimxrt1062.o
                0x60007648                ENC3_IRQHandler
 .text.ENC4_IRQHandler
                0x60007650        0x8 ./startup/startup_mimxrt1062.o
                0x60007650                ENC4_IRQHandler
 .text.TMR1_IRQHandler
                0x60007658        0x8 ./startup/startup_mimxrt1062.o
                0x60007658                TMR1_IRQHandler
 .text.TMR2_IRQHandler
                0x60007660        0x8 ./startup/startup_mimxrt1062.o
                0x60007660                TMR2_IRQHandler
 .text.TMR3_IRQHandler
                0x60007668        0x8 ./startup/startup_mimxrt1062.o
                0x60007668                TMR3_IRQHandler
 .text.TMR4_IRQHandler
                0x60007670        0x8 ./startup/startup_mimxrt1062.o
                0x60007670                TMR4_IRQHandler
 .text.PWM2_0_IRQHandler
                0x60007678        0x8 ./startup/startup_mimxrt1062.o
                0x60007678                PWM2_0_IRQHandler
 .text.PWM2_1_IRQHandler
                0x60007680        0x8 ./startup/startup_mimxrt1062.o
                0x60007680                PWM2_1_IRQHandler
 .text.PWM2_2_IRQHandler
                0x60007688        0x8 ./startup/startup_mimxrt1062.o
                0x60007688                PWM2_2_IRQHandler
 .text.PWM2_3_IRQHandler
                0x60007690        0x8 ./startup/startup_mimxrt1062.o
                0x60007690                PWM2_3_IRQHandler
 .text.PWM2_FAULT_IRQHandler
                0x60007698        0x8 ./startup/startup_mimxrt1062.o
                0x60007698                PWM2_FAULT_IRQHandler
 .text.PWM3_0_IRQHandler
                0x600076a0        0x8 ./startup/startup_mimxrt1062.o
                0x600076a0                PWM3_0_IRQHandler
 .text.PWM3_1_IRQHandler
                0x600076a8        0x8 ./startup/startup_mimxrt1062.o
                0x600076a8                PWM3_1_IRQHandler
 .text.PWM3_2_IRQHandler
                0x600076b0        0x8 ./startup/startup_mimxrt1062.o
                0x600076b0                PWM3_2_IRQHandler
 .text.PWM3_3_IRQHandler
                0x600076b8        0x8 ./startup/startup_mimxrt1062.o
                0x600076b8                PWM3_3_IRQHandler
 .text.PWM3_FAULT_IRQHandler
                0x600076c0        0x8 ./startup/startup_mimxrt1062.o
                0x600076c0                PWM3_FAULT_IRQHandler
 .text.PWM4_0_IRQHandler
                0x600076c8        0x8 ./startup/startup_mimxrt1062.o
                0x600076c8                PWM4_0_IRQHandler
 .text.PWM4_1_IRQHandler
                0x600076d0        0x8 ./startup/startup_mimxrt1062.o
                0x600076d0                PWM4_1_IRQHandler
 .text.PWM4_2_IRQHandler
                0x600076d8        0x8 ./startup/startup_mimxrt1062.o
                0x600076d8                PWM4_2_IRQHandler
 .text.PWM4_3_IRQHandler
                0x600076e0        0x8 ./startup/startup_mimxrt1062.o
                0x600076e0                PWM4_3_IRQHandler
 .text.PWM4_FAULT_IRQHandler
                0x600076e8        0x8 ./startup/startup_mimxrt1062.o
                0x600076e8                PWM4_FAULT_IRQHandler
 .text.ENET2_IRQHandler
                0x600076f0        0x8 ./startup/startup_mimxrt1062.o
                0x600076f0                ENET2_IRQHandler
 .text.ENET2_1588_Timer_IRQHandler
                0x600076f8        0x8 ./startup/startup_mimxrt1062.o
                0x600076f8                ENET2_1588_Timer_IRQHandler
 .text.CAN3_IRQHandler
                0x60007700        0x8 ./startup/startup_mimxrt1062.o
                0x60007700                CAN3_IRQHandler
 .text.Reserved171_IRQHandler
                0x60007708        0x8 ./startup/startup_mimxrt1062.o
                0x60007708                Reserved171_IRQHandler
 .text.FLEXIO3_IRQHandler
                0x60007710        0x8 ./startup/startup_mimxrt1062.o
                0x60007710                FLEXIO3_IRQHandler
 .text.GPIO6_7_8_9_IRQHandler
                0x60007718        0x8 ./startup/startup_mimxrt1062.o
                0x60007718                GPIO6_7_8_9_IRQHandler
 .text.IOMUXC_SetPinMux
                0x60007720       0x3a ./source/MIMXRT1062_Project.o
 .text.IOMUXC_SetPinConfig
                0x6000775a       0x26 ./source/MIMXRT1062_Project.o
 .text.HardFault_Handler
                0x60007780       0x36 ./source/semihost_hardfault.o
                0x60007780                HardFault_Handler
 .text.CLOCK_IsPllBypassed
                0x600077b6       0x32 ./drivers/fsl_clock.o
 .text.CLOCK_IsPllEnabled
                0x600077e8       0x3c ./drivers/fsl_clock.o
 .text.CLOCK_GetPllBypassRefClk
                0x60007824       0x32 ./drivers/fsl_clock.o
 .text.DelayLoop
                0x60007856       0x20 ./drivers/fsl_common_arm.o
 .text._SDK_AtomicLocalClearAndSet4Byte
                0x60007876       0x50 ./drivers/fsl_gpio.o
 .text.CLOCK_EnableClock
                0x600078c6       0x1e ./drivers/fsl_gpio.o
 .text.GPIO_SetPinInterruptConfig
                0x600078e4       0x22 ./drivers/fsl_gpio.o
 .text._SDK_AtomicLocalClearAndSet4Byte
                0x60007906       0x50 ./drivers/fsl_lpuart.o
 .text.CLOCK_EnableClock
                0x60007956       0x1e ./drivers/fsl_lpuart.o
 .text.LPUART_SoftwareReset
                0x60007974       0x2c ./drivers/fsl_lpuart.o
 .text.SystemInitHook
                0x600079a0        0xe ./device/system_MIMXRT1062.o
                0x600079a0                SystemInitHook
 .text.HAL_UartGetStatus
                0x600079ae       0x28 ./component/uart/fsl_adapter_lpuart.o
 .text.DisableGlobalIRQ
                0x600079d6       0x22 ./component/serial_manager/fsl_component_serial_manager.o
 .text.EnableGlobalIRQ
                0x600079f8       0x20 ./component/serial_manager/fsl_component_serial_manager.o
 .text.SerialManager_StartWriting
                0x60007a18       0x38 ./component/serial_manager/fsl_component_serial_manager.o
 .text.SerialManager_Write
                0x60007a50       0x44 ./component/serial_manager/fsl_component_serial_manager.o
 .text.SerialManager_Init
                0x60007a94       0x60 ./component/serial_manager/fsl_component_serial_manager.o
                0x60007a94                SerialManager_Init
 .text.SerialManager_OpenWriteHandle
                0x60007af4       0x50 ./component/serial_manager/fsl_component_serial_manager.o
                0x60007af4                SerialManager_OpenWriteHandle
 .text.SerialManager_OpenReadHandle
                0x60007b44       0x60 ./component/serial_manager/fsl_component_serial_manager.o
                0x60007b44                SerialManager_OpenReadHandle
 .text.SerialManager_WriteBlocking
                0x60007ba4       0x20 ./component/serial_manager/fsl_component_serial_manager.o
                0x60007ba4                SerialManager_WriteBlocking
 .text.Serial_UartInit
                0x60007bc4       0x3e ./component/serial_manager/fsl_component_serial_port_uart.o
                0x60007bc4                Serial_UartInit
 .text.Serial_UartWrite
                0x60007c02       0x38 ./component/serial_manager/fsl_component_serial_port_uart.o
                0x60007c02                Serial_UartWrite
 .text.BOARD_InitDebugConsole
                0x60007c3a       0x22 ./board/board.o
                0x60007c3a                BOARD_InitDebugConsole
 .text._SDK_AtomicLocalClearAndSet4Byte
                0x60007c5c       0x50 ./board/clock_config.o
 .text.CLOCK_DisableClock
                0x60007cac       0x1e ./board/clock_config.o
 .text.CLOCK_SetPllBypass
                0x60007cca       0x4e ./board/clock_config.o
 .text.IOMUXC_SetSaiMClkClockSource
                0x60007d18       0x6c ./board/clock_config.o
 .text._SDK_AtomicLocalClearAndSet4Byte
                0x60007d84       0x50 ./board/pin_mux.o
 .text.CLOCK_EnableClock
                0x60007dd4       0x1e ./board/pin_mux.o
 .text.IOMUXC_SetPinMux
                0x60007df2       0x3a ./board/pin_mux.o
 .text.IOMUXC_SetPinConfig
                0x60007e2c       0x26 ./board/pin_mux.o
 .text.BOARD_InitBootPins
                0x60007e52       0x10 ./board/pin_mux.o
                0x60007e52                BOARD_InitBootPins
 .text.__main   0x60007e62        0xe C:/nxp/MCUXpressoIDE_11.10.0_3148/ide/plugins/com.nxp.mcuxpresso.tools.win32_11.10.0.202311280810/tools/bin/../lib/gcc/arm-none-eabi/13.2.1/../../../../arm-none-eabi/lib/thumb/v7e-m+fp/hard\libcr_nohost_nf.a(_cr__main.o)
                0x60007e62                __main
 .text.memcpy   0x60007e70        0x4 C:/nxp/MCUXpressoIDE_11.10.0_3148/ide/plugins/com.nxp.mcuxpresso.tools.win32_11.10.0.202311280810/tools/bin/../lib/gcc/arm-none-eabi/13.2.1/../../../../arm-none-eabi/lib/thumb/v7e-m+fp/hard\libcr_c.a(memcpy.o)
                0x60007e70                memcpy
 .text.memset   0x60007e74        0x4 C:/nxp/MCUXpressoIDE_11.10.0_3148/ide/plugins/com.nxp.mcuxpresso.tools.win32_11.10.0.202311280810/tools/bin/../lib/gcc/arm-none-eabi/13.2.1/../../../../arm-none-eabi/lib/thumb/v7e-m+fp/hard\libcr_c.a(memset.o)
                0x60007e74                memset
 .text.free     0x60007e78       0x30 C:/nxp/MCUXpressoIDE_11.10.0_3148/ide/plugins/com.nxp.mcuxpresso.tools.win32_11.10.0.202311280810/tools/bin/../lib/gcc/arm-none-eabi/13.2.1/../../../../arm-none-eabi/lib/thumb/v7e-m+fp/hard\libcr_c.a(alloc.o)
                0x60007e78                free
 .text.time     0x60007ea8        0xe C:/nxp/MCUXpressoIDE_11.10.0_3148/ide/plugins/com.nxp.mcuxpresso.tools.win32_11.10.0.202311280810/tools/bin/../lib/gcc/arm-none-eabi/13.2.1/../../../../arm-none-eabi/lib/thumb/v7e-m+fp/hard\libcr_c.a(cr_time.o)
                0x60007ea8                time
 .text.fclose   0x60007eb6       0x58 C:/nxp/MCUXpressoIDE_11.10.0_3148/ide/plugins/com.nxp.mcuxpresso.tools.win32_11.10.0.202311280810/tools/bin/../lib/gcc/arm-none-eabi/13.2.1/../../../../arm-none-eabi/lib/thumb/v7e-m+fp/hard\libcr_c.a(fclose.o)
                0x60007eb6                fclose
 .text.freopen  0x60007f0e       0x84 C:/nxp/MCUXpressoIDE_11.10.0_3148/ide/plugins/com.nxp.mcuxpresso.tools.win32_11.10.0.202311280810/tools/bin/../lib/gcc/arm-none-eabi/13.2.1/../../../../arm-none-eabi/lib/thumb/v7e-m+fp/hard\libcr_c.a(freopen.o)
                0x60007f0e                freopen
 .text.no_fp_display
                0x60007f92        0x4 C:/nxp/MCUXpressoIDE_11.10.0_3148/ide/plugins/com.nxp.mcuxpresso.tools.win32_11.10.0.202311280810/tools/bin/../lib/gcc/arm-none-eabi/13.2.1/../../../../arm-none-eabi/lib/thumb/v7e-m+fp/hard\libcr_c.a(printf.o)
 .text.remove   0x60007f96       0x14 C:/nxp/MCUXpressoIDE_11.10.0_3148/ide/plugins/com.nxp.mcuxpresso.tools.win32_11.10.0.202311280810/tools/bin/../lib/gcc/arm-none-eabi/13.2.1/../../../../arm-none-eabi/lib/thumb/v7e-m+fp/hard\libcr_c.a(remove.o)
                0x60007f96                remove
 .text.setvbuf  0x60007faa       0x3e C:/nxp/MCUXpressoIDE_11.10.0_3148/ide/plugins/com.nxp.mcuxpresso.tools.win32_11.10.0.202311280810/tools/bin/../lib/gcc/arm-none-eabi/13.2.1/../../../../arm-none-eabi/lib/thumb/v7e-m+fp/hard\libcr_c.a(setvbuf.o)
                0x60007faa                setvbuf
 .text.strlen   0x60007fe8       0x4e C:/nxp/MCUXpressoIDE_11.10.0_3148/ide/plugins/com.nxp.mcuxpresso.tools.win32_11.10.0.202311280810/tools/bin/../lib/gcc/arm-none-eabi/13.2.1/../../../../arm-none-eabi/lib/thumb/v7e-m+fp/hard\libcr_c.a(strlen.o)
                0x60007fe8                strlen
 .text._deferredlazyseek
                0x60008036       0x40 C:/nxp/MCUXpressoIDE_11.10.0_3148/ide/plugins/com.nxp.mcuxpresso.tools.win32_11.10.0.202311280810/tools/bin/../lib/gcc/arm-none-eabi/13.2.1/../../../../arm-none-eabi/lib/thumb/v7e-m+fp/hard\libcr_c.a(_deferredlazyseek.o)
                0x60008036                _deferredlazyseek
 .text.__flsbuf
                0x60008076      0x126 C:/nxp/MCUXpressoIDE_11.10.0_3148/ide/plugins/com.nxp.mcuxpresso.tools.win32_11.10.0.202311280810/tools/bin/../lib/gcc/arm-none-eabi/13.2.1/../../../../arm-none-eabi/lib/thumb/v7e-m+fp/hard\libcr_c.a(_deferredlazyseek.o)
                0x60008076                __flsbuf
 .text._do_fflush
                0x6000819c       0x40 C:/nxp/MCUXpressoIDE_11.10.0_3148/ide/plugins/com.nxp.mcuxpresso.tools.win32_11.10.0.202311280810/tools/bin/../lib/gcc/arm-none-eabi/13.2.1/../../../../arm-none-eabi/lib/thumb/v7e-m+fp/hard\libcr_c.a(_do_fflush.o)
                0x6000819c                _do_fflush
 .text._fdopen  0x600081dc       0x68 C:/nxp/MCUXpressoIDE_11.10.0_3148/ide/plugins/com.nxp.mcuxpresso.tools.win32_11.10.0.202311280810/tools/bin/../lib/gcc/arm-none-eabi/13.2.1/../../../../arm-none-eabi/lib/thumb/v7e-m+fp/hard\libcr_c.a(_fdopen.o)
                0x600081dc                _fdopen
 .text._fflush  0x60008244       0x52 C:/nxp/MCUXpressoIDE_11.10.0_3148/ide/plugins/com.nxp.mcuxpresso.tools.win32_11.10.0.202311280810/tools/bin/../lib/gcc/arm-none-eabi/13.2.1/../../../../arm-none-eabi/lib/thumb/v7e-m+fp/hard\libcr_c.a(_fflush.o)
                0x60008244                _fflush
 .text.fp_round
                0x60008296       0x4e C:/nxp/MCUXpressoIDE_11.10.0_3148/ide/plugins/com.nxp.mcuxpresso.tools.win32_11.10.0.202311280810/tools/bin/../lib/gcc/arm-none-eabi/13.2.1/../../../../arm-none-eabi/lib/thumb/v7e-m+fp/hard\libcr_c.a(fpprintf.o)
 .text.pr_dec.constprop.0
                0x600082e4       0x24 C:/nxp/MCUXpressoIDE_11.10.0_3148/ide/plugins/com.nxp.mcuxpresso.tools.win32_11.10.0.202311280810/tools/bin/../lib/gcc/arm-none-eabi/13.2.1/../../../../arm-none-eabi/lib/thumb/v7e-m+fp/hard\libcr_c.a(fpprintf.o)
 .text.__aeabi_division_uldivmod
                0x60008308      0x174 C:/nxp/MCUXpressoIDE_11.10.0_3148/ide/plugins/com.nxp.mcuxpresso.tools.win32_11.10.0.202311280810/tools/bin/../lib/gcc/arm-none-eabi/13.2.1/thumb/v7e-m+fp/hard\libcr_eabihelpers.a(division_64.o)
                0x60008308                __aeabi_uldivmod
                0x6000830c                __bhs_ldivmod1
 .text.__aeabi_division_idiv0
                0x6000847c        0x2 C:/nxp/MCUXpressoIDE_11.10.0_3148/ide/plugins/com.nxp.mcuxpresso.tools.win32_11.10.0.202311280810/tools/bin/../lib/gcc/arm-none-eabi/13.2.1/thumb/v7e-m+fp/hard\libcr_eabihelpers.a(division_idiv0.o)
                0x6000847c                __aeabi_idiv0
 .text.__aeabi_d2iz
                0x6000847e       0x42 C:/nxp/MCUXpressoIDE_11.10.0_3148/ide/plugins/com.nxp.mcuxpresso.tools.win32_11.10.0.202311280810/tools/bin/../lib/gcc/arm-none-eabi/13.2.1/thumb/v7e-m+fp/hard\libcr_eabihelpers.a(double.o)
                0x6000847e                __aeabi_d2iz
 .text.__bhs_ui2d
                0x600084c0       0x46 C:/nxp/MCUXpressoIDE_11.10.0_3148/ide/plugins/com.nxp.mcuxpresso.tools.win32_11.10.0.202311280810/tools/bin/../lib/gcc/arm-none-eabi/13.2.1/thumb/v7e-m+fp/hard\libcr_eabihelpers.a(double.o)
                0x600084c0                __bhs_ui2d
 .text.__aeabi_i2d
                0x60008506       0x10 C:/nxp/MCUXpressoIDE_11.10.0_3148/ide/plugins/com.nxp.mcuxpresso.tools.win32_11.10.0.202311280810/tools/bin/../lib/gcc/arm-none-eabi/13.2.1/thumb/v7e-m+fp/hard\libcr_eabihelpers.a(double.o)
                0x60008506                __aeabi_i2d
 .text.__aeabi_dcmpeq
                0x60008516       0x30 C:/nxp/MCUXpressoIDE_11.10.0_3148/ide/plugins/com.nxp.mcuxpresso.tools.win32_11.10.0.202311280810/tools/bin/../lib/gcc/arm-none-eabi/13.2.1/thumb/v7e-m+fp/hard\libcr_eabihelpers.a(double.o)
                0x60008516                __aeabi_dcmpeq
 .text.__aeabi_dcmplt
                0x60008546       0x56 C:/nxp/MCUXpressoIDE_11.10.0_3148/ide/plugins/com.nxp.mcuxpresso.tools.win32_11.10.0.202311280810/tools/bin/../lib/gcc/arm-none-eabi/13.2.1/thumb/v7e-m+fp/hard\libcr_eabihelpers.a(double.o)
                0x60008546                __aeabi_dcmplt
 .text.__aeabi_dcmple
                0x6000859c       0x54 C:/nxp/MCUXpressoIDE_11.10.0_3148/ide/plugins/com.nxp.mcuxpresso.tools.win32_11.10.0.202311280810/tools/bin/../lib/gcc/arm-none-eabi/13.2.1/thumb/v7e-m+fp/hard\libcr_eabihelpers.a(double.o)
                0x6000859c                __aeabi_dcmple
 .text.__aeabi_dcmpge
                0x600085f0       0x5a C:/nxp/MCUXpressoIDE_11.10.0_3148/ide/plugins/com.nxp.mcuxpresso.tools.win32_11.10.0.202311280810/tools/bin/../lib/gcc/arm-none-eabi/13.2.1/thumb/v7e-m+fp/hard\libcr_eabihelpers.a(double.o)
                0x600085f0                __aeabi_dcmpge
 .text.__aeabi_memcpy
                0x6000864a       0x34 C:/nxp/MCUXpressoIDE_11.10.0_3148/ide/plugins/com.nxp.mcuxpresso.tools.win32_11.10.0.202311280810/tools/bin/../lib/gcc/arm-none-eabi/13.2.1/thumb/v7e-m+fp/hard\libcr_eabihelpers.a(memcpy.o)
                0x6000864a                __aeabi_memcpy
                0x60008654                __aeabi_memcpy8
                0x60008654                __aeabi_memcpy4
 .text.__aeabi_memset_lowlevel
                0x6000867e       0x32 C:/nxp/MCUXpressoIDE_11.10.0_3148/ide/plugins/com.nxp.mcuxpresso.tools.win32_11.10.0.202311280810/tools/bin/../lib/gcc/arm-none-eabi/13.2.1/thumb/v7e-m+fp/hard\libcr_eabihelpers.a(memcpy.o)
                0x6000867e                __aeabi_lowlevel_memset
 .text.__sys_appexit
                0x600086b0        0x2 C:/nxp/MCUXpressoIDE_11.10.0_3148/ide/plugins/com.nxp.mcuxpresso.tools.win32_11.10.0.202311280810/tools/bin/../lib/gcc/arm-none-eabi/13.2.1/../../../../arm-none-eabi/lib/thumb/v7e-m+fp/hard\libcr_nohost_nf.a(__sys_appexit.o)
                0x600086b0                __sys_appexit
                0x600086b0                __exit
 .text.__sys_close
                0x600086b2        0x6 C:/nxp/MCUXpressoIDE_11.10.0_3148/ide/plugins/com.nxp.mcuxpresso.tools.win32_11.10.0.202311280810/tools/bin/../lib/gcc/arm-none-eabi/13.2.1/../../../../arm-none-eabi/lib/thumb/v7e-m+fp/hard\libcr_nohost_nf.a(__sys_close.o)
                0x600086b2                __sys_close
 .text.__sys_flen
                0x600086b8        0x6 C:/nxp/MCUXpressoIDE_11.10.0_3148/ide/plugins/com.nxp.mcuxpresso.tools.win32_11.10.0.202311280810/tools/bin/../lib/gcc/arm-none-eabi/13.2.1/../../../../arm-none-eabi/lib/thumb/v7e-m+fp/hard\libcr_nohost_nf.a(__sys_flen.o)
                0x600086b8                __sys_flen
 .text.__sys_istty
                0x600086be        0x6 C:/nxp/MCUXpressoIDE_11.10.0_3148/ide/plugins/com.nxp.mcuxpresso.tools.win32_11.10.0.202311280810/tools/bin/../lib/gcc/arm-none-eabi/13.2.1/../../../../arm-none-eabi/lib/thumb/v7e-m+fp/hard\libcr_nohost_nf.a(__sys_istty.o)
                0x600086be                __sys_istty
 .text.__sys_open
                0x600086c4        0x6 C:/nxp/MCUXpressoIDE_11.10.0_3148/ide/plugins/com.nxp.mcuxpresso.tools.win32_11.10.0.202311280810/tools/bin/../lib/gcc/arm-none-eabi/13.2.1/../../../../arm-none-eabi/lib/thumb/v7e-m+fp/hard\libcr_nohost_nf.a(__sys_open.o)
                0x600086c4                __sys_open
 .text.__sys_remove
                0x600086ca        0x6 C:/nxp/MCUXpressoIDE_11.10.0_3148/ide/plugins/com.nxp.mcuxpresso.tools.win32_11.10.0.202311280810/tools/bin/../lib/gcc/arm-none-eabi/13.2.1/../../../../arm-none-eabi/lib/thumb/v7e-m+fp/hard\libcr_nohost_nf.a(__sys_remove.o)
                0x600086ca                __sys_remove
 .text.__sys_seek
                0x600086d0        0x6 C:/nxp/MCUXpressoIDE_11.10.0_3148/ide/plugins/com.nxp.mcuxpresso.tools.win32_11.10.0.202311280810/tools/bin/../lib/gcc/arm-none-eabi/13.2.1/../../../../arm-none-eabi/lib/thumb/v7e-m+fp/hard\libcr_nohost_nf.a(__sys_seek.o)
                0x600086d0                __sys_seek
 .text.__sys_time
                0x600086d6        0x4 C:/nxp/MCUXpressoIDE_11.10.0_3148/ide/plugins/com.nxp.mcuxpresso.tools.win32_11.10.0.202311280810/tools/bin/../lib/gcc/arm-none-eabi/13.2.1/../../../../arm-none-eabi/lib/thumb/v7e-m+fp/hard\libcr_nohost_nf.a(__sys_time.o)
                0x600086d6                __sys_time
 .text.__sys_tmpnam
                0x600086da        0x6 C:/nxp/MCUXpressoIDE_11.10.0_3148/ide/plugins/com.nxp.mcuxpresso.tools.win32_11.10.0.202311280810/tools/bin/../lib/gcc/arm-none-eabi/13.2.1/../../../../arm-none-eabi/lib/thumb/v7e-m+fp/hard\libcr_nohost_nf.a(__sys_tmpnam.o)
                0x600086da                __sys_tmpnam
 .text.__sys_write
                0x600086e0        0x4 C:/nxp/MCUXpressoIDE_11.10.0_3148/ide/plugins/com.nxp.mcuxpresso.tools.win32_11.10.0.202311280810/tools/bin/../lib/gcc/arm-none-eabi/13.2.1/../../../../arm-none-eabi/lib/thumb/v7e-m+fp/hard\libcr_nohost_nf.a(__sys_write.o)
                0x600086e0                __sys_write
 *(SORT_BY_ALIGNMENT(.rodata) SORT_BY_ALIGNMENT(.rodata.*) SORT_BY_ALIGNMENT(.constdata) SORT_BY_ALIGNMENT(.constdata.*))
 .rodata.__assertion_failed.str1.4
                0x600086e4      0x760 ./utilities/fsl_assert.o
                                 0x14 (size before relaxing)
 .rodata.GPIO_PinRead.str1.4
                0x60008e44       0x6b ./source/MIMXRT1062_Project.o
 .rodata.str1.4
                0x60008e44       0x11 ./source/MIMXRT1062_Project.o
 .rodata.AM2120_ReadData.str1.4
                0x60008e44       0x3c ./source/MIMXRT1062_Project.o
 .rodata.saveDataToJson.str1.4
                0x60008e44       0xb1 ./source/MIMXRT1062_Project.o
 .rodata.sendToServer.str1.4
                0x60008e44       0x32 ./source/MIMXRT1062_Project.o
 .rodata.main.str1.4
                0x60008e44       0x25 ./source/MIMXRT1062_Project.o
 .rodata.CLOCK_InitExternalClk.str1.4
                0x60008e44       0x21 ./drivers/fsl_clock.o
 .rodata.CLOCK_GetPllFreq.str1.4
                0x60008e44       0x6d ./drivers/fsl_clock.o
 .rodata.enetRefClkFreq.1
                0x60008e44       0x10 ./drivers/fsl_clock.o
 .rodata.SDK_DelayAtLeastUs.str1.4
                0x60008e54       0x2b ./drivers/fsl_common_arm.o
 .rodata.CLOCK_ControlGate.str1.4
                0x60008e54       0x20 ./drivers/fsl_gpio.o
 .rodata.s_gpioBases
                0x60008e54       0x2c ./drivers/fsl_gpio.o
 .rodata.s_gpioClock
                0x60008e80        0xc ./drivers/fsl_gpio.o
 .rodata.GPIO_GetInstance.str1.4
                0x60008e8c       0x33 ./drivers/fsl_gpio.o
 .rodata.GPIO_PinWrite.str1.4
                0x60008e8c       0x1b ./drivers/fsl_gpio.o
 .rodata.CLOCK_ControlGate.str1.4
                0x60008e8c       0x20 ./drivers/fsl_lpuart.o
 .rodata.s_lpuartBases
                0x60008e8c       0x24 ./drivers/fsl_lpuart.o
 .rodata.s_lpuartClock
                0x60008eb0       0x12 ./drivers/fsl_lpuart.o
 .rodata.LPUART_GetInstance.str1.4
                0x60008ec2       0x38 ./drivers/fsl_lpuart.o
 .rodata.LPUART_Init.str1.4
                0x60008ec2      0x10a ./drivers/fsl_lpuart.o
 .rodata.LPUART_GetDefaultConfig.str1.4
                0x60008ec2       0x22 ./drivers/fsl_lpuart.o
 .rodata.LPUART_WriteBlocking.str1.4
                0x60008ec2       0x21 ./drivers/fsl_lpuart.o
 *fill*         0x60008ec2        0x2 ff
 .rodata.s_LpuartAdapterBase
                0x60008ec4       0x24 ./component/uart/fsl_adapter_lpuart.o
 .rodata.HAL_UartInit.str1.4
                0x60008ee8      0x116 ./component/uart/fsl_adapter_lpuart.o
 .rodata.HAL_UartSendBlocking.str1.4
                0x60008ee8       0x7b ./component/uart/fsl_adapter_lpuart.o
 .rodata.CLOCK_SetMux.str1.4
                0x60008ee8       0x81 ./board/clock_config.o
 .rodata.CLOCK_SetDiv.str1.4
                0x60008ee8       0x81 ./board/clock_config.o
 .rodata.CLOCK_ControlGate.str1.4
                0x60008ee8       0x70 ./board/clock_config.o
 .rodata.armPllConfig_BOARD_BootClockRUN
                0x60008ee8        0x8 ./board/clock_config.o
                0x60008ee8                armPllConfig_BOARD_BootClockRUN
 .rodata.sysPllConfig_BOARD_BootClockRUN
                0x60008ef0       0x14 ./board/clock_config.o
                0x60008ef0                sysPllConfig_BOARD_BootClockRUN
 .rodata.CLOCK_ControlGate.str1.4
                0x60008f04       0x70 ./board/pin_mux.o
 .rodata.fullmonth
                0x60008f04       0x30 C:/nxp/MCUXpressoIDE_11.10.0_3148/ide/plugins/com.nxp.mcuxpresso.tools.win32_11.10.0.202311280810/tools/bin/../lib/gcc/arm-none-eabi/13.2.1/../../../../arm-none-eabi/lib/thumb/v7e-m+fp/hard\libcr_c.a(locale.o)
 .rodata.abbrmonth
                0x60008f34       0x30 C:/nxp/MCUXpressoIDE_11.10.0_3148/ide/plugins/com.nxp.mcuxpresso.tools.win32_11.10.0.202311280810/tools/bin/../lib/gcc/arm-none-eabi/13.2.1/../../../../arm-none-eabi/lib/thumb/v7e-m+fp/hard\libcr_c.a(locale.o)
 .rodata.fullweek
                0x60008f64       0x1c C:/nxp/MCUXpressoIDE_11.10.0_3148/ide/plugins/com.nxp.mcuxpresso.tools.win32_11.10.0.202311280810/tools/bin/../lib/gcc/arm-none-eabi/13.2.1/../../../../arm-none-eabi/lib/thumb/v7e-m+fp/hard\libcr_c.a(locale.o)
 .rodata.abbrweek
                0x60008f80       0x1c C:/nxp/MCUXpressoIDE_11.10.0_3148/ide/plugins/com.nxp.mcuxpresso.tools.win32_11.10.0.202311280810/tools/bin/../lib/gcc/arm-none-eabi/13.2.1/../../../../arm-none-eabi/lib/thumb/v7e-m+fp/hard\libcr_c.a(locale.o)
 .rodata.monlen
                0x60008f9c       0x34 C:/nxp/MCUXpressoIDE_11.10.0_3148/ide/plugins/com.nxp.mcuxpresso.tools.win32_11.10.0.202311280810/tools/bin/../lib/gcc/arm-none-eabi/13.2.1/../../../../arm-none-eabi/lib/thumb/v7e-m+fp/hard\libcr_c.a(time.o)
 .rodata.__num_Ciob_streams
                0x60008fd0        0x4 C:/nxp/MCUXpressoIDE_11.10.0_3148/ide/plugins/com.nxp.mcuxpresso.tools.win32_11.10.0.202311280810/tools/bin/../lib/gcc/arm-none-eabi/13.2.1/../../../../arm-none-eabi/lib/thumb/v7e-m+fp/hard\libcr_nohost_nf.a(__ciob.o)
                0x60008fd0                __num_Ciob_streams
 .rodata._Csys_alloc.str1.1
                0x60008fd4      0x19a C:/nxp/MCUXpressoIDE_11.10.0_3148/ide/plugins/com.nxp.mcuxpresso.tools.win32_11.10.0.202311280810/tools/bin/../lib/gcc/arm-none-eabi/13.2.1/../../../../arm-none-eabi/lib/thumb/v7e-m+fp/hard\libcr_c.a(alloc.o)
                                 0x18 (size before relaxing)
 .rodata._initio.str1.1
                0x6000916e        0x4 C:/nxp/MCUXpressoIDE_11.10.0_3148/ide/plugins/com.nxp.mcuxpresso.tools.win32_11.10.0.202311280810/tools/bin/../lib/gcc/arm-none-eabi/13.2.1/../../../../arm-none-eabi/lib/thumb/v7e-m+fp/hard\libcr_c.a(initio.o)
 .rodata.strftime.str1.1
                0x6000916e       0x54 C:/nxp/MCUXpressoIDE_11.10.0_3148/ide/plugins/com.nxp.mcuxpresso.tools.win32_11.10.0.202311280810/tools/bin/../lib/gcc/arm-none-eabi/13.2.1/../../../../arm-none-eabi/lib/thumb/v7e-m+fp/hard\libcr_c.a(locale.o)
 .rodata.str1.1
                0x6000916e       0xda C:/nxp/MCUXpressoIDE_11.10.0_3148/ide/plugins/com.nxp.mcuxpresso.tools.win32_11.10.0.202311280810/tools/bin/../lib/gcc/arm-none-eabi/13.2.1/../../../../arm-none-eabi/lib/thumb/v7e-m+fp/hard\libcr_c.a(locale.o)
 .rodata.__vfprintf.str1.1
                0x6000916e       0x38 C:/nxp/MCUXpressoIDE_11.10.0_3148/ide/plugins/com.nxp.mcuxpresso.tools.win32_11.10.0.202311280810/tools/bin/../lib/gcc/arm-none-eabi/13.2.1/../../../../arm-none-eabi/lib/thumb/v7e-m+fp/hard\libcr_c.a(printf.o)
 .rodata.fp_display.str1.1
                0x6000916e       0x35 C:/nxp/MCUXpressoIDE_11.10.0_3148/ide/plugins/com.nxp.mcuxpresso.tools.win32_11.10.0.202311280810/tools/bin/../lib/gcc/arm-none-eabi/13.2.1/../../../../arm-none-eabi/lib/thumb/v7e-m+fp/hard\libcr_c.a(fpprintf.o)
                0x60009248                        . = ALIGN (0x4)
 *fill*         0x6000916e        0x2 ff

.glue_7         0x60009170        0x0
 .glue_7        0x60009170        0x0 linker stubs

.glue_7t        0x60009170        0x0
 .glue_7t       0x60009170        0x0 linker stubs

.vfp11_veneer   0x60009170        0x0
 .vfp11_veneer  0x60009170        0x0 linker stubs

.v4_bx          0x60009170        0x0
 .v4_bx         0x60009170        0x0 linker stubs

.iplt           0x60009170        0x0
 .iplt          0x60009170        0x0 ./xip/fsl_flexspi_nor_boot.o

.rel.dyn        0x60009170        0x0
 .rel.iplt      0x60009170        0x0 ./xip/fsl_flexspi_nor_boot.o

.ARM.extab
 *(SORT_BY_ALIGNMENT(.ARM.extab*) SORT_BY_ALIGNMENT(.gnu.linkonce.armextab.*))

.ARM.exidx      0x60009170        0x0
                0x60009170                        __exidx_start = .
 *(SORT_BY_ALIGNMENT(.ARM.exidx*) SORT_BY_ALIGNMENT(.gnu.linkonce.armexidx.*))
                0x60009170                        __exidx_end = .
                0x60009170                        _etext = .

.data_RAM2      0x00000000        0x0 load address 0x60009170
 FILL mask 0xff
                [!provide]                        PROVIDE (__start_data_RAM2 = .)
                [!provide]                        PROVIDE (__start_data_SRAM_ITC = .)
 *(SORT_BY_ALIGNMENT(.ramfunc.$RAM2))
 *(SORT_BY_ALIGNMENT(.ramfunc.$SRAM_ITC))
 *(SORT_BY_ALIGNMENT(.data.$RAM2))
 *(SORT_BY_ALIGNMENT(.data.$SRAM_ITC))
 *(SORT_BY_ALIGNMENT(.data.$RAM2.*))
 *(SORT_BY_ALIGNMENT(.data.$SRAM_ITC.*))
                0x00000000                        . = ALIGN (0x4)
                [!provide]                        PROVIDE (__end_data_RAM2 = .)
                [!provide]                        PROVIDE (__end_data_SRAM_ITC = .)

.data_RAM3      0x20200000        0x0 load address 0x60009170
 FILL mask 0xff
                [!provide]                        PROVIDE (__start_data_RAM3 = .)
                [!provide]                        PROVIDE (__start_data_SRAM_OC2 = .)
 *(SORT_BY_ALIGNMENT(.ramfunc.$RAM3))
 *(SORT_BY_ALIGNMENT(.ramfunc.$SRAM_OC2))
 *(SORT_BY_ALIGNMENT(.data.$RAM3))
 *(SORT_BY_ALIGNMENT(.data.$SRAM_OC2))
 *(SORT_BY_ALIGNMENT(.data.$RAM3.*))
 *(SORT_BY_ALIGNMENT(.data.$SRAM_OC2.*))
                0x20200000                        . = ALIGN (0x4)
                [!provide]                        PROVIDE (__end_data_RAM3 = .)
                [!provide]                        PROVIDE (__end_data_SRAM_OC2 = .)

.data_RAM4      0x20280000        0x0 load address 0x60009170
 FILL mask 0xff
                [!provide]                        PROVIDE (__start_data_RAM4 = .)
                [!provide]                        PROVIDE (__start_data_SRAM_OC = .)
 *(SORT_BY_ALIGNMENT(.ramfunc.$RAM4))
 *(SORT_BY_ALIGNMENT(.ramfunc.$SRAM_OC))
 *(SORT_BY_ALIGNMENT(.data.$RAM4))
 *(SORT_BY_ALIGNMENT(.data.$SRAM_OC))
 *(SORT_BY_ALIGNMENT(.data.$RAM4.*))
 *(SORT_BY_ALIGNMENT(.data.$SRAM_OC.*))
                0x20280000                        . = ALIGN (0x4)
                [!provide]                        PROVIDE (__end_data_RAM4 = .)
                [!provide]                        PROVIDE (__end_data_SRAM_OC = .)

.data_RAM5      0x80000000        0x0 load address 0x60009170
 FILL mask 0xff
                [!provide]                        PROVIDE (__start_data_RAM5 = .)
                [!provide]                        PROVIDE (__start_data_BOARD_SDRAM = .)
 *(SORT_BY_ALIGNMENT(.ramfunc.$RAM5))
 *(SORT_BY_ALIGNMENT(.ramfunc.$BOARD_SDRAM))
 *(SORT_BY_ALIGNMENT(.data.$RAM5))
 *(SORT_BY_ALIGNMENT(.data.$BOARD_SDRAM))
 *(SORT_BY_ALIGNMENT(.data.$RAM5.*))
 *(SORT_BY_ALIGNMENT(.data.$BOARD_SDRAM.*))
                0x80000000                        . = ALIGN (0x4)
                [!provide]                        PROVIDE (__end_data_RAM5 = .)
                [!provide]                        PROVIDE (__end_data_BOARD_SDRAM = .)

.data_RAM6      0x81e00000        0x0 load address 0x60009170
 FILL mask 0xff
                [!provide]                        PROVIDE (__start_data_RAM6 = .)
                [!provide]                        PROVIDE (__start_data_NCACHE_REGION = .)
 *(SORT_BY_ALIGNMENT(.ramfunc.$RAM6))
 *(SORT_BY_ALIGNMENT(.ramfunc.$NCACHE_REGION))
 *(SORT_BY_ALIGNMENT(.data.$RAM6))
 *(SORT_BY_ALIGNMENT(.data.$NCACHE_REGION))
 *(SORT_BY_ALIGNMENT(.data.$RAM6.*))
 *(SORT_BY_ALIGNMENT(.data.$NCACHE_REGION.*))
                0x81e00000                        . = ALIGN (0x4)
                [!provide]                        PROVIDE (__end_data_RAM6 = .)
                [!provide]                        PROVIDE (__end_data_NCACHE_REGION = .)

.uninit_RESERVED
                0x20000000        0x0
                0x20000000                        _start_uninit_RESERVED = .
 *(SORT_BY_ALIGNMENT(.bss.$RESERVED*))
                0x20000000                        . = ALIGN (0x4)
                0x20000000                        _end_uninit_RESERVED = .

.data           0x20000000        0x8 load address 0x60009170
 FILL mask 0xff
                0x20000000                        _data = .
                [!provide]                        PROVIDE (__start_data_RAM = .)
                [!provide]                        PROVIDE (__start_data_SRAM_DTC = .)
 *(SORT_BY_ALIGNMENT(vtable))
 *(SORT_BY_ALIGNMENT(.ramfunc*))
 *(SORT_BY_ALIGNMENT(CodeQuickAccess))
 *(SORT_BY_ALIGNMENT(DataQuickAccess))
 *(SORT_BY_ALIGNMENT(RamFunction))
 *(SORT_BY_ALIGNMENT(.data*))
 .data.filename
                0x20000000        0x4 ./source/MIMXRT1062_Project.o
                0x20000000                filename
 .data.SystemCoreClock
                0x20000004        0x4 ./device/system_MIMXRT1062.o
                0x20000004                SystemCoreClock
                0x20000008                        . = ALIGN (0x4)
                0x20000008                        _edata = .
                [!provide]                        PROVIDE (__end_data_RAM = .)
                [!provide]                        PROVIDE (__end_data_SRAM_DTC = .)

.igot.plt       0x20000008        0x0 load address 0x60009178
 .igot.plt      0x20000008        0x0 ./xip/fsl_flexspi_nor_boot.o

.bss_RAM2       0x00000000        0x0
                [!provide]                        PROVIDE (__start_bss_RAM2 = .)
                [!provide]                        PROVIDE (__start_bss_SRAM_ITC = .)
 *(SORT_BY_ALIGNMENT(.bss.$RAM2))
 *(SORT_BY_ALIGNMENT(.bss.$SRAM_ITC))
 *(SORT_BY_ALIGNMENT(.bss.$RAM2.*))
 *(SORT_BY_ALIGNMENT(.bss.$SRAM_ITC.*))
                0x00000000                        . = ALIGN ((. != 0x0)?0x4:0x1)
                [!provide]                        PROVIDE (__end_bss_RAM2 = .)
                [!provide]                        PROVIDE (__end_bss_SRAM_ITC = .)

.bss_RAM3       0x20200000        0x0
                [!provide]                        PROVIDE (__start_bss_RAM3 = .)
                [!provide]                        PROVIDE (__start_bss_SRAM_OC2 = .)
 *(SORT_BY_ALIGNMENT(.bss.$RAM3))
 *(SORT_BY_ALIGNMENT(.bss.$SRAM_OC2))
 *(SORT_BY_ALIGNMENT(.bss.$RAM3.*))
 *(SORT_BY_ALIGNMENT(.bss.$SRAM_OC2.*))
                0x20200000                        . = ALIGN ((. != 0x0)?0x4:0x1)
                [!provide]                        PROVIDE (__end_bss_RAM3 = .)
                [!provide]                        PROVIDE (__end_bss_SRAM_OC2 = .)

.bss_RAM4       0x20280000        0x0
                [!provide]                        PROVIDE (__start_bss_RAM4 = .)
                [!provide]                        PROVIDE (__start_bss_SRAM_OC = .)
 *(SORT_BY_ALIGNMENT(.bss.$RAM4))
 *(SORT_BY_ALIGNMENT(.bss.$SRAM_OC))
 *(SORT_BY_ALIGNMENT(.bss.$RAM4.*))
 *(SORT_BY_ALIGNMENT(.bss.$SRAM_OC.*))
                0x20280000                        . = ALIGN ((. != 0x0)?0x4:0x1)
                [!provide]                        PROVIDE (__end_bss_RAM4 = .)
                [!provide]                        PROVIDE (__end_bss_SRAM_OC = .)

.bss_RAM5       0x80000000        0x0
                [!provide]                        PROVIDE (__start_bss_RAM5 = .)
                [!provide]                        PROVIDE (__start_bss_BOARD_SDRAM = .)
 *(SORT_BY_ALIGNMENT(.bss.$RAM5))
 *(SORT_BY_ALIGNMENT(.bss.$BOARD_SDRAM))
 *(SORT_BY_ALIGNMENT(.bss.$RAM5.*))
 *(SORT_BY_ALIGNMENT(.bss.$BOARD_SDRAM.*))
                0x80000000                        . = ALIGN ((. != 0x0)?0x4:0x1)
                [!provide]                        PROVIDE (__end_bss_RAM5 = .)
                [!provide]                        PROVIDE (__end_bss_BOARD_SDRAM = .)

.bss_RAM6       0x81e00000        0x0
                [!provide]                        PROVIDE (__start_bss_RAM6 = .)
                [!provide]                        PROVIDE (__start_bss_NCACHE_REGION = .)
 *(SORT_BY_ALIGNMENT(.bss.$RAM6))
 *(SORT_BY_ALIGNMENT(.bss.$NCACHE_REGION))
 *(SORT_BY_ALIGNMENT(.bss.$RAM6.*))
 *(SORT_BY_ALIGNMENT(.bss.$NCACHE_REGION.*))
                0x81e00000                        . = ALIGN ((. != 0x0)?0x4:0x1)
                [!provide]                        PROVIDE (__end_bss_RAM6 = .)
                [!provide]                        PROVIDE (__end_bss_NCACHE_REGION = .)

.bss            0x20000008      0x15c
                0x20000008                        _bss = .
                [!provide]                        PROVIDE (__start_bss_RAM = .)
                [!provide]                        PROVIDE (__start_bss_SRAM_DTC = .)
 *(SORT_BY_ALIGNMENT(.bss*))
 .bss.s_debugConsoleState
                0x20000008       0x20 ./utilities/fsl_debug_console.o
 .bss.g_serialHandle
                0x20000028        0x4 ./utilities/fsl_debug_console.o
                0x20000028                g_serialHandle
 .bss.g_xtalFreq
                0x2000002c        0x4 ./drivers/fsl_clock.o
                0x2000002c                g_xtalFreq
 .bss.g_rtcXtalFreq
                0x20000030        0x4 ./drivers/fsl_clock.o
                0x20000030                g_rtcXtalFreq
 .bss.s_lpuartHandle
                0x20000034       0x24 ./drivers/fsl_lpuart.o
                0x20000034                s_lpuartHandle